<?xml version="1.0" encoding="ISO-8859-1" ?>
<link_info>
   <banner>MSP430 Linker PC v21.6.1.LTS</banner>
   <copyright>Copyright (c) 2003-2018 Texas Instruments Incorporated</copyright>
   <link_time>0x6934230b</link_time>
   <link_errors>0x0</link_errors>
   <output_file>Project 10_c.out</output_file>
   <entry_point>
      <name>_c_int00_noargs_mpu</name>
      <address>0xb696</address>
   </entry_point>
   <input_file_list>
      <input_file id="fl-2">
         <path>.\</path>
         <kind>object</kind>
         <file>ADC.obj</file>
         <name>ADC.obj</name>
      </input_file>
      <input_file id="fl-3">
         <path>.\</path>
         <kind>object</kind>
         <file>DAC.obj</file>
         <name>DAC.obj</name>
      </input_file>
      <input_file id="fl-4">
         <path>.\</path>
         <kind>object</kind>
         <file>DAC_test.obj</file>
         <name>DAC_test.obj</name>
      </input_file>
      <input_file id="fl-5">
         <path>.\</path>
         <kind>object</kind>
         <file>Display.obj</file>
         <name>Display.obj</name>
      </input_file>
      <input_file id="fl-6">
         <path>.\</path>
         <kind>object</kind>
         <file>PWM.obj</file>
         <name>PWM.obj</name>
      </input_file>
      <input_file id="fl-7">
         <path>.\</path>
         <kind>object</kind>
         <file>UART.obj</file>
         <name>UART.obj</name>
      </input_file>
      <input_file id="fl-8">
         <path>.\</path>
         <kind>object</kind>
         <file>bootup.obj</file>
         <name>bootup.obj</name>
      </input_file>
      <input_file id="fl-9">
         <path>.\</path>
         <kind>object</kind>
         <file>calibration.obj</file>
         <name>calibration.obj</name>
      </input_file>
      <input_file id="fl-a">
         <path>.\</path>
         <kind>object</kind>
         <file>clocks.obj</file>
         <name>clocks.obj</name>
      </input_file>
      <input_file id="fl-b">
         <path>.\</path>
         <kind>object</kind>
         <file>init.obj</file>
         <name>init.obj</name>
      </input_file>
      <input_file id="fl-c">
         <path>.\</path>
         <kind>object</kind>
         <file>interrupts_ADC.obj</file>
         <name>interrupts_ADC.obj</name>
      </input_file>
      <input_file id="fl-d">
         <path>.\</path>
         <kind>object</kind>
         <file>interrupts_UART.obj</file>
         <name>interrupts_UART.obj</name>
      </input_file>
      <input_file id="fl-e">
         <path>.\</path>
         <kind>object</kind>
         <file>interrupts_switches.obj</file>
         <name>interrupts_switches.obj</name>
      </input_file>
      <input_file id="fl-f">
         <path>.\</path>
         <kind>object</kind>
         <file>interrupts_timers.obj</file>
         <name>interrupts_timers.obj</name>
      </input_file>
      <input_file id="fl-10">
         <path>.\</path>
         <kind>object</kind>
         <file>led.obj</file>
         <name>led.obj</name>
      </input_file>
      <input_file id="fl-11">
         <path>.\</path>
         <kind>object</kind>
         <file>main.obj</file>
         <name>main.obj</name>
      </input_file>
      <input_file id="fl-12">
         <path>.\</path>
         <kind>object</kind>
         <file>menu.obj</file>
         <name>menu.obj</name>
      </input_file>
      <input_file id="fl-13">
         <path>.\</path>
         <kind>object</kind>
         <file>ports.obj</file>
         <name>ports.obj</name>
      </input_file>
      <input_file id="fl-14">
         <path>.\</path>
         <kind>object</kind>
         <file>queue.obj</file>
         <name>queue.obj</name>
      </input_file>
      <input_file id="fl-15">
         <path>.\</path>
         <kind>object</kind>
         <file>switches.obj</file>
         <name>switches.obj</name>
      </input_file>
      <input_file id="fl-16">
         <path>.\</path>
         <kind>object</kind>
         <file>system.obj</file>
         <name>system.obj</name>
      </input_file>
      <input_file id="fl-17">
         <path>.\</path>
         <kind>object</kind>
         <file>timers_b0.obj</file>
         <name>timers_b0.obj</name>
      </input_file>
      <input_file id="fl-18">
         <path>.\</path>
         <kind>object</kind>
         <file>timers_b3.obj</file>
         <name>timers_b3.obj</name>
      </input_file>
      <input_file id="fl-19">
         <path>.\</path>
         <kind>object</kind>
         <file>wheels.obj</file>
         <name>wheels.obj</name>
      </input_file>
      <input_file id="fl-1a">
         <path>..\Compiled\</path>
         <kind>object</kind>
         <file>LCD.obj</file>
         <name>LCD.obj</name>
      </input_file>
      <input_file id="fl-20">
         <kind>object</kind>
         <file>&lt;internal&gt;</file>
         <name>&lt;internal&gt;</name>
      </input_file>
      <input_file id="fl-3b">
         <path>C:\ti\ccs1281\ccs\tools\compiler\ti-cgt-msp430_21.6.1.LTS\lib\</path>
         <kind>archive</kind>
         <file>rts430x_lc_sd_eabi.lib</file>
         <name>copy_decompress_lzss.c.obj</name>
      </input_file>
      <input_file id="fl-3c">
         <path>C:\ti\ccs1281\ccs\tools\compiler\ti-cgt-msp430_21.6.1.LTS\lib\</path>
         <kind>archive</kind>
         <file>rts430x_lc_sd_eabi.lib</file>
         <name>copy_decompress_none.c.obj</name>
      </input_file>
      <input_file id="fl-3d">
         <path>C:\ti\ccs1281\ccs\tools\compiler\ti-cgt-msp430_21.6.1.LTS\lib\</path>
         <kind>archive</kind>
         <file>rts430x_lc_sd_eabi.lib</file>
         <name>int23.asm.obj</name>
      </input_file>
      <input_file id="fl-3e">
         <path>C:\ti\ccs1281\ccs\tools\compiler\ti-cgt-msp430_21.6.1.LTS\lib\</path>
         <kind>archive</kind>
         <file>rts430x_lc_sd_eabi.lib</file>
         <name>isr_trap.asm.obj</name>
      </input_file>
      <input_file id="fl-3f">
         <path>C:\ti\ccs1281\ccs\tools\compiler\ti-cgt-msp430_21.6.1.LTS\lib\</path>
         <kind>archive</kind>
         <file>rts430x_lc_sd_eabi.lib</file>
         <name>int25.asm.obj</name>
      </input_file>
      <input_file id="fl-40">
         <path>C:\ti\ccs1281\ccs\tools\compiler\ti-cgt-msp430_21.6.1.LTS\lib\</path>
         <kind>archive</kind>
         <file>rts430x_lc_sd_eabi.lib</file>
         <name>int26.asm.obj</name>
      </input_file>
      <input_file id="fl-41">
         <path>C:\ti\ccs1281\ccs\tools\compiler\ti-cgt-msp430_21.6.1.LTS\lib\</path>
         <kind>archive</kind>
         <file>rts430x_lc_sd_eabi.lib</file>
         <name>int27.asm.obj</name>
      </input_file>
      <input_file id="fl-42">
         <path>C:\ti\ccs1281\ccs\tools\compiler\ti-cgt-msp430_21.6.1.LTS\lib\</path>
         <kind>archive</kind>
         <file>rts430x_lc_sd_eabi.lib</file>
         <name>int28.asm.obj</name>
      </input_file>
      <input_file id="fl-43">
         <path>C:\ti\ccs1281\ccs\tools\compiler\ti-cgt-msp430_21.6.1.LTS\lib\</path>
         <kind>archive</kind>
         <file>rts430x_lc_sd_eabi.lib</file>
         <name>int30.asm.obj</name>
      </input_file>
      <input_file id="fl-44">
         <path>C:\ti\ccs1281\ccs\tools\compiler\ti-cgt-msp430_21.6.1.LTS\lib\</path>
         <kind>archive</kind>
         <file>rts430x_lc_sd_eabi.lib</file>
         <name>int31.asm.obj</name>
      </input_file>
      <input_file id="fl-45">
         <path>C:\ti\ccs1281\ccs\tools\compiler\ti-cgt-msp430_21.6.1.LTS\lib\</path>
         <kind>archive</kind>
         <file>rts430x_lc_sd_eabi.lib</file>
         <name>int34.asm.obj</name>
      </input_file>
      <input_file id="fl-46">
         <path>C:\ti\ccs1281\ccs\tools\compiler\ti-cgt-msp430_21.6.1.LTS\lib\</path>
         <kind>archive</kind>
         <file>rts430x_lc_sd_eabi.lib</file>
         <name>int35.asm.obj</name>
      </input_file>
      <input_file id="fl-47">
         <path>C:\ti\ccs1281\ccs\tools\compiler\ti-cgt-msp430_21.6.1.LTS\lib\</path>
         <kind>archive</kind>
         <file>rts430x_lc_sd_eabi.lib</file>
         <name>int36.asm.obj</name>
      </input_file>
      <input_file id="fl-48">
         <path>C:\ti\ccs1281\ccs\tools\compiler\ti-cgt-msp430_21.6.1.LTS\lib\</path>
         <kind>archive</kind>
         <file>rts430x_lc_sd_eabi.lib</file>
         <name>int37.asm.obj</name>
      </input_file>
      <input_file id="fl-49">
         <path>C:\ti\ccs1281\ccs\tools\compiler\ti-cgt-msp430_21.6.1.LTS\lib\</path>
         <kind>archive</kind>
         <file>rts430x_lc_sd_eabi.lib</file>
         <name>int44.asm.obj</name>
      </input_file>
      <input_file id="fl-4a">
         <path>C:\ti\ccs1281\ccs\tools\compiler\ti-cgt-msp430_21.6.1.LTS\lib\</path>
         <kind>archive</kind>
         <file>rts430x_lc_sd_eabi.lib</file>
         <name>int45.asm.obj</name>
      </input_file>
      <input_file id="fl-4b">
         <path>C:\ti\ccs1281\ccs\tools\compiler\ti-cgt-msp430_21.6.1.LTS\lib\</path>
         <kind>archive</kind>
         <file>rts430x_lc_sd_eabi.lib</file>
         <name>copy_zero_init.c.obj</name>
      </input_file>
      <input_file id="fl-4c">
         <path>C:\ti\ccs1281\ccs\tools\compiler\ti-cgt-msp430_21.6.1.LTS\lib\</path>
         <kind>archive</kind>
         <file>rts430x_lc_sd_eabi.lib</file>
         <name>cpy_util.asm.obj</name>
      </input_file>
      <input_file id="fl-4d">
         <path>C:\ti\ccs1281\ccs\tools\compiler\ti-cgt-msp430_21.6.1.LTS\lib\</path>
         <kind>archive</kind>
         <file>rts430x_lc_sd_eabi.lib</file>
         <name>div16s.asm.obj</name>
      </input_file>
      <input_file id="fl-4e">
         <path>C:\ti\ccs1281\ccs\tools\compiler\ti-cgt-msp430_21.6.1.LTS\lib\</path>
         <kind>archive</kind>
         <file>rts430x_lc_sd_eabi.lib</file>
         <name>div16u.asm.obj</name>
      </input_file>
      <input_file id="fl-4f">
         <path>C:\ti\ccs1281\ccs\tools\compiler\ti-cgt-msp430_21.6.1.LTS\lib\</path>
         <kind>archive</kind>
         <file>rts430x_lc_sd_eabi.lib</file>
         <name>div32u.asm.obj</name>
      </input_file>
      <input_file id="fl-50">
         <path>C:\ti\ccs1281\ccs\tools\compiler\ti-cgt-msp430_21.6.1.LTS\lib\</path>
         <kind>archive</kind>
         <file>rts430x_lc_sd_eabi.lib</file>
         <name>mult16.asm.obj</name>
      </input_file>
      <input_file id="fl-51">
         <path>C:\ti\ccs1281\ccs\tools\compiler\ti-cgt-msp430_21.6.1.LTS\lib\</path>
         <kind>archive</kind>
         <file>rts430x_lc_sd_eabi.lib</file>
         <name>mult16_f5hw.asm.obj</name>
      </input_file>
      <input_file id="fl-52">
         <path>C:\ti\ccs1281\ccs\tools\compiler\ti-cgt-msp430_21.6.1.LTS\lib\</path>
         <kind>archive</kind>
         <file>rts430x_lc_sd_eabi.lib</file>
         <name>mult32_f5hw.asm.obj</name>
      </input_file>
      <input_file id="fl-53">
         <path>C:\ti\ccs1281\ccs\tools\compiler\ti-cgt-msp430_21.6.1.LTS\lib\</path>
         <kind>archive</kind>
         <file>rts430x_lc_sd_eabi.lib</file>
         <name>mult64_f5hw.asm.obj</name>
      </input_file>
      <input_file id="fl-54">
         <path>C:\ti\ccs1281\ccs\tools\compiler\ti-cgt-msp430_21.6.1.LTS\lib\</path>
         <kind>archive</kind>
         <file>rts430x_lc_sd_eabi.lib</file>
         <name>mult1632_f5hw.asm.obj</name>
      </input_file>
      <input_file id="fl-55">
         <path>C:\ti\ccs1281\ccs\tools\compiler\ti-cgt-msp430_21.6.1.LTS\lib\</path>
         <kind>archive</kind>
         <file>rts430x_lc_sd_eabi.lib</file>
         <name>mult3264_f5hw.asm.obj</name>
      </input_file>
      <input_file id="fl-56">
         <path>C:\ti\ccs1281\ccs\tools\compiler\ti-cgt-msp430_21.6.1.LTS\lib\</path>
         <kind>archive</kind>
         <file>rts430x_lc_sd_eabi.lib</file>
         <name>boot.c.obj</name>
      </input_file>
      <input_file id="fl-57">
         <path>C:\ti\ccs1281\ccs\ccs_base\msp430\lib\FR2xx\</path>
         <kind>archive</kind>
         <file>FRWP_INIT_LIB_CCS_msp430_large_code_small_data.lib</file>
         <name>frwp_init.obj</name>
      </input_file>
      <input_file id="fl-58">
         <path>C:\ti\ccs1281\ccs\tools\compiler\ti-cgt-msp430_21.6.1.LTS\lib\</path>
         <kind>archive</kind>
         <file>rts430x_lc_sd_eabi.lib</file>
         <name>args_main.c.obj</name>
      </input_file>
      <input_file id="fl-59">
         <path>C:\ti\ccs1281\ccs\tools\compiler\ti-cgt-msp430_21.6.1.LTS\lib\</path>
         <kind>archive</kind>
         <file>rts430x_lc_sd_eabi.lib</file>
         <name>autoinit.c.obj</name>
      </input_file>
      <input_file id="fl-5a">
         <path>C:\ti\ccs1281\ccs\tools\compiler\ti-cgt-msp430_21.6.1.LTS\lib\</path>
         <kind>archive</kind>
         <file>rts430x_lc_sd_eabi.lib</file>
         <name>startup.c.obj</name>
      </input_file>
      <input_file id="fl-5b">
         <path>C:\ti\ccs1281\ccs\tools\compiler\ti-cgt-msp430_21.6.1.LTS\lib\</path>
         <kind>archive</kind>
         <file>rts430x_lc_sd_eabi.lib</file>
         <name>pre_init.c.obj</name>
      </input_file>
      <input_file id="fl-5c">
         <path>C:\ti\ccs1281\ccs\tools\compiler\ti-cgt-msp430_21.6.1.LTS\lib\</path>
         <kind>archive</kind>
         <file>rts430x_lc_sd_eabi.lib</file>
         <name>abs.c.obj</name>
      </input_file>
      <input_file id="fl-5d">
         <path>C:\ti\ccs1281\ccs\tools\compiler\ti-cgt-msp430_21.6.1.LTS\lib\</path>
         <kind>archive</kind>
         <file>rts430x_lc_sd_eabi.lib</file>
         <name>cpy_tbl.c.obj</name>
      </input_file>
      <input_file id="fl-5e">
         <path>C:\ti\ccs1281\ccs\tools\compiler\ti-cgt-msp430_21.6.1.LTS\lib\</path>
         <kind>archive</kind>
         <file>rts430x_lc_sd_eabi.lib</file>
         <name>exit.c.obj</name>
      </input_file>
      <input_file id="fl-5f">
         <path>C:\ti\ccs1281\ccs\tools\compiler\ti-cgt-msp430_21.6.1.LTS\lib\</path>
         <kind>archive</kind>
         <file>rts430x_lc_sd_eabi.lib</file>
         <name>exit_gvars.c.obj</name>
      </input_file>
      <input_file id="fl-60">
         <path>C:\ti\ccs1281\ccs\tools\compiler\ti-cgt-msp430_21.6.1.LTS\lib\</path>
         <kind>archive</kind>
         <file>rts430x_lc_sd_eabi.lib</file>
         <name>_lock.c.obj</name>
      </input_file>
      <input_file id="fl-61">
         <path>C:\ti\ccs1281\ccs\tools\compiler\ti-cgt-msp430_21.6.1.LTS\lib\</path>
         <kind>archive</kind>
         <file>rts430x_lc_sd_eabi.lib</file>
         <name>memcpy.c.obj</name>
      </input_file>
      <input_file id="fl-62">
         <path>C:\ti\ccs1281\ccs\tools\compiler\ti-cgt-msp430_21.6.1.LTS\lib\</path>
         <kind>archive</kind>
         <file>rts430x_lc_sd_eabi.lib</file>
         <name>sprintf.c.obj</name>
      </input_file>
      <input_file id="fl-63">
         <path>C:\ti\ccs1281\ccs\tools\compiler\ti-cgt-msp430_21.6.1.LTS\lib\</path>
         <kind>archive</kind>
         <file>rts430x_lc_sd_eabi.lib</file>
         <name>_printfi.c.obj</name>
      </input_file>
      <input_file id="fl-64">
         <path>C:\ti\ccs1281\ccs\tools\compiler\ti-cgt-msp430_21.6.1.LTS\lib\</path>
         <kind>archive</kind>
         <file>rts430x_lc_sd_eabi.lib</file>
         <name>_ltoa.c.obj</name>
      </input_file>
      <input_file id="fl-65">
         <path>C:\ti\ccs1281\ccs\tools\compiler\ti-cgt-msp430_21.6.1.LTS\lib\</path>
         <kind>archive</kind>
         <file>rts430x_lc_sd_eabi.lib</file>
         <name>cmpd.c.obj</name>
      </input_file>
      <input_file id="fl-66">
         <path>C:\ti\ccs1281\ccs\tools\compiler\ti-cgt-msp430_21.6.1.LTS\lib\</path>
         <kind>archive</kind>
         <file>rts430x_lc_sd_eabi.lib</file>
         <name>divd.c.obj</name>
      </input_file>
      <input_file id="fl-67">
         <path>C:\ti\ccs1281\ccs\tools\compiler\ti-cgt-msp430_21.6.1.LTS\lib\</path>
         <kind>archive</kind>
         <file>rts430x_lc_sd_eabi.lib</file>
         <name>frcdivd.c.obj</name>
      </input_file>
      <input_file id="fl-68">
         <path>C:\ti\ccs1281\ccs\tools\compiler\ti-cgt-msp430_21.6.1.LTS\lib\</path>
         <kind>archive</kind>
         <file>rts430x_lc_sd_eabi.lib</file>
         <name>div32s.asm.obj</name>
      </input_file>
      <input_file id="fl-69">
         <path>C:\ti\ccs1281\ccs\tools\compiler\ti-cgt-msp430_21.6.1.LTS\lib\</path>
         <kind>archive</kind>
         <file>rts430x_lc_sd_eabi.lib</file>
         <name>div64u.c.obj</name>
      </input_file>
      <input_file id="fl-6a">
         <path>C:\ti\ccs1281\ccs\tools\compiler\ti-cgt-msp430_21.6.1.LTS\lib\</path>
         <kind>archive</kind>
         <file>rts430x_lc_sd_eabi.lib</file>
         <name>fixdi.c.obj</name>
      </input_file>
      <input_file id="fl-6b">
         <path>C:\ti\ccs1281\ccs\tools\compiler\ti-cgt-msp430_21.6.1.LTS\lib\</path>
         <kind>archive</kind>
         <file>rts430x_lc_sd_eabi.lib</file>
         <name>fixdli.c.obj</name>
      </input_file>
      <input_file id="fl-6c">
         <path>C:\ti\ccs1281\ccs\tools\compiler\ti-cgt-msp430_21.6.1.LTS\lib\</path>
         <kind>archive</kind>
         <file>rts430x_lc_sd_eabi.lib</file>
         <name>fltid.c.obj</name>
      </input_file>
      <input_file id="fl-6d">
         <path>C:\ti\ccs1281\ccs\tools\compiler\ti-cgt-msp430_21.6.1.LTS\lib\</path>
         <kind>archive</kind>
         <file>rts430x_lc_sd_eabi.lib</file>
         <name>fltlid.c.obj</name>
      </input_file>
      <input_file id="fl-6e">
         <path>C:\ti\ccs1281\ccs\tools\compiler\ti-cgt-msp430_21.6.1.LTS\lib\</path>
         <kind>archive</kind>
         <file>rts430x_lc_sd_eabi.lib</file>
         <name>mpyd.c.obj</name>
      </input_file>
      <input_file id="fl-6f">
         <path>C:\ti\ccs1281\ccs\tools\compiler\ti-cgt-msp430_21.6.1.LTS\lib\</path>
         <kind>archive</kind>
         <file>rts430x_lc_sd_eabi.lib</file>
         <name>frcmpyd.c.obj</name>
      </input_file>
      <input_file id="fl-70">
         <path>C:\ti\ccs1281\ccs\tools\compiler\ti-cgt-msp430_21.6.1.LTS\lib\</path>
         <kind>archive</kind>
         <file>rts430x_lc_sd_eabi.lib</file>
         <name>mult32.asm.obj</name>
      </input_file>
      <input_file id="fl-71">
         <path>C:\ti\ccs1281\ccs\tools\compiler\ti-cgt-msp430_21.6.1.LTS\lib\</path>
         <kind>archive</kind>
         <file>rts430x_lc_sd_eabi.lib</file>
         <name>mult64.asm.obj</name>
      </input_file>
      <input_file id="fl-72">
         <path>C:\ti\ccs1281\ccs\tools\compiler\ti-cgt-msp430_21.6.1.LTS\lib\</path>
         <kind>archive</kind>
         <file>rts430x_lc_sd_eabi.lib</file>
         <name>mult1632.asm.obj</name>
      </input_file>
      <input_file id="fl-73">
         <path>C:\ti\ccs1281\ccs\tools\compiler\ti-cgt-msp430_21.6.1.LTS\lib\</path>
         <kind>archive</kind>
         <file>rts430x_lc_sd_eabi.lib</file>
         <name>mult3264.asm.obj</name>
      </input_file>
      <input_file id="fl-74">
         <path>C:\ti\ccs1281\ccs\tools\compiler\ti-cgt-msp430_21.6.1.LTS\lib\</path>
         <kind>archive</kind>
         <file>rts430x_lc_sd_eabi.lib</file>
         <name>negd.c.obj</name>
      </input_file>
      <input_file id="fl-75">
         <path>C:\ti\ccs1281\ccs\tools\compiler\ti-cgt-msp430_21.6.1.LTS\lib\</path>
         <kind>archive</kind>
         <file>rts430x_lc_sd_eabi.lib</file>
         <name>lsl32.asm.obj</name>
      </input_file>
      <input_file id="fl-76">
         <path>C:\ti\ccs1281\ccs\tools\compiler\ti-cgt-msp430_21.6.1.LTS\lib\</path>
         <kind>archive</kind>
         <file>rts430x_lc_sd_eabi.lib</file>
         <name>lsl64.c.obj</name>
      </input_file>
      <input_file id="fl-77">
         <path>C:\ti\ccs1281\ccs\tools\compiler\ti-cgt-msp430_21.6.1.LTS\lib\</path>
         <kind>archive</kind>
         <file>rts430x_lc_sd_eabi.lib</file>
         <name>asr32.asm.obj</name>
      </input_file>
      <input_file id="fl-78">
         <path>C:\ti\ccs1281\ccs\tools\compiler\ti-cgt-msp430_21.6.1.LTS\lib\</path>
         <kind>archive</kind>
         <file>rts430x_lc_sd_eabi.lib</file>
         <name>lsr32.asm.obj</name>
      </input_file>
      <input_file id="fl-79">
         <path>C:\ti\ccs1281\ccs\tools\compiler\ti-cgt-msp430_21.6.1.LTS\lib\</path>
         <kind>archive</kind>
         <file>rts430x_lc_sd_eabi.lib</file>
         <name>lsr64.c.obj</name>
      </input_file>
      <input_file id="fl-7a">
         <path>C:\ti\ccs1281\ccs\tools\compiler\ti-cgt-msp430_21.6.1.LTS\lib\</path>
         <kind>archive</kind>
         <file>rts430x_lc_sd_eabi.lib</file>
         <name>subd.c.obj</name>
      </input_file>
      <input_file id="fl-7b">
         <path>C:\ti\ccs1281\ccs\tools\compiler\ti-cgt-msp430_21.6.1.LTS\lib\</path>
         <kind>archive</kind>
         <file>rts430x_lc_sd_eabi.lib</file>
         <name>addd.c.obj</name>
      </input_file>
      <input_file id="fl-7c">
         <path>C:\ti\ccs1281\ccs\tools\compiler\ti-cgt-msp430_21.6.1.LTS\lib\</path>
         <kind>archive</kind>
         <file>rts430x_lc_sd_eabi.lib</file>
         <name>asr64.c.obj</name>
      </input_file>
      <input_file id="fl-7d">
         <path>C:\ti\ccs1281\ccs\tools\compiler\ti-cgt-msp430_21.6.1.LTS\lib\</path>
         <kind>archive</kind>
         <file>rts430x_lc_sd_eabi.lib</file>
         <name>atoi.c.obj</name>
      </input_file>
      <input_file id="fl-7e">
         <path>C:\ti\ccs1281\ccs\tools\compiler\ti-cgt-msp430_21.6.1.LTS\lib\</path>
         <kind>archive</kind>
         <file>rts430x_lc_sd_eabi.lib</file>
         <name>ctype.c.obj</name>
      </input_file>
      <input_file id="fl-7f">
         <path>C:\ti\ccs1281\ccs\tools\compiler\ti-cgt-msp430_21.6.1.LTS\lib\</path>
         <kind>archive</kind>
         <file>rts430x_lc_sd_eabi.lib</file>
         <name>errno.c.obj</name>
      </input_file>
      <input_file id="fl-80">
         <path>C:\ti\ccs1281\ccs\tools\compiler\ti-cgt-msp430_21.6.1.LTS\lib\</path>
         <kind>archive</kind>
         <file>rts430x_lc_sd_eabi.lib</file>
         <name>s_frexp.c.obj</name>
      </input_file>
      <input_file id="fl-81">
         <path>C:\ti\ccs1281\ccs\tools\compiler\ti-cgt-msp430_21.6.1.LTS\lib\</path>
         <kind>archive</kind>
         <file>rts430x_lc_sd_eabi.lib</file>
         <name>s_scalbn.c.obj</name>
      </input_file>
      <input_file id="fl-82">
         <path>C:\ti\ccs1281\ccs\tools\compiler\ti-cgt-msp430_21.6.1.LTS\lib\</path>
         <kind>archive</kind>
         <file>rts430x_lc_sd_eabi.lib</file>
         <name>s_copysign.c.obj</name>
      </input_file>
      <input_file id="fl-83">
         <path>C:\ti\ccs1281\ccs\tools\compiler\ti-cgt-msp430_21.6.1.LTS\lib\</path>
         <kind>archive</kind>
         <file>rts430x_lc_sd_eabi.lib</file>
         <name>memccpy.c.obj</name>
      </input_file>
      <input_file id="fl-84">
         <path>C:\ti\ccs1281\ccs\tools\compiler\ti-cgt-msp430_21.6.1.LTS\lib\</path>
         <kind>archive</kind>
         <file>rts430x_lc_sd_eabi.lib</file>
         <name>memset.c.obj</name>
      </input_file>
      <input_file id="fl-85">
         <path>C:\ti\ccs1281\ccs\tools\compiler\ti-cgt-msp430_21.6.1.LTS\lib\</path>
         <kind>archive</kind>
         <file>rts430x_lc_sd_eabi.lib</file>
         <name>strchr.c.obj</name>
      </input_file>
      <input_file id="fl-86">
         <path>C:\ti\ccs1281\ccs\tools\compiler\ti-cgt-msp430_21.6.1.LTS\lib\</path>
         <kind>archive</kind>
         <file>rts430x_lc_sd_eabi.lib</file>
         <name>strcpy.c.obj</name>
      </input_file>
      <input_file id="fl-87">
         <path>C:\ti\ccs1281\ccs\tools\compiler\ti-cgt-msp430_21.6.1.LTS\lib\</path>
         <kind>archive</kind>
         <file>rts430x_lc_sd_eabi.lib</file>
         <name>strlen.c.obj</name>
      </input_file>
      <input_file id="fl-88">
         <path>C:\ti\ccs1281\ccs\tools\compiler\ti-cgt-msp430_21.6.1.LTS\lib\</path>
         <kind>archive</kind>
         <file>rts430x_lc_sd_eabi.lib</file>
         <name>toupper.c.obj</name>
      </input_file>
      <input_file id="fl-89">
         <path>C:\ti\ccs1281\ccs\tools\compiler\ti-cgt-msp430_21.6.1.LTS\lib\</path>
         <kind>archive</kind>
         <file>rts430x_lc_sd_eabi.lib</file>
         <name>wcslen.c.obj</name>
      </input_file>
   </input_file_list>
   <object_component_list>
      <object_component id="oc-9d6">
         <name>.cinit..data.load</name>
         <load_address>0x8000</load_address>
         <run_address>0x8000</run_address>
         <size>0x69</size>
      </object_component>
      <object_component id="oc-9d3">
         <name>__TI_handler_table</name>
         <load_address>0x806a</load_address>
         <run_address>0x806a</run_address>
         <size>0xc</size>
      </object_component>
      <object_component id="oc-9d5">
         <name>.cinit..bss.load</name>
         <load_address>0x8076</load_address>
         <run_address>0x8076</run_address>
         <size>0x6</size>
      </object_component>
      <object_component id="oc-9d4">
         <name>__TI_cinit_table</name>
         <load_address>0x807c</load_address>
         <run_address>0x807c</run_address>
         <size>0x10</size>
      </object_component>
      <object_component id="oc-973">
         <name>.binit</name>
         <load_address>0x808c</load_address>
         <run_address>0x808c</run_address>
         <size>0x0</size>
      </object_component>
      <object_component id="oc-70a">
         <name>.const:.string</name>
         <load_address>0x808c</load_address>
         <run_address>0x808c</run_address>
         <size>0x114</size>
         <input_file_ref idref="fl-14"/>
      </object_component>
      <object_component id="oc-887">
         <name>.const:.string</name>
         <load_address>0x81a0</load_address>
         <run_address>0x81a0</run_address>
         <size>0xfa</size>
         <input_file_ref idref="fl-5"/>
      </object_component>
      <object_component id="oc-746">
         <name>.const:.string</name>
         <load_address>0x829a</load_address>
         <run_address>0x829a</run_address>
         <size>0xb4</size>
         <input_file_ref idref="fl-9"/>
      </object_component>
      <object_component id="oc-759">
         <name>.const:.string</name>
         <load_address>0x834e</load_address>
         <run_address>0x834e</run_address>
         <size>0x9c</size>
         <input_file_ref idref="fl-19"/>
      </object_component>
      <object_component id="oc-6a6">
         <name>.const:.string</name>
         <load_address>0x83ea</load_address>
         <run_address>0x83ea</run_address>
         <size>0x6c</size>
         <input_file_ref idref="fl-8"/>
      </object_component>
      <object_component id="oc-775">
         <name>.const:.string</name>
         <load_address>0x8456</load_address>
         <run_address>0x8456</run_address>
         <size>0x54</size>
         <input_file_ref idref="fl-12"/>
      </object_component>
      <object_component id="oc-6dc">
         <name>.const:.string</name>
         <load_address>0x84aa</load_address>
         <run_address>0x84aa</run_address>
         <size>0x48</size>
         <input_file_ref idref="fl-7"/>
      </object_component>
      <object_component id="oc-59d">
         <name>.const:.string</name>
         <load_address>0x84f2</load_address>
         <run_address>0x84f2</run_address>
         <size>0x30</size>
         <input_file_ref idref="fl-11"/>
      </object_component>
      <object_component id="oc-93f">
         <name>.const:.string</name>
         <load_address>0x8522</load_address>
         <run_address>0x8522</run_address>
         <size>0x26</size>
         <input_file_ref idref="fl-63"/>
      </object_component>
      <object_component id="oc-837">
         <name>.const:.string:$P$T0$2</name>
         <load_address>0x8548</load_address>
         <run_address>0x8548</run_address>
         <size>0xb</size>
         <input_file_ref idref="fl-7"/>
      </object_component>
      <object_component id="oc-840">
         <name>.const:.string:$P$T1$3</name>
         <load_address>0x8554</load_address>
         <run_address>0x8554</run_address>
         <size>0xb</size>
         <input_file_ref idref="fl-7"/>
      </object_component>
      <object_component id="oc-843">
         <name>.const:.string:$P$T2$4</name>
         <load_address>0x8560</load_address>
         <run_address>0x8560</run_address>
         <size>0xb</size>
         <input_file_ref idref="fl-7"/>
      </object_component>
      <object_component id="oc-6e5">
         <name>.const:.string:Command_PIN</name>
         <load_address>0x856c</load_address>
         <run_address>0x856c</run_address>
         <size>0x6</size>
         <input_file_ref idref="fl-7"/>
      </object_component>
      <object_component id="oc-5d5">
         <name>.text:IR_Calibrate_Process</name>
         <load_address>0x8572</load_address>
         <run_address>0x8572</run_address>
         <size>0x366</size>
         <input_file_ref idref="fl-9"/>
      </object_component>
      <object_component id="oc-5db">
         <name>.text:Line_Follow_Process</name>
         <load_address>0x88d8</load_address>
         <run_address>0x88d8</run_address>
         <size>0x2b0</size>
         <input_file_ref idref="fl-19"/>
      </object_component>
      <object_component id="oc-5b1">
         <name>.text:IOT_Process</name>
         <load_address>0x8b88</load_address>
         <run_address>0x8b88</run_address>
         <size>0x27e</size>
         <input_file_ref idref="fl-7"/>
      </object_component>
      <object_component id="oc-6ee">
         <name>.text:Display_IOT_Parse</name>
         <load_address>0x8e06</load_address>
         <run_address>0x8e06</run_address>
         <size>0x1ec</size>
         <input_file_ref idref="fl-7"/>
      </object_component>
      <object_component id="oc-5e1">
         <name>.text:Main_Menu_Process</name>
         <load_address>0x8ff2</load_address>
         <run_address>0x8ff2</run_address>
         <size>0x1d0</size>
         <input_file_ref idref="fl-12"/>
      </object_component>
      <object_component id="oc-5cf">
         <name>.text:Process_Queue</name>
         <load_address>0x91c2</load_address>
         <run_address>0x91c2</run_address>
         <size>0x1d0</size>
         <input_file_ref idref="fl-14"/>
      </object_component>
      <object_component id="oc-5b7">
         <name>.text:IOT_Parse_Data</name>
         <load_address>0x9392</load_address>
         <run_address>0x9392</run_address>
         <size>0x184</size>
         <input_file_ref idref="fl-7"/>
      </object_component>
      <object_component id="oc-5a5">
         <name>.text:Bootup_Sequence</name>
         <load_address>0x9516</load_address>
         <run_address>0x9516</run_address>
         <size>0x17a</size>
         <input_file_ref idref="fl-8"/>
      </object_component>
      <object_component id="oc-760">
         <name>.text:Line_Follow_PD_V1</name>
         <load_address>0x9690</load_address>
         <run_address>0x9690</run_address>
         <size>0x124</size>
         <input_file_ref idref="fl-19"/>
      </object_component>
      <object_component id="oc-6ad">
         <name>.text:IOT_Connect</name>
         <load_address>0x97b4</load_address>
         <run_address>0x97b4</run_address>
         <size>0x11c</size>
         <input_file_ref idref="fl-8"/>
      </object_component>
      <object_component id="oc-909">
         <name>.text:__TI_printfi_minimal:_setfield___TI_printfi_minimal</name>
         <load_address>0x98d0</load_address>
         <run_address>0x98d0</run_address>
         <size>0x10e</size>
         <input_file_ref idref="fl-63"/>
      </object_component>
      <object_component id="oc-66">
         <name>.text:decompress:lzss:__TI_decompress_lzss</name>
         <load_address>0x99de</load_address>
         <run_address>0x99de</run_address>
         <size>0xee</size>
         <input_file_ref idref="fl-3b"/>
      </object_component>
      <object_component id="oc-868">
         <name>.text:__TI_printfi_minimal:__TI_printfi_minimal</name>
         <load_address>0x9acc</load_address>
         <run_address>0x9acc</run_address>
         <size>0xe2</size>
         <input_file_ref idref="fl-63"/>
      </object_component>
      <object_component id="oc-656">
         <name>.text:Init_Port3</name>
         <load_address>0x9bae</load_address>
         <run_address>0x9bae</run_address>
         <size>0xd2</size>
         <input_file_ref idref="fl-13"/>
      </object_component>
      <object_component id="oc-6c8">
         <name>.text:Init_LCD</name>
         <load_address>0x9c80</load_address>
         <run_address>0x9c80</run_address>
         <size>0xc4</size>
         <input_file_ref idref="fl-1a"/>
      </object_component>
      <object_component id="oc-940">
         <name>.text:__TI_printfi_minimal:_pproc_diouxp___TI_printfi_minimal</name>
         <load_address>0x9d44</load_address>
         <run_address>0x9d44</run_address>
         <size>0xc4</size>
         <input_file_ref idref="fl-63"/>
      </object_component>
      <object_component id="oc-6fe">
         <name>.text:Parse_Command</name>
         <load_address>0x9e08</load_address>
         <run_address>0x9e08</run_address>
         <size>0xc2</size>
         <input_file_ref idref="fl-14"/>
      </object_component>
      <object_component id="oc-51e">
         <name>.text:main</name>
         <load_address>0x9eca</load_address>
         <run_address>0x9eca</run_address>
         <size>0xc0</size>
         <input_file_ref idref="fl-11"/>
      </object_component>
      <object_component id="oc-66f">
         <name>.text:Software_Trim</name>
         <load_address>0x9f8a</load_address>
         <run_address>0x9f8a</run_address>
         <size>0xbe</size>
         <input_file_ref idref="fl-a"/>
      </object_component>
      <object_component id="oc-650">
         <name>.text:Init_Port2</name>
         <load_address>0xa048</load_address>
         <run_address>0xa048</run_address>
         <size>0xa2</size>
         <input_file_ref idref="fl-13"/>
      </object_component>
      <object_component id="oc-776">
         <name>.text:Display_Calibration</name>
         <load_address>0xa0ea</load_address>
         <run_address>0xa0ea</run_address>
         <size>0xa0</size>
         <input_file_ref idref="fl-9"/>
      </object_component>
      <object_component id="oc-58a">
         <name>.text:Init_Conditions</name>
         <load_address>0xa18a</load_address>
         <run_address>0xa18a</run_address>
         <size>0x96</size>
         <input_file_ref idref="fl-b"/>
      </object_component>
      <object_component id="oc-711">
         <name>.text:Line_Follow_Start_Autonomous</name>
         <load_address>0xa220</load_address>
         <run_address>0xa220</run_address>
         <size>0x88</size>
         <input_file_ref idref="fl-19"/>
      </object_component>
      <object_component id="oc-65c">
         <name>.text:Init_Port4</name>
         <load_address>0xa2a8</load_address>
         <run_address>0xa2a8</run_address>
         <size>0x86</size>
         <input_file_ref idref="fl-13"/>
      </object_component>
      <object_component id="oc-668">
         <name>.text:Init_Port6</name>
         <load_address>0xa32e</load_address>
         <run_address>0xa32e</run_address>
         <size>0x7c</size>
         <input_file_ref idref="fl-13"/>
      </object_component>
      <object_component id="oc-6f8">
         <name>.text:Get_Command</name>
         <load_address>0xa3aa</load_address>
         <run_address>0xa3aa</run_address>
         <size>0x76</size>
         <input_file_ref idref="fl-14"/>
      </object_component>
      <object_component id="oc-747">
         <name>.text:HEXtoBCD</name>
         <load_address>0xa420</load_address>
         <run_address>0xa420</run_address>
         <size>0x76</size>
         <input_file_ref idref="fl-2"/>
      </object_component>
      <object_component id="oc-6e8">
         <name>.text:Queue_AddCommand</name>
         <load_address>0xa496</load_address>
         <run_address>0xa496</run_address>
         <size>0x76</size>
         <input_file_ref idref="fl-14"/>
      </object_component>
      <object_component id="oc-596">
         <name>.text:Init_ADC</name>
         <load_address>0xa50c</load_address>
         <run_address>0xa50c</run_address>
         <size>0x6c</size>
         <input_file_ref idref="fl-2"/>
      </object_component>
      <object_component id="oc-618">
         <name>.text:__TI_auto_init_nobinit_nopinit_hold_wdt:__TI_auto_init_nobinit_nopinit_hold_wdt</name>
         <load_address>0xa578</load_address>
         <run_address>0xa578</run_address>
         <size>0x6a</size>
         <input_file_ref idref="fl-59"/>
      </object_component>
      <object_component id="oc-584">
         <name>.text:Init_Clocks</name>
         <load_address>0xa5e2</load_address>
         <run_address>0xa5e2</run_address>
         <size>0x68</size>
         <input_file_ref idref="fl-a"/>
      </object_component>
      <object_component id="oc-6a7">
         <name>.text:Init_DAC</name>
         <load_address>0xa64a</load_address>
         <run_address>0xa64a</run_address>
         <size>0x68</size>
         <input_file_ref idref="fl-3"/>
      </object_component>
      <object_component id="oc-734">
         <name>.text:IR_Calibrate_Menu</name>
         <load_address>0xa6b2</load_address>
         <run_address>0xa6b2</run_address>
         <size>0x64</size>
         <input_file_ref idref="fl-9"/>
      </object_component>
      <object_component id="oc-684">
         <name>.text:Init_Timer_B0</name>
         <load_address>0xa716</load_address>
         <run_address>0xa716</run_address>
         <size>0x5e</size>
         <input_file_ref idref="fl-17"/>
      </object_component>
      <object_component id="oc-68a">
         <name>.text:Init_Timer_B1</name>
         <load_address>0xa774</load_address>
         <run_address>0xa774</run_address>
         <size>0x5e</size>
         <input_file_ref idref="fl-17"/>
      </object_component>
      <object_component id="oc-690">
         <name>.text:Init_Timer_B2</name>
         <load_address>0xa7d2</load_address>
         <run_address>0xa7d2</run_address>
         <size>0x5e</size>
         <input_file_ref idref="fl-17"/>
      </object_component>
      <object_component id="oc-753">
         <name>.text</name>
         <load_address>0xa830</load_address>
         <run_address>0xa830</run_address>
         <size>0x58</size>
         <input_file_ref idref="fl-4f"/>
      </object_component>
      <object_component id="oc-769">
         <name>.text:Menu_ChangePage</name>
         <load_address>0xa888</load_address>
         <run_address>0xa888</run_address>
         <size>0x54</size>
         <input_file_ref idref="fl-12"/>
      </object_component>
      <object_component id="oc-696">
         <name>.text:Init_Timer_B3</name>
         <load_address>0xa8dc</load_address>
         <run_address>0xa8dc</run_address>
         <size>0x4c</size>
         <input_file_ref idref="fl-18"/>
      </object_component>
      <object_component id="oc-64a">
         <name>.text:Init_Port1</name>
         <load_address>0xa928</load_address>
         <run_address>0xa928</run_address>
         <size>0x4a</size>
         <input_file_ref idref="fl-13"/>
      </object_component>
      <object_component id="oc-786">
         <name>.text:Send_AT_Command</name>
         <load_address>0xa972</load_address>
         <run_address>0xa972</run_address>
         <size>0x4a</size>
         <input_file_ref idref="fl-7"/>
      </object_component>
      <object_component id="oc-7f0">
         <name>.text:Init_Serial_UCA0</name>
         <load_address>0xa9bc</load_address>
         <run_address>0xa9bc</run_address>
         <size>0x46</size>
         <input_file_ref idref="fl-7"/>
      </object_component>
      <object_component id="oc-7f6">
         <name>.text:Init_Serial_UCA1</name>
         <load_address>0xaa02</load_address>
         <run_address>0xaa02</run_address>
         <size>0x46</size>
         <input_file_ref idref="fl-7"/>
      </object_component>
      <object_component id="oc-6cf">
         <name>.text:Display_Update</name>
         <load_address>0xaa48</load_address>
         <run_address>0xaa48</run_address>
         <size>0x44</size>
         <input_file_ref idref="fl-1a"/>
      </object_component>
      <object_component id="oc-7ff">
         <name>.text:Init_SPI_B1</name>
         <load_address>0xaa8c</load_address>
         <run_address>0xaa8c</run_address>
         <size>0x40</size>
         <input_file_ref idref="fl-1a"/>
      </object_component>
      <object_component id="oc-70b">
         <name>.text:Send_Response</name>
         <load_address>0xaacc</load_address>
         <run_address>0xaacc</run_address>
         <size>0x40</size>
         <input_file_ref idref="fl-7"/>
      </object_component>
      <object_component id="oc-42b">
         <name>.text:__memcpy_far</name>
         <load_address>0xab0c</load_address>
         <run_address>0xab0c</run_address>
         <size>0x40</size>
         <input_file_ref idref="fl-4c"/>
      </object_component>
      <object_component id="oc-704">
         <name>.text:Display_CurrentCommand</name>
         <load_address>0xab4c</load_address>
         <run_address>0xab4c</run_address>
         <size>0x3e</size>
         <input_file_ref idref="fl-14"/>
      </object_component>
      <object_component id="oc-47e">
         <name>.text:decompress:ZI:__TI_zero_init_nomemset:__TI_zero_init_nomemset</name>
         <load_address>0xab8a</load_address>
         <run_address>0xab8a</run_address>
         <size>0x3e</size>
         <input_file_ref idref="fl-4b"/>
      </object_component>
      <object_component id="oc-530">
         <name>.text:__mpu_init</name>
         <load_address>0xabc8</load_address>
         <run_address>0xabc8</run_address>
         <size>0x3c</size>
         <input_file_ref idref="fl-57"/>
      </object_component>
      <object_component id="oc-6c">
         <name>.text:decompress:none:__TI_decompress_none</name>
         <load_address>0xac04</load_address>
         <run_address>0xac04</run_address>
         <size>0x3c</size>
         <input_file_ref idref="fl-3c"/>
      </object_component>
      <object_component id="oc-72e">
         <name>.text:sprintf</name>
         <load_address>0xac40</load_address>
         <run_address>0xac40</run_address>
         <size>0x38</size>
         <input_file_ref idref="fl-62"/>
      </object_component>
      <object_component id="oc-76f">
         <name>.text:display_ADC</name>
         <load_address>0xac78</load_address>
         <run_address>0xac78</run_address>
         <size>0x36</size>
         <input_file_ref idref="fl-5"/>
      </object_component>
      <object_component id="oc-77c">
         <name>.text:display_default</name>
         <load_address>0xacae</load_address>
         <run_address>0xacae</run_address>
         <size>0x36</size>
         <input_file_ref idref="fl-5"/>
      </object_component>
      <object_component id="oc-74d">
         <name>.text:adc_line</name>
         <load_address>0xace4</load_address>
         <run_address>0xace4</run_address>
         <size>0x34</size>
         <input_file_ref idref="fl-2"/>
      </object_component>
      <object_component id="oc-662">
         <name>.text:Init_Port5</name>
         <load_address>0xad18</load_address>
         <run_address>0xad18</run_address>
         <size>0x32</size>
         <input_file_ref idref="fl-13"/>
      </object_component>
      <object_component id="oc-6c2">
         <name>.text:IOT_Reset</name>
         <load_address>0xad4a</load_address>
         <run_address>0xad4a</run_address>
         <size>0x2c</size>
         <input_file_ref idref="fl-8"/>
      </object_component>
      <object_component id="oc-846">
         <name>.text</name>
         <load_address>0xad76</load_address>
         <run_address>0xad76</run_address>
         <size>0x2c</size>
         <input_file_ref idref="fl-4d"/>
      </object_component>
      <object_component id="oc-6bc">
         <name>.text:Enable_Comms</name>
         <load_address>0xada2</load_address>
         <run_address>0xada2</run_address>
         <size>0x2a</size>
         <input_file_ref idref="fl-7"/>
      </object_component>
      <object_component id="oc-8eb">
         <name>.text:WriteData</name>
         <load_address>0xadcc</load_address>
         <run_address>0xadcc</run_address>
         <size>0x28</size>
         <input_file_ref idref="fl-1a"/>
      </object_component>
      <object_component id="oc-817">
         <name>.text:WriteIns</name>
         <load_address>0xadf4</load_address>
         <run_address>0xadf4</run_address>
         <size>0x28</size>
         <input_file_ref idref="fl-1a"/>
      </object_component>
      <object_component id="oc-5ab">
         <name>.text:Display_Process</name>
         <load_address>0xae1c</load_address>
         <run_address>0xae1c</run_address>
         <size>0x26</size>
         <input_file_ref idref="fl-5"/>
      </object_component>
      <object_component id="oc-5bd">
         <name>.text:Init_PWM</name>
         <load_address>0xae42</load_address>
         <run_address>0xae42</run_address>
         <size>0x24</size>
         <input_file_ref idref="fl-6"/>
      </object_component>
      <object_component id="oc-946">
         <name>.text:memccpy</name>
         <load_address>0xae66</load_address>
         <run_address>0xae66</run_address>
         <size>0x22</size>
         <input_file_ref idref="fl-83"/>
      </object_component>
      <object_component id="oc-5c9">
         <name>.text:DAC_Set_Voltage</name>
         <load_address>0xae88</load_address>
         <run_address>0xae88</run_address>
         <size>0x20</size>
         <input_file_ref idref="fl-3"/>
      </object_component>
      <object_component id="oc-762">
         <name>.text:PWM_EBRAKE</name>
         <load_address>0xaea8</load_address>
         <run_address>0xaea8</run_address>
         <size>0x20</size>
         <input_file_ref idref="fl-6"/>
      </object_component>
      <object_component id="oc-5e7">
         <name>.text:Ping_Pong</name>
         <load_address>0xaec8</load_address>
         <run_address>0xaec8</run_address>
         <size>0x1e</size>
         <input_file_ref idref="fl-7"/>
      </object_component>
      <object_component id="oc-84f">
         <name>.text:lcd_BIG_mid</name>
         <load_address>0xaee6</load_address>
         <run_address>0xaee6</run_address>
         <size>0x1e</size>
         <input_file_ref idref="fl-1a"/>
      </object_component>
      <object_component id="oc-57e">
         <name>.text:Init_Ports</name>
         <load_address>0xaf04</load_address>
         <run_address>0xaf04</run_address>
         <size>0x1c</size>
         <input_file_ref idref="fl-13"/>
      </object_component>
      <object_component id="oc-8ca">
         <name>.text:SPI_B1_write</name>
         <load_address>0xaf20</load_address>
         <run_address>0xaf20</run_address>
         <size>0x1c</size>
         <input_file_ref idref="fl-1a"/>
      </object_component>
      <object_component id="oc-82a">
         <name>.text:lcd_out</name>
         <load_address>0xaf3c</load_address>
         <run_address>0xaf3c</run_address>
         <size>0x1c</size>
         <input_file_ref idref="fl-1a"/>
      </object_component>
      <object_component id="oc-5ed">
         <name>.text:Wheels_Safe_Stop</name>
         <load_address>0xaf58</load_address>
         <run_address>0xaf58</run_address>
         <size>0x1a</size>
         <input_file_ref idref="fl-6"/>
      </object_component>
      <object_component id="oc-8d1">
         <name>.text:ClrDisplay_Buffer_0</name>
         <load_address>0xaf72</load_address>
         <run_address>0xaf72</run_address>
         <size>0x18</size>
         <input_file_ref idref="fl-1a"/>
      </object_component>
      <object_component id="oc-8d7">
         <name>.text:ClrDisplay_Buffer_1</name>
         <load_address>0xaf8a</load_address>
         <run_address>0xaf8a</run_address>
         <size>0x18</size>
         <input_file_ref idref="fl-1a"/>
      </object_component>
      <object_component id="oc-8dd">
         <name>.text:ClrDisplay_Buffer_2</name>
         <load_address>0xafa2</load_address>
         <run_address>0xafa2</run_address>
         <size>0x18</size>
         <input_file_ref idref="fl-1a"/>
      </object_component>
      <object_component id="oc-8e3">
         <name>.text:ClrDisplay_Buffer_3</name>
         <load_address>0xafba</load_address>
         <run_address>0xafba</run_address>
         <size>0x18</size>
         <input_file_ref idref="fl-1a"/>
      </object_component>
      <object_component id="oc-85c">
         <name>.text:_outs</name>
         <load_address>0xafd2</load_address>
         <run_address>0xafd2</run_address>
         <size>0x18</size>
         <input_file_ref idref="fl-62"/>
      </object_component>
      <object_component id="oc-6df">
         <name>.text</name>
         <load_address>0xafea</load_address>
         <run_address>0xafea</run_address>
         <size>0x18</size>
         <input_file_ref idref="fl-51"/>
      </object_component>
      <object_component id="oc-6d5">
         <name>.text:Backlite_Control</name>
         <load_address>0xb002</load_address>
         <run_address>0xb002</run_address>
         <size>0x16</size>
         <input_file_ref idref="fl-5"/>
      </object_component>
      <object_component id="oc-81d">
         <name>.text:ClrDisplay</name>
         <load_address>0xb018</load_address>
         <run_address>0xb018</run_address>
         <size>0x16</size>
         <input_file_ref idref="fl-1a"/>
      </object_component>
      <object_component id="oc-728">
         <name>.text:PWM_FORWARD</name>
         <load_address>0xb02e</load_address>
         <run_address>0xb02e</run_address>
         <size>0x16</size>
         <input_file_ref idref="fl-6"/>
      </object_component>
      <object_component id="oc-73a">
         <name>.text:PWM_REVERSE</name>
         <load_address>0xb044</load_address>
         <run_address>0xb044</run_address>
         <size>0x16</size>
         <input_file_ref idref="fl-6"/>
      </object_component>
      <object_component id="oc-75a">
         <name>.text:PWM_REVERSE_PULSE</name>
         <load_address>0xb05a</load_address>
         <run_address>0xb05a</run_address>
         <size>0x16</size>
         <input_file_ref idref="fl-6"/>
      </object_component>
      <object_component id="oc-722">
         <name>.text:PWM_ROTATE_LEFT</name>
         <load_address>0xb070</load_address>
         <run_address>0xb070</run_address>
         <size>0x16</size>
         <input_file_ref idref="fl-6"/>
      </object_component>
      <object_component id="oc-717">
         <name>.text:PWM_ROTATE_RIGHT</name>
         <load_address>0xb086</load_address>
         <run_address>0xb086</run_address>
         <size>0x16</size>
         <input_file_ref idref="fl-6"/>
      </object_component>
      <object_component id="oc-71d">
         <name>.text</name>
         <load_address>0xb09c</load_address>
         <run_address>0xb09c</run_address>
         <size>0x16</size>
         <input_file_ref idref="fl-4e"/>
      </object_component>
      <object_component id="oc-80b">
         <name>.text:spi_chipselect_idle</name>
         <load_address>0xb0b2</load_address>
         <run_address>0xb0b2</run_address>
         <size>0x16</size>
         <input_file_ref idref="fl-1a"/>
      </object_component>
      <object_component id="oc-939">
         <name>.text:memset</name>
         <load_address>0xb0c8</load_address>
         <run_address>0xb0c8</run_address>
         <size>0x14</size>
         <input_file_ref idref="fl-84"/>
      </object_component>
      <object_component id="oc-590">
         <name>.text:Init_Timers</name>
         <load_address>0xb0dc</load_address>
         <run_address>0xb0dc</run_address>
         <size>0x12</size>
         <input_file_ref idref="fl-17"/>
      </object_component>
      <object_component id="oc-862">
         <name>.text:_outc</name>
         <load_address>0xb0ee</load_address>
         <run_address>0xb0ee</run_address>
         <size>0x12</size>
         <input_file_ref idref="fl-62"/>
      </object_component>
      <object_component id="oc-83a">
         <name>.text:memcpy</name>
         <load_address>0xb100</load_address>
         <run_address>0xb100</run_address>
         <size>0x12</size>
         <input_file_ref idref="fl-61"/>
      </object_component>
      <object_component id="oc-8c4">
         <name>.text:spi_chipselect_active</name>
         <load_address>0xb112</load_address>
         <run_address>0xb112</run_address>
         <size>0x12</size>
         <input_file_ref idref="fl-1a"/>
      </object_component>
      <object_component id="oc-5c3">
         <name>.text:Sample_ADC</name>
         <load_address>0xb124</load_address>
         <run_address>0xb124</run_address>
         <size>0x10</size>
         <input_file_ref idref="fl-2"/>
      </object_component>
      <object_component id="oc-59e">
         <name>.text:strcpy</name>
         <load_address>0xb134</load_address>
         <run_address>0xb134</run_address>
         <size>0x10</size>
         <input_file_ref idref="fl-86"/>
      </object_component>
      <object_component id="oc-823">
         <name>.text:DisplayOnOff</name>
         <load_address>0xb144</load_address>
         <run_address>0xb144</run_address>
         <size>0xe</size>
         <input_file_ref idref="fl-1a"/>
      </object_component>
      <object_component id="oc-880">
         <name>.text:lcd_4line</name>
         <load_address>0xb152</load_address>
         <run_address>0xb152</run_address>
         <size>0xe</size>
         <input_file_ref idref="fl-1a"/>
      </object_component>
      <object_component id="oc-903">
         <name>.text:strlen</name>
         <load_address>0xb160</load_address>
         <run_address>0xb160</run_address>
         <size>0xe</size>
         <input_file_ref idref="fl-87"/>
      </object_component>
      <object_component id="oc-6b6">
         <name>.text:Init_SerialComms</name>
         <load_address>0xb16e</load_address>
         <run_address>0xb16e</run_address>
         <size>0xa</size>
         <input_file_ref idref="fl-7"/>
      </object_component>
      <object_component id="oc-879">
         <name>.text:abs</name>
         <load_address>0xb178</load_address>
         <run_address>0xb178</run_address>
         <size>0xa</size>
         <input_file_ref idref="fl-5c"/>
      </object_component>
      <object_component id="oc-67d">
         <name>.text:enable_interrupts</name>
         <load_address>0xb182</load_address>
         <run_address>0xb182</run_address>
         <size>0x8</size>
         <input_file_ref idref="fl-16"/>
      </object_component>
      <object_component id="oc-6a0">
         <name>.text:DAC_Ready</name>
         <load_address>0xb18a</load_address>
         <run_address>0xb18a</run_address>
         <size>0x6</size>
         <input_file_ref idref="fl-3"/>
      </object_component>
      <object_component id="oc-5f4">
         <name>.text:abort</name>
         <load_address>0xb190</load_address>
         <run_address>0xb190</run_address>
         <size>0x6</size>
         <input_file_ref idref="fl-5e"/>
      </object_component>
      <object_component id="oc-811">
         <name>.text:spi_reset_active</name>
         <load_address>0xb196</load_address>
         <run_address>0xb196</run_address>
         <size>0x6</size>
         <input_file_ref idref="fl-1a"/>
      </object_component>
      <object_component id="oc-805">
         <name>.text:spi_reset_idle</name>
         <load_address>0xb19c</load_address>
         <run_address>0xb19c</run_address>
         <size>0x6</size>
         <input_file_ref idref="fl-1a"/>
      </object_component>
      <object_component id="oc-518">
         <name>.text:_system_pre_init</name>
         <load_address>0xb1a2</load_address>
         <run_address>0xb1a2</run_address>
         <size>0x4</size>
         <input_file_ref idref="fl-5b"/>
      </object_component>
      <object_component id="oc-7a0">
         <name>.text:_system_post_cinit</name>
         <load_address>0xb1a6</load_address>
         <run_address>0xb1a6</run_address>
         <size>0x2</size>
         <input_file_ref idref="fl-5a"/>
      </object_component>
      <object_component id="oc-44e">
         <name>.text:_isr:eUSCI_A1_ISR</name>
         <load_address>0xb1a8</load_address>
         <run_address>0xb1a8</run_address>
         <size>0x120</size>
         <input_file_ref idref="fl-d"/>
      </object_component>
      <object_component id="oc-448">
         <name>.text:_isr:ADC_ISR</name>
         <load_address>0xb2c8</load_address>
         <run_address>0xb2c8</run_address>
         <size>0xd0</size>
         <input_file_ref idref="fl-c"/>
      </object_component>
      <object_component id="oc-472">
         <name>.text:_isr:TIMER_BO_CCR1_2_0V_ISR</name>
         <load_address>0xb398</load_address>
         <run_address>0xb398</run_address>
         <size>0xbc</size>
         <input_file_ref idref="fl-f"/>
      </object_component>
      <object_component id="oc-45a">
         <name>.text:_isr:TIMER_B2_CCR1_2_0V_ISR</name>
         <load_address>0xb454</load_address>
         <run_address>0xb454</run_address>
         <size>0x80</size>
         <input_file_ref idref="fl-f"/>
      </object_component>
      <object_component id="oc-454">
         <name>.text:_isr:eUSCI_A0_ISR</name>
         <load_address>0xb4d4</load_address>
         <run_address>0xb4d4</run_address>
         <size>0x78</size>
         <input_file_ref idref="fl-d"/>
      </object_component>
      <object_component id="oc-466">
         <name>.text:_isr:TIMER_B1_CCR1_2_0V_ISR</name>
         <load_address>0xb54c</load_address>
         <run_address>0xb54c</run_address>
         <size>0x6a</size>
         <input_file_ref idref="fl-f"/>
      </object_component>
      <object_component id="oc-478">
         <name>.text:_isr:TIMER_B0_CCR0_ISR</name>
         <load_address>0xb5b6</load_address>
         <run_address>0xb5b6</run_address>
         <size>0x3a</size>
         <input_file_ref idref="fl-f"/>
      </object_component>
      <object_component id="oc-46c">
         <name>.text:_isr:TIMER_B1_CCR0_ISR</name>
         <load_address>0xb5f0</load_address>
         <run_address>0xb5f0</run_address>
         <size>0x3a</size>
         <input_file_ref idref="fl-f"/>
      </object_component>
      <object_component id="oc-442">
         <name>.text:_isr:switchP2_interrupt</name>
         <load_address>0xb62a</load_address>
         <run_address>0xb62a</run_address>
         <size>0x36</size>
         <input_file_ref idref="fl-e"/>
      </object_component>
      <object_component id="oc-437">
         <name>.text:_isr:switchP4_interrupt</name>
         <load_address>0xb660</load_address>
         <run_address>0xb660</run_address>
         <size>0x36</size>
         <input_file_ref idref="fl-e"/>
      </object_component>
      <object_component id="oc-4a8">
         <name>.text:_isr:_c_int00_noargs_mpu</name>
         <load_address>0xb696</load_address>
         <run_address>0xb696</run_address>
         <size>0x20</size>
         <input_file_ref idref="fl-56"/>
      </object_component>
      <object_component id="oc-460">
         <name>.text:_isr:TIMER_B2_CCR0_ISR</name>
         <load_address>0xb6b6</load_address>
         <run_address>0xb6b6</run_address>
         <size>0x10</size>
         <input_file_ref idref="fl-f"/>
      </object_component>
      <object_component id="oc-43d">
         <name>.text:_isr:__TI_ISR_TRAP</name>
         <load_address>0xb6c6</load_address>
         <run_address>0xb6c6</run_address>
         <size>0x8</size>
         <input_file_ref idref="fl-3e"/>
      </object_component>
      <object_component id="oc-872">
         <name>.common:adc_char</name>
         <uninitialized>true</uninitialized>
         <run_address>0x2194</run_address>
         <size>0x4</size>
      </object_component>
      <object_component id="oc-505">
         <name>.common:DAC_data</name>
         <uninitialized>true</uninitialized>
         <run_address>0x219e</run_address>
         <size>0x2</size>
      </object_component>
      <object_component id="oc-676">
         <name>.common:IOT_Data</name>
         <uninitialized>true</uninitialized>
         <run_address>0x2000</run_address>
         <size>0x80</size>
      </object_component>
      <object_component id="oc-6dd">
         <name>.common:ip_address</name>
         <uninitialized>true</uninitialized>
         <run_address>0x2170</run_address>
         <size>0x10</size>
      </object_component>
      <object_component id="oc-6de">
         <name>.common:ssid</name>
         <uninitialized>true</uninitialized>
         <run_address>0x2180</run_address>
         <size>0xc</size>
      </object_component>
      <object_component id="oc-4d9">
         <name>.common:ADC_Thumb</name>
         <uninitialized>true</uninitialized>
         <run_address>0x219c</run_address>
         <size>0x2</size>
      </object_component>
      <object_component id="oc-4dd">
         <name>.common:ADC_Left_Detect</name>
         <uninitialized>true</uninitialized>
         <run_address>0x2198</run_address>
         <size>0x2</size>
      </object_component>
      <object_component id="oc-4db">
         <name>.common:ADC_Right_Detect</name>
         <uninitialized>true</uninitialized>
         <run_address>0x219a</run_address>
         <size>0x2</size>
      </object_component>
      <object_component id="oc-4d6">
         <name>.common:ADC_Channel</name>
         <uninitialized>true</uninitialized>
         <run_address>0x21a8</run_address>
         <size>0x1</size>
      </object_component>
      <object_component id="oc-4da">
         <name>.common:display_thumb</name>
         <uninitialized>true</uninitialized>
         <run_address>0x21af</run_address>
         <size>0x1</size>
      </object_component>
      <object_component id="oc-4de">
         <name>.common:display_left_detect</name>
         <uninitialized>true</uninitialized>
         <run_address>0x21ad</run_address>
         <size>0x1</size>
      </object_component>
      <object_component id="oc-4dc">
         <name>.common:display_right_detect</name>
         <uninitialized>true</uninitialized>
         <run_address>0x21ae</run_address>
         <size>0x1</size>
      </object_component>
      <object_component id="oc-4e3">
         <name>.common:IOT_2_PC</name>
         <uninitialized>true</uninitialized>
         <run_address>0x20fc</run_address>
         <size>0x20</size>
      </object_component>
      <object_component id="oc-4e8">
         <name>.common:SEND_2_IOT</name>
         <uninitialized>true</uninitialized>
         <run_address>0x211c</run_address>
         <size>0x20</size>
      </object_component>
      <object_component id="oc-4e7">
         <name>.common:temp</name>
         <uninitialized>true</uninitialized>
         <run_address>0x21a4</run_address>
         <size>0x2</size>
      </object_component>
      <object_component id="oc-4e6">
         <name>.common:temp_rx</name>
         <uninitialized>true</uninitialized>
         <run_address>0x21a6</run_address>
         <size>0x2</size>
      </object_component>
      <object_component id="oc-4ec">
         <name>.common:command_buffer</name>
         <uninitialized>true</uninitialized>
         <run_address>0x213c</run_address>
         <size>0x20</size>
      </object_component>
      <object_component id="oc-50c">
         <name>.common:updateCount</name>
         <uninitialized>true</uninitialized>
         <run_address>0x21b0</run_address>
         <size>0x1</size>
      </object_component>
      <object_component id="oc-50d">
         <name>.common:update_display</name>
         <uninitialized>true</uninitialized>
         <run_address>0x21b1</run_address>
         <size>0x1</size>
      </object_component>
      <object_component id="oc-4c7">
         <name>.common:SW1_debounce</name>
         <uninitialized>true</uninitialized>
         <run_address>0x21a9</run_address>
         <size>0x1</size>
      </object_component>
      <object_component id="oc-4ce">
         <name>.common:SW2_debounce</name>
         <uninitialized>true</uninitialized>
         <run_address>0x21aa</run_address>
         <size>0x1</size>
      </object_component>
      <object_component id="oc-4c4">
         <name>.common:SW1_cnt</name>
         <uninitialized>true</uninitialized>
         <run_address>0x21a0</run_address>
         <size>0x2</size>
      </object_component>
      <object_component id="oc-4cd">
         <name>.common:SW2_cnt</name>
         <uninitialized>true</uninitialized>
         <run_address>0x21a2</run_address>
         <size>0x2</size>
      </object_component>
      <object_component id="oc-835">
         <name>.common:Command_Buffer</name>
         <uninitialized>true</uninitialized>
         <run_address>0x2080</run_address>
         <size>0x50</size>
      </object_component>
      <object_component id="oc-84c">
         <name>.common:current_command</name>
         <uninitialized>true</uninitialized>
         <run_address>0x215c</run_address>
         <size>0x14</size>
      </object_component>
      <object_component id="oc-92e">
         <name>.common:current_character</name>
         <uninitialized>true</uninitialized>
         <run_address>0x21ab</run_address>
         <size>0x1</size>
      </object_component>
      <object_component id="oc-5a4">
         <name>.common:display_changed</name>
         <uninitialized>true</uninitialized>
         <run_address>0x21ac</run_address>
         <size>0x1</size>
      </object_component>
      <object_component id="oc-59c">
         <name>.common:display_line</name>
         <uninitialized>true</uninitialized>
         <run_address>0x20d0</run_address>
         <size>0x2c</size>
      </object_component>
      <object_component id="oc-67c">
         <name>.common:display</name>
         <uninitialized>true</uninitialized>
         <run_address>0x218c</run_address>
         <size>0x8</size>
      </object_component>
      <object_component id="oc-508">
         <name>.data</name>
         <load_address>0x21d3</load_address>
         <run_address>0x21d3</run_address>
         <size>0x1</size>
         <input_file_ref idref="fl-3"/>
      </object_component>
      <object_component id="oc-4ef">
         <name>.data</name>
         <load_address>0x22cd</load_address>
         <run_address>0x22cd</run_address>
         <size>0x4</size>
         <input_file_ref idref="fl-6"/>
      </object_component>
      <object_component id="oc-679">
         <name>.data</name>
         <load_address>0x222c</load_address>
         <run_address>0x222c</run_address>
         <size>0x1b</size>
         <input_file_ref idref="fl-7"/>
      </object_component>
      <object_component id="oc-7e5">
         <name>.data:SET_MUX_COMMAND</name>
         <load_address>0x2270</load_address>
         <run_address>0x2270</run_address>
         <size>0xe</size>
         <input_file_ref idref="fl-7"/>
      </object_component>
      <object_component id="oc-7e2">
         <name>.data:SET_PORT_COMMAND</name>
         <load_address>0x2248</load_address>
         <run_address>0x2248</run_address>
         <size>0x17</size>
         <input_file_ref idref="fl-7"/>
      </object_component>
      <object_component id="oc-7df">
         <name>.data:REQUEST_SSID_COMMAND</name>
         <load_address>0x229a</load_address>
         <run_address>0x229a</run_address>
         <size>0xc</size>
         <input_file_ref idref="fl-7"/>
      </object_component>
      <object_component id="oc-7dc">
         <name>.data:REQUEST_IP_COMMAND</name>
         <load_address>0x22a6</load_address>
         <run_address>0x22a6</run_address>
         <size>0xb</size>
         <input_file_ref idref="fl-7"/>
      </object_component>
      <object_component id="oc-783">
         <name>.data:PING_COMMAND</name>
         <load_address>0x2210</load_address>
         <run_address>0x2210</run_address>
         <size>0x1b</size>
         <input_file_ref idref="fl-7"/>
      </object_component>
      <object_component id="oc-4f2">
         <name>.data</name>
         <load_address>0x22bc</load_address>
         <run_address>0x22bc</run_address>
         <size>0x9</size>
         <input_file_ref idref="fl-8"/>
      </object_component>
      <object_component id="oc-500">
         <name>.data</name>
         <load_address>0x21d4</load_address>
         <run_address>0x21d4</run_address>
         <size>0x1e</size>
         <input_file_ref idref="fl-9"/>
      </object_component>
      <object_component id="oc-4d0">
         <name>.data</name>
         <load_address>0x2260</load_address>
         <run_address>0x2260</run_address>
         <size>0x10</size>
         <input_file_ref idref="fl-c"/>
      </object_component>
      <object_component id="oc-4e0">
         <name>.data</name>
         <load_address>0x227e</load_address>
         <run_address>0x227e</run_address>
         <size>0xe</size>
         <input_file_ref idref="fl-d"/>
      </object_component>
      <object_component id="oc-4d3">
         <name>.data</name>
         <load_address>0x21f2</load_address>
         <run_address>0x21f2</run_address>
         <size>0x1e</size>
         <input_file_ref idref="fl-f"/>
      </object_component>
      <object_component id="oc-6b3">
         <name>.data</name>
         <load_address>0x22c6</load_address>
         <run_address>0x22c6</run_address>
         <size>0x7</size>
         <input_file_ref idref="fl-12"/>
      </object_component>
      <object_component id="oc-4e9">
         <name>.data</name>
         <load_address>0x228c</load_address>
         <run_address>0x228c</run_address>
         <size>0xd</size>
         <input_file_ref idref="fl-14"/>
      </object_component>
      <object_component id="oc-4c8">
         <name>.data</name>
         <load_address>0x22b2</load_address>
         <run_address>0x22b2</run_address>
         <size>0xa</size>
         <input_file_ref idref="fl-15"/>
      </object_component>
      <object_component id="oc-4f7">
         <name>.data</name>
         <load_address>0x21b2</load_address>
         <run_address>0x21b2</run_address>
         <size>0x21</size>
         <input_file_ref idref="fl-19"/>
      </object_component>
      <object_component id="oc-41c">
         <name>.stack</name>
         <uninitialized>true</uninitialized>
         <run_address>0x2f60</run_address>
         <size>0x2</size>
         <input_file_ref idref="fl-56"/>
      </object_component>
      <object_component id="oc-9d7">
         <name>.stack</name>
         <uninitialized>true</uninitialized>
         <run_address>0x2f60</run_address>
         <size>0x0</size>
      </object_component>
      <object_component id="oc-72">
         <name>.int22</name>
         <load_address>0xffce</load_address>
         <run_address>0xffce</run_address>
         <size>0x2</size>
         <input_file_ref idref="fl-e"/>
      </object_component>
      <object_component id="oc-73">
         <name>.int23</name>
         <load_address>0xffd0</load_address>
         <run_address>0xffd0</run_address>
         <size>0x2</size>
         <input_file_ref idref="fl-3d"/>
      </object_component>
      <object_component id="oc-74">
         <name>.int24</name>
         <load_address>0xffd2</load_address>
         <run_address>0xffd2</run_address>
         <size>0x2</size>
         <input_file_ref idref="fl-e"/>
      </object_component>
      <object_component id="oc-75">
         <name>.int25</name>
         <load_address>0xffd4</load_address>
         <run_address>0xffd4</run_address>
         <size>0x2</size>
         <input_file_ref idref="fl-3f"/>
      </object_component>
      <object_component id="oc-76">
         <name>.int26</name>
         <load_address>0xffd6</load_address>
         <run_address>0xffd6</run_address>
         <size>0x2</size>
         <input_file_ref idref="fl-40"/>
      </object_component>
      <object_component id="oc-77">
         <name>.int27</name>
         <load_address>0xffd8</load_address>
         <run_address>0xffd8</run_address>
         <size>0x2</size>
         <input_file_ref idref="fl-41"/>
      </object_component>
      <object_component id="oc-78">
         <name>.int28</name>
         <load_address>0xffda</load_address>
         <run_address>0xffda</run_address>
         <size>0x2</size>
         <input_file_ref idref="fl-42"/>
      </object_component>
      <object_component id="oc-79">
         <name>.int29</name>
         <load_address>0xffdc</load_address>
         <run_address>0xffdc</run_address>
         <size>0x2</size>
         <input_file_ref idref="fl-c"/>
      </object_component>
      <object_component id="oc-7a">
         <name>.int30</name>
         <load_address>0xffde</load_address>
         <run_address>0xffde</run_address>
         <size>0x2</size>
         <input_file_ref idref="fl-43"/>
      </object_component>
      <object_component id="oc-7b">
         <name>.int31</name>
         <load_address>0xffe0</load_address>
         <run_address>0xffe0</run_address>
         <size>0x2</size>
         <input_file_ref idref="fl-44"/>
      </object_component>
      <object_component id="oc-7c">
         <name>.int32</name>
         <load_address>0xffe2</load_address>
         <run_address>0xffe2</run_address>
         <size>0x2</size>
         <input_file_ref idref="fl-d"/>
      </object_component>
      <object_component id="oc-7d">
         <name>.int33</name>
         <load_address>0xffe4</load_address>
         <run_address>0xffe4</run_address>
         <size>0x2</size>
         <input_file_ref idref="fl-d"/>
      </object_component>
      <object_component id="oc-7e">
         <name>.int34</name>
         <load_address>0xffe6</load_address>
         <run_address>0xffe6</run_address>
         <size>0x2</size>
         <input_file_ref idref="fl-45"/>
      </object_component>
      <object_component id="oc-7f">
         <name>.int35</name>
         <load_address>0xffe8</load_address>
         <run_address>0xffe8</run_address>
         <size>0x2</size>
         <input_file_ref idref="fl-46"/>
      </object_component>
      <object_component id="oc-80">
         <name>.int36</name>
         <load_address>0xffea</load_address>
         <run_address>0xffea</run_address>
         <size>0x2</size>
         <input_file_ref idref="fl-47"/>
      </object_component>
      <object_component id="oc-81">
         <name>.int37</name>
         <load_address>0xffec</load_address>
         <run_address>0xffec</run_address>
         <size>0x2</size>
         <input_file_ref idref="fl-48"/>
      </object_component>
      <object_component id="oc-82">
         <name>.int38</name>
         <load_address>0xffee</load_address>
         <run_address>0xffee</run_address>
         <size>0x2</size>
         <input_file_ref idref="fl-f"/>
      </object_component>
      <object_component id="oc-83">
         <name>.int39</name>
         <load_address>0xfff0</load_address>
         <run_address>0xfff0</run_address>
         <size>0x2</size>
         <input_file_ref idref="fl-f"/>
      </object_component>
      <object_component id="oc-84">
         <name>.int40</name>
         <load_address>0xfff2</load_address>
         <run_address>0xfff2</run_address>
         <size>0x2</size>
         <input_file_ref idref="fl-f"/>
      </object_component>
      <object_component id="oc-85">
         <name>.int41</name>
         <load_address>0xfff4</load_address>
         <run_address>0xfff4</run_address>
         <size>0x2</size>
         <input_file_ref idref="fl-f"/>
      </object_component>
      <object_component id="oc-86">
         <name>.int42</name>
         <load_address>0xfff6</load_address>
         <run_address>0xfff6</run_address>
         <size>0x2</size>
         <input_file_ref idref="fl-f"/>
      </object_component>
      <object_component id="oc-87">
         <name>.int43</name>
         <load_address>0xfff8</load_address>
         <run_address>0xfff8</run_address>
         <size>0x2</size>
         <input_file_ref idref="fl-f"/>
      </object_component>
      <object_component id="oc-88">
         <name>.int44</name>
         <load_address>0xfffa</load_address>
         <run_address>0xfffa</run_address>
         <size>0x2</size>
         <input_file_ref idref="fl-49"/>
      </object_component>
      <object_component id="oc-89">
         <name>.int45</name>
         <load_address>0xfffc</load_address>
         <run_address>0xfffc</run_address>
         <size>0x2</size>
         <input_file_ref idref="fl-4a"/>
      </object_component>
      <object_component id="oc-41f">
         <name>.reset</name>
         <load_address>0xfffe</load_address>
         <run_address>0xfffe</run_address>
         <size>0x2</size>
         <input_file_ref idref="fl-56"/>
      </object_component>
      <object_component id="oc-873">
         <name>.debug_info</name>
         <load_address>0x0</load_address>
         <run_address>0x0</run_address>
         <size>0x38a</size>
         <input_file_ref idref="fl-2"/>
      </object_component>
      <object_component id="oc-74f">
         <name>.debug_info</name>
         <load_address>0x38a</load_address>
         <run_address>0x38a</run_address>
         <size>0x1c2</size>
         <input_file_ref idref="fl-2"/>
      </object_component>
      <object_component id="oc-5c5">
         <name>.debug_info</name>
         <load_address>0x54c</load_address>
         <run_address>0x54c</run_address>
         <size>0x13a</size>
         <input_file_ref idref="fl-2"/>
      </object_component>
      <object_component id="oc-597">
         <name>.debug_info</name>
         <load_address>0x686</load_address>
         <run_address>0x686</run_address>
         <size>0x136</size>
         <input_file_ref idref="fl-2"/>
      </object_component>
      <object_component id="oc-74b">
         <name>.debug_info</name>
         <load_address>0x7bc</load_address>
         <run_address>0x7bc</run_address>
         <size>0x18a</size>
         <input_file_ref idref="fl-2"/>
      </object_component>
      <object_component id="oc-741">
         <name>.debug_info</name>
         <load_address>0x946</load_address>
         <run_address>0x946</run_address>
         <size>0x72</size>
         <input_file_ref idref="fl-2"/>
      </object_component>
      <object_component id="oc-426">
         <name>.debug_info</name>
         <load_address>0x9b8</load_address>
         <run_address>0x9b8</run_address>
         <size>0x84</size>
         <input_file_ref idref="fl-2"/>
      </object_component>
      <object_component id="oc-506">
         <name>.debug_info</name>
         <load_address>0xa3c</load_address>
         <run_address>0xa3c</run_address>
         <size>0x273</size>
         <input_file_ref idref="fl-3"/>
      </object_component>
      <object_component id="oc-509">
         <name>.debug_info</name>
         <load_address>0xcaf</load_address>
         <run_address>0xcaf</run_address>
         <size>0x11c</size>
         <input_file_ref idref="fl-3"/>
      </object_component>
      <object_component id="oc-6a8">
         <name>.debug_info</name>
         <load_address>0xdcb</load_address>
         <run_address>0xdcb</run_address>
         <size>0x136</size>
         <input_file_ref idref="fl-3"/>
      </object_component>
      <object_component id="oc-5ca">
         <name>.debug_info</name>
         <load_address>0xf01</load_address>
[...]
      <symbol id="sm-789">
         <name>stop_timer</name>
         <value>0x220c</value>
         <object_component_ref idref="oc-4d3"/>
      </symbol>
      <symbol id="sm-78a">
         <name>TIMER_B0_CCR0_ISR</name>
         <value>0xb5b6</value>
         <object_component_ref idref="oc-478"/>
      </symbol>
      <symbol id="sm-78b">
         <name>TIMER_B2_CCR0_ISR</name>
         <value>0xb6b6</value>
         <object_component_ref idref="oc-460"/>
      </symbol>
      <symbol id="sm-78c">
         <name>parse_iot_ready</name>
         <value>0x2206</value>
         <object_component_ref idref="oc-4d3"/>
      </symbol>
      <symbol id="sm-7a0">
         <name>main</name>
         <value>0x9eca</value>
         <object_component_ref idref="oc-51e"/>
      </symbol>
      <symbol id="sm-7d6">
         <name>Main_Menu_Process</name>
         <value>0x8ff2</value>
         <object_component_ref idref="oc-5e1"/>
      </symbol>
      <symbol id="sm-7d7">
         <name>prev_thumb</name>
         <value>0x22ca</value>
         <object_component_ref idref="oc-6b3"/>
      </symbol>
      <symbol id="sm-7d8">
         <name>Menu_ChangePage</name>
         <value>0xa888</value>
         <object_component_ref idref="oc-769"/>
      </symbol>
      <symbol id="sm-7d9">
         <name>menu_index</name>
         <value>0x22c6</value>
         <object_component_ref idref="oc-6b3"/>
      </symbol>
      <symbol id="sm-7da">
         <name>display_menu</name>
         <value>0x22c8</value>
         <object_component_ref idref="oc-6b3"/>
      </symbol>
      <symbol id="sm-80f">
         <name>Init_Port6</name>
         <value>0xa32e</value>
         <object_component_ref idref="oc-668"/>
      </symbol>
      <symbol id="sm-810">
         <name>Init_Port4</name>
         <value>0xa2a8</value>
         <object_component_ref idref="oc-65c"/>
      </symbol>
      <symbol id="sm-811">
         <name>Init_Port5</name>
         <value>0xad18</value>
         <object_component_ref idref="oc-662"/>
      </symbol>
      <symbol id="sm-812">
         <name>Init_Port2</name>
         <value>0xa048</value>
         <object_component_ref idref="oc-650"/>
      </symbol>
      <symbol id="sm-813">
         <name>Init_Port3</name>
         <value>0x9bae</value>
         <object_component_ref idref="oc-656"/>
      </symbol>
      <symbol id="sm-814">
         <name>Init_Port1</name>
         <value>0xa928</value>
         <object_component_ref idref="oc-64a"/>
      </symbol>
      <symbol id="sm-815">
         <name>Init_Ports</name>
         <value>0xaf04</value>
         <object_component_ref idref="oc-57e"/>
      </symbol>
      <symbol id="sm-88b">
         <name>Command_Buffer</name>
         <value>0x2080</value>
      </symbol>
      <symbol id="sm-88c">
         <name>current_command</name>
         <value>0x215c</value>
      </symbol>
      <symbol id="sm-88d">
         <name>cmd_queue_write</name>
         <value>0x228e</value>
         <object_component_ref idref="oc-4e9"/>
      </symbol>
      <symbol id="sm-88e">
         <name>Display_CurrentCommand</name>
         <value>0xab4c</value>
         <object_component_ref idref="oc-704"/>
      </symbol>
      <symbol id="sm-88f">
         <name>cmd_queue_read</name>
         <value>0x228f</value>
         <object_component_ref idref="oc-4e9"/>
      </symbol>
      <symbol id="sm-890">
         <name>cmd_queue_count</name>
         <value>0x2290</value>
         <object_component_ref idref="oc-4e9"/>
      </symbol>
      <symbol id="sm-891">
         <name>command_index</name>
         <value>0x228c</value>
         <object_component_ref idref="oc-4e9"/>
      </symbol>
      <symbol id="sm-892">
         <name>Parse_Command</name>
         <value>0x9e08</value>
         <object_component_ref idref="oc-6fe"/>
      </symbol>
      <symbol id="sm-893">
         <name>command_active</name>
         <value>0x2294</value>
         <object_component_ref idref="oc-4e9"/>
      </symbol>
      <symbol id="sm-894">
         <name>Get_Command</name>
         <value>0xa3aa</value>
         <object_component_ref idref="oc-6f8"/>
      </symbol>
      <symbol id="sm-895">
         <name>Process_Queue</name>
         <value>0x91c2</value>
         <object_component_ref idref="oc-5cf"/>
      </symbol>
      <symbol id="sm-896">
         <name>command_enabled</name>
         <value>0x2297</value>
         <object_component_ref idref="oc-4e9"/>
      </symbol>
      <symbol id="sm-897">
         <name>command_complete</name>
         <value>0x2295</value>
         <object_component_ref idref="oc-4e9"/>
      </symbol>
      <symbol id="sm-898">
         <name>command_ready</name>
         <value>0x228d</value>
         <object_component_ref idref="oc-4e9"/>
      </symbol>
      <symbol id="sm-899">
         <name>Queue_AddCommand</name>
         <value>0xa496</value>
         <object_component_ref idref="oc-6e8"/>
      </symbol>
      <symbol id="sm-89a">
         <name>command_timer</name>
         <value>0x2292</value>
         <object_component_ref idref="oc-4e9"/>
      </symbol>
      <symbol id="sm-89b">
         <name>wifi_pad_value</name>
         <value>0x2298</value>
         <object_component_ref idref="oc-4e9"/>
      </symbol>
      <symbol id="sm-89c">
         <name>command_waiting</name>
         <value>0x2296</value>
         <object_component_ref idref="oc-4e9"/>
      </symbol>
      <symbol id="sm-8a7">
         <name>SW1_pressed</name>
         <value>0x22b2</value>
         <object_component_ref idref="oc-4c8"/>
      </symbol>
      <symbol id="sm-8a8">
         <name>SW2_pressed</name>
         <value>0x22b4</value>
         <object_component_ref idref="oc-4c8"/>
      </symbol>
      <symbol id="sm-8a9">
         <name>display_ADC_values</name>
         <value>0x22b9</value>
         <object_component_ref idref="oc-4c8"/>
      </symbol>
      <symbol id="sm-8aa">
         <name>drive_enabled</name>
         <value>0x22b8</value>
         <object_component_ref idref="oc-4c8"/>
      </symbol>
      <symbol id="sm-8ab">
         <name>pending_send</name>
         <value>0x22ba</value>
         <object_component_ref idref="oc-4c8"/>
      </symbol>
      <symbol id="sm-8ac">
         <name>goto_Start</name>
         <value>0x22b6</value>
         <object_component_ref idref="oc-4c8"/>
      </symbol>
      <symbol id="sm-8b5">
         <name>enable_interrupts</name>
         <value>0xb182</value>
         <object_component_ref idref="oc-67d"/>
      </symbol>
      <symbol id="sm-8d3">
         <name>Init_Timers</name>
         <value>0xb0dc</value>
         <object_component_ref idref="oc-590"/>
      </symbol>
      <symbol id="sm-8d4">
         <name>Init_Timer_B2</name>
         <value>0xa7d2</value>
         <object_component_ref idref="oc-690"/>
      </symbol>
      <symbol id="sm-8d5">
         <name>Init_Timer_B1</name>
         <value>0xa774</value>
         <object_component_ref idref="oc-68a"/>
      </symbol>
      <symbol id="sm-8d6">
         <name>Init_Timer_B0</name>
         <value>0xa716</value>
         <object_component_ref idref="oc-684"/>
      </symbol>
      <symbol id="sm-8df">
         <name>Init_Timer_B3</name>
         <value>0xa8dc</value>
         <object_component_ref idref="oc-696"/>
      </symbol>
      <symbol id="sm-951">
         <name>right_first</name>
         <value>0x21c7</value>
         <object_component_ref idref="oc-4f7"/>
      </symbol>
      <symbol id="sm-952">
         <name>Line_Follow_Start_Autonomous</name>
         <value>0xa220</value>
         <object_component_ref idref="oc-711"/>
      </symbol>
      <symbol id="sm-953">
         <name>left_error</name>
         <value>0x21c2</value>
         <object_component_ref idref="oc-4f7"/>
      </symbol>
      <symbol id="sm-954">
         <name>right_error</name>
         <value>0x21c4</value>
         <object_component_ref idref="oc-4f7"/>
      </symbol>
      <symbol id="sm-955">
         <name>circle_lap_count</name>
         <value>0x21bc</value>
         <object_component_ref idref="oc-4f7"/>
      </symbol>
      <symbol id="sm-956">
         <name>left_first</name>
         <value>0x21c6</value>
         <object_component_ref idref="oc-4f7"/>
      </symbol>
      <symbol id="sm-957">
         <name>drive_timer</name>
         <value>0x21b8</value>
         <object_component_ref idref="oc-4f7"/>
      </symbol>
      <symbol id="sm-958">
         <name>drive_state</name>
         <value>0x21b2</value>
         <object_component_ref idref="oc-4f7"/>
      </symbol>
      <symbol id="sm-959">
         <name>Line_Follow_PD_V1</name>
         <value>0x9690</value>
         <object_component_ref idref="oc-760"/>
      </symbol>
      <symbol id="sm-95a">
         <name>update_state_timer</name>
         <value>0x21c1</value>
         <object_component_ref idref="oc-4f7"/>
      </symbol>
      <symbol id="sm-95b">
         <name>next_drive_state</name>
         <value>0x21be</value>
         <object_component_ref idref="oc-4f7"/>
      </symbol>
      <symbol id="sm-95c">
         <name>Line_Follow_Process</name>
         <value>0x88d8</value>
         <object_component_ref idref="oc-5db"/>
      </symbol>
      <symbol id="sm-95d">
         <name>line_state</name>
         <value>0x21b4</value>
         <object_component_ref idref="oc-4f7"/>
      </symbol>
      <symbol id="sm-95e">
         <name>last_line_state</name>
         <value>0x21b6</value>
         <object_component_ref idref="oc-4f7"/>
      </symbol>
      <symbol id="sm-95f">
         <name>process_line_follow</name>
         <value>0x21c0</value>
         <object_component_ref idref="oc-4f7"/>
      </symbol>
      <symbol id="sm-960">
         <name>drive_pause_complete</name>
         <value>0x21ba</value>
         <object_component_ref idref="oc-4f7"/>
      </symbol>
      <symbol id="sm-9fd">
         <name>current_character</name>
         <value>0x21ab</value>
      </symbol>
      <symbol id="sm-9fe">
         <name>display_changed</name>
         <value>0x21ac</value>
      </symbol>
      <symbol id="sm-9ff">
         <name>display_line</name>
         <value>0x20d0</value>
      </symbol>
      <symbol id="sm-a00">
         <name>display</name>
         <value>0x218c</value>
      </symbol>
      <symbol id="sm-a01">
         <name>ClrDisplay_Buffer_2</name>
         <value>0xafa2</value>
         <object_component_ref idref="oc-8dd"/>
      </symbol>
      <symbol id="sm-a02">
         <name>ClrDisplay_Buffer_3</name>
         <value>0xafba</value>
         <object_component_ref idref="oc-8e3"/>
      </symbol>
      <symbol id="sm-a03">
         <name>ClrDisplay_Buffer_0</name>
         <value>0xaf72</value>
         <object_component_ref idref="oc-8d1"/>
      </symbol>
      <symbol id="sm-a04">
         <name>ClrDisplay_Buffer_1</name>
         <value>0xaf8a</value>
         <object_component_ref idref="oc-8d7"/>
      </symbol>
      <symbol id="sm-a05">
         <name>spi_chipselect_idle</name>
         <value>0xb0b2</value>
         <object_component_ref idref="oc-80b"/>
      </symbol>
      <symbol id="sm-a06">
         <name>WriteIns</name>
         <value>0xadf4</value>
         <object_component_ref idref="oc-817"/>
      </symbol>
      <symbol id="sm-a07">
         <name>spi_reset_active</name>
         <value>0xb196</value>
         <object_component_ref idref="oc-811"/>
      </symbol>
      <symbol id="sm-a08">
         <name>WriteData</name>
         <value>0xadcc</value>
         <object_component_ref idref="oc-8eb"/>
      </symbol>
      <symbol id="sm-a09">
         <name>lcd_4line</name>
         <value>0xb152</value>
         <object_component_ref idref="oc-880"/>
      </symbol>
      <symbol id="sm-a0a">
         <name>DisplayOnOff</name>
         <value>0xb144</value>
         <object_component_ref idref="oc-823"/>
      </symbol>
      <symbol id="sm-a0b">
         <name>spi_chipselect_active</name>
         <value>0xb112</value>
         <object_component_ref idref="oc-8c4"/>
      </symbol>
      <symbol id="sm-a0c">
         <name>lcd_out</name>
         <value>0xaf3c</value>
         <object_component_ref idref="oc-82a"/>
      </symbol>
      <symbol id="sm-a0d">
         <name>Display_Update</name>
         <value>0xaa48</value>
         <object_component_ref idref="oc-6cf"/>
      </symbol>
      <symbol id="sm-a0e">
         <name>Init_LCD</name>
         <value>0x9c80</value>
         <object_component_ref idref="oc-6c8"/>
      </symbol>
      <symbol id="sm-a0f">
         <name>SPI_B1_write</name>
         <value>0xaf20</value>
         <object_component_ref idref="oc-8ca"/>
      </symbol>
      <symbol id="sm-a10">
         <name>Init_SPI_B1</name>
         <value>0xaa8c</value>
         <object_component_ref idref="oc-7ff"/>
      </symbol>
      <symbol id="sm-a11">
         <name>spi_reset_idle</name>
         <value>0xb19c</value>
         <object_component_ref idref="oc-805"/>
      </symbol>
      <symbol id="sm-a12">
         <name>ClrDisplay</name>
         <value>0xb018</value>
         <object_component_ref idref="oc-81d"/>
      </symbol>
      <symbol id="sm-a13">
         <name>lcd_BIG_mid</name>
         <value>0xaee6</value>
         <object_component_ref idref="oc-84f"/>
      </symbol>
      <symbol id="sm-a34">
         <name>__TI_decompress_lzss</name>
         <value>0x99de</value>
         <object_component_ref idref="oc-66"/>
      </symbol>
      <symbol id="sm-a45">
         <name>__TI_decompress_none</name>
         <value>0xac04</value>
         <object_component_ref idref="oc-6c"/>
      </symbol>
      <symbol id="sm-a48">
         <name>__TI_int23</name>
         <value>0xffd0</value>
         <object_component_ref idref="oc-73"/>
      </symbol>
      <symbol id="sm-a50">
         <name>__TI_ISR_TRAP</name>
         <value>0xb6c6</value>
         <object_component_ref idref="oc-43d"/>
      </symbol>
      <symbol id="sm-a53">
         <name>__TI_int25</name>
         <value>0xffd4</value>
         <object_component_ref idref="oc-75"/>
      </symbol>
      <symbol id="sm-a56">
         <name>__TI_int26</name>
         <value>0xffd6</value>
         <object_component_ref idref="oc-76"/>
      </symbol>
      <symbol id="sm-a59">
         <name>__TI_int27</name>
         <value>0xffd8</value>
         <object_component_ref idref="oc-77"/>
      </symbol>
      <symbol id="sm-a5c">
         <name>__TI_int28</name>
         <value>0xffda</value>
         <object_component_ref idref="oc-78"/>
      </symbol>
      <symbol id="sm-a5f">
         <name>__TI_int30</name>
         <value>0xffde</value>
         <object_component_ref idref="oc-7a"/>
      </symbol>
      <symbol id="sm-a62">
         <name>__TI_int31</name>
         <value>0xffe0</value>
         <object_component_ref idref="oc-7b"/>
      </symbol>
      <symbol id="sm-a65">
         <name>__TI_int34</name>
         <value>0xffe6</value>
         <object_component_ref idref="oc-7e"/>
      </symbol>
      <symbol id="sm-a68">
         <name>__TI_int35</name>
         <value>0xffe8</value>
         <object_component_ref idref="oc-7f"/>
      </symbol>
      <symbol id="sm-a6b">
         <name>__TI_int36</name>
         <value>0xffea</value>
         <object_component_ref idref="oc-80"/>
      </symbol>
      <symbol id="sm-a6e">
         <name>__TI_int37</name>
         <value>0xffec</value>
         <object_component_ref idref="oc-81"/>
      </symbol>
      <symbol id="sm-a71">
         <name>__TI_int44</name>
         <value>0xfffa</value>
         <object_component_ref idref="oc-88"/>
      </symbol>
      <symbol id="sm-a74">
         <name>__TI_int45</name>
         <value>0xfffc</value>
         <object_component_ref idref="oc-89"/>
      </symbol>
      <symbol id="sm-a84">
         <name>__TI_zero_init_nomemset</name>
         <value>0xab8a</value>
         <object_component_ref idref="oc-47e"/>
      </symbol>
      <symbol id="sm-a8f">
         <name>__memcpy_far</name>
         <value>0xab0c</value>
         <object_component_ref idref="oc-42b"/>
      </symbol>
      <symbol id="sm-a9b">
         <name>__mspabi_remi</name>
         <value>0xad76</value>
         <object_component_ref idref="oc-846"/>
      </symbol>
      <symbol id="sm-a9c">
         <name>__mspabi_divi</name>
         <value>0xad76</value>
         <object_component_ref idref="oc-846"/>
      </symbol>
      <symbol id="sm-aa6">
         <name>__mspabi_remu</name>
         <value>0xb09c</value>
         <object_component_ref idref="oc-71d"/>
      </symbol>
      <symbol id="sm-aa7">
         <name>__mspabi_divu</name>
         <value>0xb09c</value>
         <object_component_ref idref="oc-71d"/>
      </symbol>
      <symbol id="sm-ab5">
         <name>__mspabi_remul</name>
         <value>0xa830</value>
         <object_component_ref idref="oc-753"/>
      </symbol>
      <symbol id="sm-ab6">
         <name>__mspabi_divul</name>
         <value>0xa830</value>
         <object_component_ref idref="oc-753"/>
      </symbol>
      <symbol id="sm-abf">
         <name>__mspabi_mpyi_f5hw</name>
         <value>0xafea</value>
         <object_component_ref idref="oc-6df"/>
      </symbol>
      <symbol id="sm-ad3">
         <name>_c_int00_noargs_mpu</name>
         <value>0xb696</value>
         <object_component_ref idref="oc-4a8"/>
      </symbol>
      <symbol id="sm-ad4">
         <name>_stack</name>
         <value>0x2f60</value>
         <object_component_ref idref="oc-41c"/>
      </symbol>
      <symbol id="sm-ad5">
         <name>_reset_vector</name>
         <value>0xfffe</value>
         <object_component_ref idref="oc-41f"/>
      </symbol>
      <symbol id="sm-ae3">
         <name>__mpu_init</name>
         <value>0xabc8</value>
         <object_component_ref idref="oc-530"/>
      </symbol>
      <symbol id="sm-b06">
         <name>__TI_auto_init_nobinit_nopinit_hold_wdt</name>
         <value>0xa578</value>
         <object_component_ref idref="oc-618"/>
      </symbol>
      <symbol id="sm-b0f">
         <name>_system_post_cinit</name>
         <value>0xb1a6</value>
         <object_component_ref idref="oc-7a0"/>
      </symbol>
      <symbol id="sm-b18">
         <name>_system_pre_init</name>
         <value>0xb1a2</value>
         <object_component_ref idref="oc-518"/>
      </symbol>
      <symbol id="sm-b22">
         <name>abs</name>
         <value>0xb178</value>
         <object_component_ref idref="oc-879"/>
      </symbol>
      <symbol id="sm-b2d">
         <name>C$$EXIT</name>
         <value>0xb190</value>
         <object_component_ref idref="oc-5f4"/>
      </symbol>
      <symbol id="sm-b2e">
         <name>abort</name>
         <value>0xb190</value>
         <object_component_ref idref="oc-5f4"/>
      </symbol>
      <symbol id="sm-b3e">
         <name>memcpy</name>
         <value>0xb100</value>
         <object_component_ref idref="oc-83a"/>
      </symbol>
      <symbol id="sm-b5f">
         <name>sprintf</name>
         <value>0xac40</value>
         <object_component_ref idref="oc-72e"/>
      </symbol>
      <symbol id="sm-bb8">
         <name>__TI_printfi_minimal</name>
         <value>0x9acc</value>
         <object_component_ref idref="oc-868"/>
      </symbol>
      <symbol id="sm-be6">
         <name>memccpy</name>
         <value>0xae66</value>
         <object_component_ref idref="oc-946"/>
      </symbol>
      <symbol id="sm-bf4">
         <name>memset</name>
         <value>0xb0c8</value>
         <object_component_ref idref="oc-939"/>
      </symbol>
      <symbol id="sm-c02">
         <name>strcpy</name>
         <value>0xb134</value>
         <object_component_ref idref="oc-59e"/>
      </symbol>
      <symbol id="sm-c0f">
         <name>strlen</name>
         <value>0xb160</value>
         <object_component_ref idref="oc-903"/>
      </symbol>
   </symbol_table>
   <title>Link successful</title>
</link_info>
