<?xml version="1.0" encoding="ISO-8859-1" ?>
<link_info>
   <banner>MSP430 Linker PC v21.6.1.LTS</banner>
   <copyright>Copyright (c) 2003-2018 Texas Instruments Incorporated</copyright>
   <link_time>0x693203a7</link_time>
   <link_errors>0x0</link_errors>
   <output_file>Project 10_b.out</output_file>
   <entry_point>
      <name>_c_int00_noargs_mpu</name>
      <address>0xb6d0</address>
   </entry_point>
   <input_file_list>
      <input_file id="fl-2">
         <path>.\</path>
         <kind>object</kind>
         <file>ADC.obj</file>
         <name>ADC.obj</name>
      </input_file>
      <input_file id="fl-3">
         <path>.\</path>
         <kind>object</kind>
         <file>DAC.obj</file>
         <name>DAC.obj</name>
      </input_file>
      <input_file id="fl-4">
         <path>.\</path>
         <kind>object</kind>
         <file>DAC_test.obj</file>
         <name>DAC_test.obj</name>
      </input_file>
      <input_file id="fl-5">
         <path>.\</path>
         <kind>object</kind>
         <file>Display.obj</file>
         <name>Display.obj</name>
      </input_file>
      <input_file id="fl-6">
         <path>.\</path>
         <kind>object</kind>
         <file>PWM.obj</file>
         <name>PWM.obj</name>
      </input_file>
      <input_file id="fl-7">
         <path>.\</path>
         <kind>object</kind>
         <file>UART.obj</file>
         <name>UART.obj</name>
      </input_file>
      <input_file id="fl-8">
         <path>.\</path>
         <kind>object</kind>
         <file>bootup.obj</file>
         <name>bootup.obj</name>
      </input_file>
      <input_file id="fl-9">
         <path>.\</path>
         <kind>object</kind>
         <file>calibration.obj</file>
         <name>calibration.obj</name>
      </input_file>
      <input_file id="fl-a">
         <path>.\</path>
         <kind>object</kind>
         <file>clocks.obj</file>
         <name>clocks.obj</name>
      </input_file>
      <input_file id="fl-b">
         <path>.\</path>
         <kind>object</kind>
         <file>init.obj</file>
         <name>init.obj</name>
      </input_file>
      <input_file id="fl-c">
         <path>.\</path>
         <kind>object</kind>
         <file>interrupts_ADC.obj</file>
         <name>interrupts_ADC.obj</name>
      </input_file>
      <input_file id="fl-d">
         <path>.\</path>
         <kind>object</kind>
         <file>interrupts_UART.obj</file>
         <name>interrupts_UART.obj</name>
      </input_file>
      <input_file id="fl-e">
         <path>.\</path>
         <kind>object</kind>
         <file>interrupts_switches.obj</file>
         <name>interrupts_switches.obj</name>
      </input_file>
      <input_file id="fl-f">
         <path>.\</path>
         <kind>object</kind>
         <file>interrupts_timers.obj</file>
         <name>interrupts_timers.obj</name>
      </input_file>
      <input_file id="fl-10">
         <path>.\</path>
         <kind>object</kind>
         <file>led.obj</file>
         <name>led.obj</name>
      </input_file>
      <input_file id="fl-11">
         <path>.\</path>
         <kind>object</kind>
         <file>main.obj</file>
         <name>main.obj</name>
      </input_file>
      <input_file id="fl-12">
         <path>.\</path>
         <kind>object</kind>
         <file>menu.obj</file>
         <name>menu.obj</name>
      </input_file>
      <input_file id="fl-13">
         <path>.\</path>
         <kind>object</kind>
         <file>ports.obj</file>
         <name>ports.obj</name>
      </input_file>
      <input_file id="fl-14">
         <path>.\</path>
         <kind>object</kind>
         <file>queue.obj</file>
         <name>queue.obj</name>
      </input_file>
      <input_file id="fl-15">
         <path>.\</path>
         <kind>object</kind>
         <file>switches.obj</file>
         <name>switches.obj</name>
      </input_file>
      <input_file id="fl-16">
         <path>.\</path>
         <kind>object</kind>
         <file>system.obj</file>
         <name>system.obj</name>
      </input_file>
      <input_file id="fl-17">
         <path>.\</path>
         <kind>object</kind>
         <file>timers_b0.obj</file>
         <name>timers_b0.obj</name>
      </input_file>
      <input_file id="fl-18">
         <path>.\</path>
         <kind>object</kind>
         <file>timers_b3.obj</file>
         <name>timers_b3.obj</name>
      </input_file>
      <input_file id="fl-19">
         <path>.\</path>
         <kind>object</kind>
         <file>wheels.obj</file>
         <name>wheels.obj</name>
      </input_file>
      <input_file id="fl-1a">
         <path>..\Compiled\</path>
         <kind>object</kind>
         <file>LCD.obj</file>
         <name>LCD.obj</name>
      </input_file>
      <input_file id="fl-20">
         <kind>object</kind>
         <file>&lt;internal&gt;</file>
         <name>&lt;internal&gt;</name>
      </input_file>
      <input_file id="fl-3b">
         <path>C:\ti\ccs1281\ccs\tools\compiler\ti-cgt-msp430_21.6.1.LTS\lib\</path>
         <kind>archive</kind>
         <file>rts430x_lc_sd_eabi.lib</file>
         <name>copy_decompress_lzss.c.obj</name>
      </input_file>
      <input_file id="fl-3c">
         <path>C:\ti\ccs1281\ccs\tools\compiler\ti-cgt-msp430_21.6.1.LTS\lib\</path>
         <kind>archive</kind>
         <file>rts430x_lc_sd_eabi.lib</file>
         <name>copy_decompress_none.c.obj</name>
      </input_file>
      <input_file id="fl-3d">
         <path>C:\ti\ccs1281\ccs\tools\compiler\ti-cgt-msp430_21.6.1.LTS\lib\</path>
         <kind>archive</kind>
         <file>rts430x_lc_sd_eabi.lib</file>
         <name>int23.asm.obj</name>
      </input_file>
      <input_file id="fl-3e">
         <path>C:\ti\ccs1281\ccs\tools\compiler\ti-cgt-msp430_21.6.1.LTS\lib\</path>
         <kind>archive</kind>
         <file>rts430x_lc_sd_eabi.lib</file>
         <name>isr_trap.asm.obj</name>
      </input_file>
      <input_file id="fl-3f">
         <path>C:\ti\ccs1281\ccs\tools\compiler\ti-cgt-msp430_21.6.1.LTS\lib\</path>
         <kind>archive</kind>
         <file>rts430x_lc_sd_eabi.lib</file>
         <name>int25.asm.obj</name>
      </input_file>
      <input_file id="fl-40">
         <path>C:\ti\ccs1281\ccs\tools\compiler\ti-cgt-msp430_21.6.1.LTS\lib\</path>
         <kind>archive</kind>
         <file>rts430x_lc_sd_eabi.lib</file>
         <name>int26.asm.obj</name>
      </input_file>
      <input_file id="fl-41">
         <path>C:\ti\ccs1281\ccs\tools\compiler\ti-cgt-msp430_21.6.1.LTS\lib\</path>
         <kind>archive</kind>
         <file>rts430x_lc_sd_eabi.lib</file>
         <name>int27.asm.obj</name>
      </input_file>
      <input_file id="fl-42">
         <path>C:\ti\ccs1281\ccs\tools\compiler\ti-cgt-msp430_21.6.1.LTS\lib\</path>
         <kind>archive</kind>
         <file>rts430x_lc_sd_eabi.lib</file>
         <name>int28.asm.obj</name>
      </input_file>
      <input_file id="fl-43">
         <path>C:\ti\ccs1281\ccs\tools\compiler\ti-cgt-msp430_21.6.1.LTS\lib\</path>
         <kind>archive</kind>
         <file>rts430x_lc_sd_eabi.lib</file>
         <name>int30.asm.obj</name>
      </input_file>
      <input_file id="fl-44">
         <path>C:\ti\ccs1281\ccs\tools\compiler\ti-cgt-msp430_21.6.1.LTS\lib\</path>
         <kind>archive</kind>
         <file>rts430x_lc_sd_eabi.lib</file>
         <name>int31.asm.obj</name>
      </input_file>
      <input_file id="fl-45">
         <path>C:\ti\ccs1281\ccs\tools\compiler\ti-cgt-msp430_21.6.1.LTS\lib\</path>
         <kind>archive</kind>
         <file>rts430x_lc_sd_eabi.lib</file>
         <name>int34.asm.obj</name>
      </input_file>
      <input_file id="fl-46">
         <path>C:\ti\ccs1281\ccs\tools\compiler\ti-cgt-msp430_21.6.1.LTS\lib\</path>
         <kind>archive</kind>
         <file>rts430x_lc_sd_eabi.lib</file>
         <name>int35.asm.obj</name>
      </input_file>
      <input_file id="fl-47">
         <path>C:\ti\ccs1281\ccs\tools\compiler\ti-cgt-msp430_21.6.1.LTS\lib\</path>
         <kind>archive</kind>
         <file>rts430x_lc_sd_eabi.lib</file>
         <name>int36.asm.obj</name>
      </input_file>
      <input_file id="fl-48">
         <path>C:\ti\ccs1281\ccs\tools\compiler\ti-cgt-msp430_21.6.1.LTS\lib\</path>
         <kind>archive</kind>
         <file>rts430x_lc_sd_eabi.lib</file>
         <name>int37.asm.obj</name>
      </input_file>
      <input_file id="fl-49">
         <path>C:\ti\ccs1281\ccs\tools\compiler\ti-cgt-msp430_21.6.1.LTS\lib\</path>
         <kind>archive</kind>
         <file>rts430x_lc_sd_eabi.lib</file>
         <name>int44.asm.obj</name>
      </input_file>
      <input_file id="fl-4a">
         <path>C:\ti\ccs1281\ccs\tools\compiler\ti-cgt-msp430_21.6.1.LTS\lib\</path>
         <kind>archive</kind>
         <file>rts430x_lc_sd_eabi.lib</file>
         <name>int45.asm.obj</name>
      </input_file>
      <input_file id="fl-4b">
         <path>C:\ti\ccs1281\ccs\tools\compiler\ti-cgt-msp430_21.6.1.LTS\lib\</path>
         <kind>archive</kind>
         <file>rts430x_lc_sd_eabi.lib</file>
         <name>copy_zero_init.c.obj</name>
      </input_file>
      <input_file id="fl-4c">
         <path>C:\ti\ccs1281\ccs\tools\compiler\ti-cgt-msp430_21.6.1.LTS\lib\</path>
         <kind>archive</kind>
         <file>rts430x_lc_sd_eabi.lib</file>
         <name>cpy_util.asm.obj</name>
      </input_file>
      <input_file id="fl-4d">
         <path>C:\ti\ccs1281\ccs\tools\compiler\ti-cgt-msp430_21.6.1.LTS\lib\</path>
         <kind>archive</kind>
         <file>rts430x_lc_sd_eabi.lib</file>
         <name>div16s.asm.obj</name>
      </input_file>
      <input_file id="fl-4e">
         <path>C:\ti\ccs1281\ccs\tools\compiler\ti-cgt-msp430_21.6.1.LTS\lib\</path>
         <kind>archive</kind>
         <file>rts430x_lc_sd_eabi.lib</file>
         <name>div16u.asm.obj</name>
      </input_file>
      <input_file id="fl-4f">
         <path>C:\ti\ccs1281\ccs\tools\compiler\ti-cgt-msp430_21.6.1.LTS\lib\</path>
         <kind>archive</kind>
         <file>rts430x_lc_sd_eabi.lib</file>
         <name>div32u.asm.obj</name>
      </input_file>
      <input_file id="fl-50">
         <path>C:\ti\ccs1281\ccs\tools\compiler\ti-cgt-msp430_21.6.1.LTS\lib\</path>
         <kind>archive</kind>
         <file>rts430x_lc_sd_eabi.lib</file>
         <name>mult16.asm.obj</name>
      </input_file>
      <input_file id="fl-51">
         <path>C:\ti\ccs1281\ccs\tools\compiler\ti-cgt-msp430_21.6.1.LTS\lib\</path>
         <kind>archive</kind>
         <file>rts430x_lc_sd_eabi.lib</file>
         <name>mult16_f5hw.asm.obj</name>
      </input_file>
      <input_file id="fl-52">
         <path>C:\ti\ccs1281\ccs\tools\compiler\ti-cgt-msp430_21.6.1.LTS\lib\</path>
         <kind>archive</kind>
         <file>rts430x_lc_sd_eabi.lib</file>
         <name>mult32_f5hw.asm.obj</name>
      </input_file>
      <input_file id="fl-53">
         <path>C:\ti\ccs1281\ccs\tools\compiler\ti-cgt-msp430_21.6.1.LTS\lib\</path>
         <kind>archive</kind>
         <file>rts430x_lc_sd_eabi.lib</file>
         <name>mult64_f5hw.asm.obj</name>
      </input_file>
      <input_file id="fl-54">
         <path>C:\ti\ccs1281\ccs\tools\compiler\ti-cgt-msp430_21.6.1.LTS\lib\</path>
         <kind>archive</kind>
         <file>rts430x_lc_sd_eabi.lib</file>
         <name>mult1632_f5hw.asm.obj</name>
      </input_file>
      <input_file id="fl-55">
         <path>C:\ti\ccs1281\ccs\tools\compiler\ti-cgt-msp430_21.6.1.LTS\lib\</path>
         <kind>archive</kind>
         <file>rts430x_lc_sd_eabi.lib</file>
         <name>mult3264_f5hw.asm.obj</name>
      </input_file>
      <input_file id="fl-56">
         <path>C:\ti\ccs1281\ccs\tools\compiler\ti-cgt-msp430_21.6.1.LTS\lib\</path>
         <kind>archive</kind>
         <file>rts430x_lc_sd_eabi.lib</file>
         <name>boot.c.obj</name>
      </input_file>
      <input_file id="fl-57">
         <path>C:\ti\ccs1281\ccs\ccs_base\msp430\lib\FR2xx\</path>
         <kind>archive</kind>
         <file>FRWP_INIT_LIB_CCS_msp430_large_code_small_data.lib</file>
         <name>frwp_init.obj</name>
      </input_file>
      <input_file id="fl-58">
         <path>C:\ti\ccs1281\ccs\tools\compiler\ti-cgt-msp430_21.6.1.LTS\lib\</path>
         <kind>archive</kind>
         <file>rts430x_lc_sd_eabi.lib</file>
         <name>args_main.c.obj</name>
      </input_file>
      <input_file id="fl-59">
         <path>C:\ti\ccs1281\ccs\tools\compiler\ti-cgt-msp430_21.6.1.LTS\lib\</path>
         <kind>archive</kind>
         <file>rts430x_lc_sd_eabi.lib</file>
         <name>autoinit.c.obj</name>
      </input_file>
      <input_file id="fl-5a">
         <path>C:\ti\ccs1281\ccs\tools\compiler\ti-cgt-msp430_21.6.1.LTS\lib\</path>
         <kind>archive</kind>
         <file>rts430x_lc_sd_eabi.lib</file>
         <name>startup.c.obj</name>
      </input_file>
      <input_file id="fl-5b">
         <path>C:\ti\ccs1281\ccs\tools\compiler\ti-cgt-msp430_21.6.1.LTS\lib\</path>
         <kind>archive</kind>
         <file>rts430x_lc_sd_eabi.lib</file>
         <name>pre_init.c.obj</name>
      </input_file>
      <input_file id="fl-5c">
         <path>C:\ti\ccs1281\ccs\tools\compiler\ti-cgt-msp430_21.6.1.LTS\lib\</path>
         <kind>archive</kind>
         <file>rts430x_lc_sd_eabi.lib</file>
         <name>abs.c.obj</name>
      </input_file>
      <input_file id="fl-5d">
         <path>C:\ti\ccs1281\ccs\tools\compiler\ti-cgt-msp430_21.6.1.LTS\lib\</path>
         <kind>archive</kind>
         <file>rts430x_lc_sd_eabi.lib</file>
         <name>cpy_tbl.c.obj</name>
      </input_file>
      <input_file id="fl-5e">
         <path>C:\ti\ccs1281\ccs\tools\compiler\ti-cgt-msp430_21.6.1.LTS\lib\</path>
         <kind>archive</kind>
         <file>rts430x_lc_sd_eabi.lib</file>
         <name>exit.c.obj</name>
      </input_file>
      <input_file id="fl-5f">
         <path>C:\ti\ccs1281\ccs\tools\compiler\ti-cgt-msp430_21.6.1.LTS\lib\</path>
         <kind>archive</kind>
         <file>rts430x_lc_sd_eabi.lib</file>
         <name>exit_gvars.c.obj</name>
      </input_file>
      <input_file id="fl-60">
         <path>C:\ti\ccs1281\ccs\tools\compiler\ti-cgt-msp430_21.6.1.LTS\lib\</path>
         <kind>archive</kind>
         <file>rts430x_lc_sd_eabi.lib</file>
         <name>_lock.c.obj</name>
      </input_file>
      <input_file id="fl-61">
         <path>C:\ti\ccs1281\ccs\tools\compiler\ti-cgt-msp430_21.6.1.LTS\lib\</path>
         <kind>archive</kind>
         <file>rts430x_lc_sd_eabi.lib</file>
         <name>memcpy.c.obj</name>
      </input_file>
      <input_file id="fl-62">
         <path>C:\ti\ccs1281\ccs\tools\compiler\ti-cgt-msp430_21.6.1.LTS\lib\</path>
         <kind>archive</kind>
         <file>rts430x_lc_sd_eabi.lib</file>
         <name>sprintf.c.obj</name>
      </input_file>
      <input_file id="fl-63">
         <path>C:\ti\ccs1281\ccs\tools\compiler\ti-cgt-msp430_21.6.1.LTS\lib\</path>
         <kind>archive</kind>
         <file>rts430x_lc_sd_eabi.lib</file>
         <name>_printfi.c.obj</name>
      </input_file>
      <input_file id="fl-64">
         <path>C:\ti\ccs1281\ccs\tools\compiler\ti-cgt-msp430_21.6.1.LTS\lib\</path>
         <kind>archive</kind>
         <file>rts430x_lc_sd_eabi.lib</file>
         <name>_ltoa.c.obj</name>
      </input_file>
      <input_file id="fl-65">
         <path>C:\ti\ccs1281\ccs\tools\compiler\ti-cgt-msp430_21.6.1.LTS\lib\</path>
         <kind>archive</kind>
         <file>rts430x_lc_sd_eabi.lib</file>
         <name>cmpd.c.obj</name>
      </input_file>
      <input_file id="fl-66">
         <path>C:\ti\ccs1281\ccs\tools\compiler\ti-cgt-msp430_21.6.1.LTS\lib\</path>
         <kind>archive</kind>
         <file>rts430x_lc_sd_eabi.lib</file>
         <name>divd.c.obj</name>
      </input_file>
      <input_file id="fl-67">
         <path>C:\ti\ccs1281\ccs\tools\compiler\ti-cgt-msp430_21.6.1.LTS\lib\</path>
         <kind>archive</kind>
         <file>rts430x_lc_sd_eabi.lib</file>
         <name>frcdivd.c.obj</name>
      </input_file>
      <input_file id="fl-68">
         <path>C:\ti\ccs1281\ccs\tools\compiler\ti-cgt-msp430_21.6.1.LTS\lib\</path>
         <kind>archive</kind>
         <file>rts430x_lc_sd_eabi.lib</file>
         <name>div32s.asm.obj</name>
      </input_file>
      <input_file id="fl-69">
         <path>C:\ti\ccs1281\ccs\tools\compiler\ti-cgt-msp430_21.6.1.LTS\lib\</path>
         <kind>archive</kind>
         <file>rts430x_lc_sd_eabi.lib</file>
         <name>div64u.c.obj</name>
      </input_file>
      <input_file id="fl-6a">
         <path>C:\ti\ccs1281\ccs\tools\compiler\ti-cgt-msp430_21.6.1.LTS\lib\</path>
         <kind>archive</kind>
         <file>rts430x_lc_sd_eabi.lib</file>
         <name>fixdi.c.obj</name>
      </input_file>
      <input_file id="fl-6b">
         <path>C:\ti\ccs1281\ccs\tools\compiler\ti-cgt-msp430_21.6.1.LTS\lib\</path>
         <kind>archive</kind>
         <file>rts430x_lc_sd_eabi.lib</file>
         <name>fixdli.c.obj</name>
      </input_file>
      <input_file id="fl-6c">
         <path>C:\ti\ccs1281\ccs\tools\compiler\ti-cgt-msp430_21.6.1.LTS\lib\</path>
         <kind>archive</kind>
         <file>rts430x_lc_sd_eabi.lib</file>
         <name>fltid.c.obj</name>
      </input_file>
      <input_file id="fl-6d">
         <path>C:\ti\ccs1281\ccs\tools\compiler\ti-cgt-msp430_21.6.1.LTS\lib\</path>
         <kind>archive</kind>
         <file>rts430x_lc_sd_eabi.lib</file>
         <name>fltlid.c.obj</name>
      </input_file>
      <input_file id="fl-6e">
         <path>C:\ti\ccs1281\ccs\tools\compiler\ti-cgt-msp430_21.6.1.LTS\lib\</path>
         <kind>archive</kind>
         <file>rts430x_lc_sd_eabi.lib</file>
         <name>mpyd.c.obj</name>
      </input_file>
      <input_file id="fl-6f">
         <path>C:\ti\ccs1281\ccs\tools\compiler\ti-cgt-msp430_21.6.1.LTS\lib\</path>
         <kind>archive</kind>
         <file>rts430x_lc_sd_eabi.lib</file>
         <name>frcmpyd.c.obj</name>
      </input_file>
      <input_file id="fl-70">
         <path>C:\ti\ccs1281\ccs\tools\compiler\ti-cgt-msp430_21.6.1.LTS\lib\</path>
         <kind>archive</kind>
         <file>rts430x_lc_sd_eabi.lib</file>
         <name>mult32.asm.obj</name>
      </input_file>
      <input_file id="fl-71">
         <path>C:\ti\ccs1281\ccs\tools\compiler\ti-cgt-msp430_21.6.1.LTS\lib\</path>
         <kind>archive</kind>
         <file>rts430x_lc_sd_eabi.lib</file>
         <name>mult64.asm.obj</name>
      </input_file>
      <input_file id="fl-72">
         <path>C:\ti\ccs1281\ccs\tools\compiler\ti-cgt-msp430_21.6.1.LTS\lib\</path>
         <kind>archive</kind>
         <file>rts430x_lc_sd_eabi.lib</file>
         <name>mult1632.asm.obj</name>
      </input_file>
      <input_file id="fl-73">
         <path>C:\ti\ccs1281\ccs\tools\compiler\ti-cgt-msp430_21.6.1.LTS\lib\</path>
         <kind>archive</kind>
         <file>rts430x_lc_sd_eabi.lib</file>
         <name>mult3264.asm.obj</name>
      </input_file>
      <input_file id="fl-74">
         <path>C:\ti\ccs1281\ccs\tools\compiler\ti-cgt-msp430_21.6.1.LTS\lib\</path>
         <kind>archive</kind>
         <file>rts430x_lc_sd_eabi.lib</file>
         <name>negd.c.obj</name>
      </input_file>
      <input_file id="fl-75">
         <path>C:\ti\ccs1281\ccs\tools\compiler\ti-cgt-msp430_21.6.1.LTS\lib\</path>
         <kind>archive</kind>
         <file>rts430x_lc_sd_eabi.lib</file>
         <name>lsl32.asm.obj</name>
      </input_file>
      <input_file id="fl-76">
         <path>C:\ti\ccs1281\ccs\tools\compiler\ti-cgt-msp430_21.6.1.LTS\lib\</path>
         <kind>archive</kind>
         <file>rts430x_lc_sd_eabi.lib</file>
         <name>lsl64.c.obj</name>
      </input_file>
      <input_file id="fl-77">
         <path>C:\ti\ccs1281\ccs\tools\compiler\ti-cgt-msp430_21.6.1.LTS\lib\</path>
         <kind>archive</kind>
         <file>rts430x_lc_sd_eabi.lib</file>
         <name>asr32.asm.obj</name>
      </input_file>
      <input_file id="fl-78">
         <path>C:\ti\ccs1281\ccs\tools\compiler\ti-cgt-msp430_21.6.1.LTS\lib\</path>
         <kind>archive</kind>
         <file>rts430x_lc_sd_eabi.lib</file>
         <name>lsr32.asm.obj</name>
      </input_file>
      <input_file id="fl-79">
         <path>C:\ti\ccs1281\ccs\tools\compiler\ti-cgt-msp430_21.6.1.LTS\lib\</path>
         <kind>archive</kind>
         <file>rts430x_lc_sd_eabi.lib</file>
         <name>lsr64.c.obj</name>
      </input_file>
      <input_file id="fl-7a">
         <path>C:\ti\ccs1281\ccs\tools\compiler\ti-cgt-msp430_21.6.1.LTS\lib\</path>
         <kind>archive</kind>
         <file>rts430x_lc_sd_eabi.lib</file>
         <name>subd.c.obj</name>
      </input_file>
      <input_file id="fl-7b">
         <path>C:\ti\ccs1281\ccs\tools\compiler\ti-cgt-msp430_21.6.1.LTS\lib\</path>
         <kind>archive</kind>
         <file>rts430x_lc_sd_eabi.lib</file>
         <name>addd.c.obj</name>
      </input_file>
      <input_file id="fl-7c">
         <path>C:\ti\ccs1281\ccs\tools\compiler\ti-cgt-msp430_21.6.1.LTS\lib\</path>
         <kind>archive</kind>
         <file>rts430x_lc_sd_eabi.lib</file>
         <name>asr64.c.obj</name>
      </input_file>
      <input_file id="fl-7d">
         <path>C:\ti\ccs1281\ccs\tools\compiler\ti-cgt-msp430_21.6.1.LTS\lib\</path>
         <kind>archive</kind>
         <file>rts430x_lc_sd_eabi.lib</file>
         <name>atoi.c.obj</name>
      </input_file>
      <input_file id="fl-7e">
         <path>C:\ti\ccs1281\ccs\tools\compiler\ti-cgt-msp430_21.6.1.LTS\lib\</path>
         <kind>archive</kind>
         <file>rts430x_lc_sd_eabi.lib</file>
         <name>ctype.c.obj</name>
      </input_file>
      <input_file id="fl-7f">
         <path>C:\ti\ccs1281\ccs\tools\compiler\ti-cgt-msp430_21.6.1.LTS\lib\</path>
         <kind>archive</kind>
         <file>rts430x_lc_sd_eabi.lib</file>
         <name>errno.c.obj</name>
      </input_file>
      <input_file id="fl-80">
         <path>C:\ti\ccs1281\ccs\tools\compiler\ti-cgt-msp430_21.6.1.LTS\lib\</path>
         <kind>archive</kind>
         <file>rts430x_lc_sd_eabi.lib</file>
         <name>s_frexp.c.obj</name>
      </input_file>
      <input_file id="fl-81">
         <path>C:\ti\ccs1281\ccs\tools\compiler\ti-cgt-msp430_21.6.1.LTS\lib\</path>
         <kind>archive</kind>
         <file>rts430x_lc_sd_eabi.lib</file>
         <name>s_scalbn.c.obj</name>
      </input_file>
      <input_file id="fl-82">
         <path>C:\ti\ccs1281\ccs\tools\compiler\ti-cgt-msp430_21.6.1.LTS\lib\</path>
         <kind>archive</kind>
         <file>rts430x_lc_sd_eabi.lib</file>
         <name>s_copysign.c.obj</name>
      </input_file>
      <input_file id="fl-83">
         <path>C:\ti\ccs1281\ccs\tools\compiler\ti-cgt-msp430_21.6.1.LTS\lib\</path>
         <kind>archive</kind>
         <file>rts430x_lc_sd_eabi.lib</file>
         <name>memccpy.c.obj</name>
      </input_file>
      <input_file id="fl-84">
         <path>C:\ti\ccs1281\ccs\tools\compiler\ti-cgt-msp430_21.6.1.LTS\lib\</path>
         <kind>archive</kind>
         <file>rts430x_lc_sd_eabi.lib</file>
         <name>memset.c.obj</name>
      </input_file>
      <input_file id="fl-85">
         <path>C:\ti\ccs1281\ccs\tools\compiler\ti-cgt-msp430_21.6.1.LTS\lib\</path>
         <kind>archive</kind>
         <file>rts430x_lc_sd_eabi.lib</file>
         <name>strchr.c.obj</name>
      </input_file>
      <input_file id="fl-86">
         <path>C:\ti\ccs1281\ccs\tools\compiler\ti-cgt-msp430_21.6.1.LTS\lib\</path>
         <kind>archive</kind>
         <file>rts430x_lc_sd_eabi.lib</file>
         <name>strcpy.c.obj</name>
      </input_file>
      <input_file id="fl-87">
         <path>C:\ti\ccs1281\ccs\tools\compiler\ti-cgt-msp430_21.6.1.LTS\lib\</path>
         <kind>archive</kind>
         <file>rts430x_lc_sd_eabi.lib</file>
         <name>strlen.c.obj</name>
      </input_file>
      <input_file id="fl-88">
         <path>C:\ti\ccs1281\ccs\tools\compiler\ti-cgt-msp430_21.6.1.LTS\lib\</path>
         <kind>archive</kind>
         <file>rts430x_lc_sd_eabi.lib</file>
         <name>toupper.c.obj</name>
      </input_file>
      <input_file id="fl-89">
         <path>C:\ti\ccs1281\ccs\tools\compiler\ti-cgt-msp430_21.6.1.LTS\lib\</path>
         <kind>archive</kind>
         <file>rts430x_lc_sd_eabi.lib</file>
         <name>wcslen.c.obj</name>
      </input_file>
   </input_file_list>
   <object_component_list>
      <object_component id="oc-9d8">
         <name>.cinit..data.load</name>
         <load_address>0x8000</load_address>
         <run_address>0x8000</run_address>
         <size>0x63</size>
      </object_component>
      <object_component id="oc-9d5">
         <name>__TI_handler_table</name>
         <load_address>0x8064</load_address>
         <run_address>0x8064</run_address>
         <size>0xc</size>
      </object_component>
      <object_component id="oc-9d7">
         <name>.cinit..bss.load</name>
         <load_address>0x8070</load_address>
         <run_address>0x8070</run_address>
         <size>0x6</size>
      </object_component>
      <object_component id="oc-9d6">
         <name>__TI_cinit_table</name>
         <load_address>0x8076</load_address>
         <run_address>0x8076</run_address>
         <size>0x10</size>
      </object_component>
      <object_component id="oc-975">
         <name>.binit</name>
         <load_address>0x8086</load_address>
         <run_address>0x8086</run_address>
         <size>0x0</size>
      </object_component>
      <object_component id="oc-6fd">
         <name>.const:.string</name>
         <load_address>0x8086</load_address>
         <run_address>0x8086</run_address>
         <size>0x114</size>
         <input_file_ref idref="fl-14"/>
      </object_component>
      <object_component id="oc-889">
         <name>.const:.string</name>
         <load_address>0x819a</load_address>
         <run_address>0x819a</run_address>
         <size>0xfa</size>
         <input_file_ref idref="fl-5"/>
      </object_component>
      <object_component id="oc-752">
         <name>.const:.string</name>
         <load_address>0x8294</load_address>
         <run_address>0x8294</run_address>
         <size>0xcc</size>
         <input_file_ref idref="fl-19"/>
      </object_component>
      <object_component id="oc-73f">
         <name>.const:.string</name>
         <load_address>0x8360</load_address>
         <run_address>0x8360</run_address>
         <size>0xb4</size>
         <input_file_ref idref="fl-9"/>
      </object_component>
      <object_component id="oc-696">
         <name>.const:.string</name>
         <load_address>0x8414</load_address>
         <run_address>0x8414</run_address>
         <size>0x6c</size>
         <input_file_ref idref="fl-8"/>
      </object_component>
      <object_component id="oc-775">
         <name>.const:.string</name>
         <load_address>0x8480</load_address>
         <run_address>0x8480</run_address>
         <size>0x54</size>
         <input_file_ref idref="fl-12"/>
      </object_component>
      <object_component id="oc-6cf">
         <name>.const:.string</name>
         <load_address>0x84d4</load_address>
         <run_address>0x84d4</run_address>
         <size>0x48</size>
         <input_file_ref idref="fl-7"/>
      </object_component>
      <object_component id="oc-593">
         <name>.const:.string</name>
         <load_address>0x851c</load_address>
         <run_address>0x851c</run_address>
         <size>0x30</size>
         <input_file_ref idref="fl-11"/>
      </object_component>
      <object_component id="oc-941">
         <name>.const:.string</name>
         <load_address>0x854c</load_address>
         <run_address>0x854c</run_address>
         <size>0x26</size>
         <input_file_ref idref="fl-63"/>
      </object_component>
      <object_component id="oc-837">
         <name>.const:.string:$P$T0$2</name>
         <load_address>0x8572</load_address>
         <run_address>0x8572</run_address>
         <size>0xb</size>
         <input_file_ref idref="fl-7"/>
      </object_component>
      <object_component id="oc-840">
         <name>.const:.string:$P$T1$3</name>
         <load_address>0x857e</load_address>
         <run_address>0x857e</run_address>
         <size>0xb</size>
         <input_file_ref idref="fl-7"/>
      </object_component>
      <object_component id="oc-843">
         <name>.const:.string:$P$T2$4</name>
         <load_address>0x858a</load_address>
         <run_address>0x858a</run_address>
         <size>0xb</size>
         <input_file_ref idref="fl-7"/>
      </object_component>
      <object_component id="oc-6d8">
         <name>.const:.string:Command_PIN</name>
         <load_address>0x8596</load_address>
         <run_address>0x8596</run_address>
         <size>0x6</size>
         <input_file_ref idref="fl-7"/>
      </object_component>
      <object_component id="oc-5cb">
         <name>.text:IR_Calibrate_Process</name>
         <load_address>0x859c</load_address>
         <run_address>0x859c</run_address>
         <size>0x366</size>
         <input_file_ref idref="fl-9"/>
      </object_component>
      <object_component id="oc-5d1">
         <name>.text:Line_Follow_Process</name>
         <load_address>0x8902</load_address>
         <run_address>0x8902</run_address>
         <size>0x31c</size>
         <input_file_ref idref="fl-19"/>
      </object_component>
      <object_component id="oc-5a7">
         <name>.text:IOT_Process</name>
         <load_address>0x8c1e</load_address>
         <run_address>0x8c1e</run_address>
         <size>0x27e</size>
         <input_file_ref idref="fl-7"/>
      </object_component>
      <object_component id="oc-6e1">
         <name>.text:Display_IOT_Parse</name>
         <load_address>0x8e9c</load_address>
         <run_address>0x8e9c</run_address>
         <size>0x1ec</size>
         <input_file_ref idref="fl-7"/>
      </object_component>
      <object_component id="oc-5d7">
         <name>.text:Main_Menu_Process</name>
         <load_address>0x9088</load_address>
         <run_address>0x9088</run_address>
         <size>0x1d0</size>
         <input_file_ref idref="fl-12"/>
      </object_component>
      <object_component id="oc-5c5">
         <name>.text:Process_Queue</name>
         <load_address>0x9258</load_address>
         <run_address>0x9258</run_address>
         <size>0x1d0</size>
         <input_file_ref idref="fl-14"/>
      </object_component>
      <object_component id="oc-5ad">
         <name>.text:IOT_Parse_Data</name>
         <load_address>0x9428</load_address>
         <run_address>0x9428</run_address>
         <size>0x184</size>
         <input_file_ref idref="fl-7"/>
      </object_component>
      <object_component id="oc-59b">
         <name>.text:Bootup_Sequence</name>
         <load_address>0x95ac</load_address>
         <run_address>0x95ac</run_address>
         <size>0x17a</size>
         <input_file_ref idref="fl-8"/>
      </object_component>
      <object_component id="oc-69d">
         <name>.text:IOT_Connect</name>
         <load_address>0x9726</load_address>
         <run_address>0x9726</run_address>
         <size>0x11c</size>
         <input_file_ref idref="fl-8"/>
      </object_component>
      <object_component id="oc-90b">
         <name>.text:__TI_printfi_minimal:_setfield___TI_printfi_minimal</name>
         <load_address>0x9842</load_address>
         <run_address>0x9842</run_address>
         <size>0x10e</size>
         <input_file_ref idref="fl-63"/>
      </object_component>
      <object_component id="oc-66">
         <name>.text:decompress:lzss:__TI_decompress_lzss</name>
         <load_address>0x9950</load_address>
         <run_address>0x9950</run_address>
         <size>0xee</size>
         <input_file_ref idref="fl-3b"/>
      </object_component>
      <object_component id="oc-868">
         <name>.text:__TI_printfi_minimal:__TI_printfi_minimal</name>
         <load_address>0x9a3e</load_address>
         <run_address>0x9a3e</run_address>
         <size>0xe2</size>
         <input_file_ref idref="fl-63"/>
      </object_component>
      <object_component id="oc-646">
         <name>.text:Init_Port3</name>
         <load_address>0x9b20</load_address>
         <run_address>0x9b20</run_address>
         <size>0xd2</size>
         <input_file_ref idref="fl-13"/>
      </object_component>
      <object_component id="oc-6bb">
         <name>.text:Init_LCD</name>
         <load_address>0x9bf2</load_address>
         <run_address>0x9bf2</run_address>
         <size>0xc4</size>
         <input_file_ref idref="fl-1a"/>
      </object_component>
      <object_component id="oc-942">
         <name>.text:__TI_printfi_minimal:_pproc_diouxp___TI_printfi_minimal</name>
         <load_address>0x9cb6</load_address>
         <run_address>0x9cb6</run_address>
         <size>0xc4</size>
         <input_file_ref idref="fl-63"/>
      </object_component>
      <object_component id="oc-6f1">
         <name>.text:Parse_Command</name>
         <load_address>0x9d7a</load_address>
         <run_address>0x9d7a</run_address>
         <size>0xc2</size>
         <input_file_ref idref="fl-14"/>
      </object_component>
      <object_component id="oc-65f">
         <name>.text:Software_Trim</name>
         <load_address>0x9e3c</load_address>
         <run_address>0x9e3c</run_address>
         <size>0xbe</size>
         <input_file_ref idref="fl-a"/>
      </object_component>
      <object_component id="oc-753">
         <name>.text:Line_Follow_Proportional</name>
         <load_address>0x9efa</load_address>
         <run_address>0x9efa</run_address>
         <size>0xb2</size>
         <input_file_ref idref="fl-19"/>
      </object_component>
      <object_component id="oc-518">
         <name>.text:main</name>
         <load_address>0x9fac</load_address>
         <run_address>0x9fac</run_address>
         <size>0xa4</size>
         <input_file_ref idref="fl-11"/>
      </object_component>
      <object_component id="oc-640">
         <name>.text:Init_Port2</name>
         <load_address>0xa050</load_address>
         <run_address>0xa050</run_address>
         <size>0xa2</size>
         <input_file_ref idref="fl-13"/>
      </object_component>
      <object_component id="oc-776">
         <name>.text:Display_Calibration</name>
         <load_address>0xa0f2</load_address>
         <run_address>0xa0f2</run_address>
         <size>0xa0</size>
         <input_file_ref idref="fl-9"/>
      </object_component>
      <object_component id="oc-580">
         <name>.text:Init_Conditions</name>
         <load_address>0xa192</load_address>
         <run_address>0xa192</run_address>
         <size>0x96</size>
         <input_file_ref idref="fl-b"/>
      </object_component>
      <object_component id="oc-64c">
         <name>.text:Init_Port4</name>
         <load_address>0xa228</load_address>
         <run_address>0xa228</run_address>
         <size>0x86</size>
         <input_file_ref idref="fl-13"/>
      </object_component>
      <object_component id="oc-704">
         <name>.text:Line_Follow_Start_Autonomous</name>
         <load_address>0xa2ae</load_address>
         <run_address>0xa2ae</run_address>
         <size>0x84</size>
         <input_file_ref idref="fl-19"/>
      </object_component>
      <object_component id="oc-658">
         <name>.text:Init_Port6</name>
         <load_address>0xa332</load_address>
         <run_address>0xa332</run_address>
         <size>0x7c</size>
         <input_file_ref idref="fl-13"/>
      </object_component>
      <object_component id="oc-6eb">
         <name>.text:Get_Command</name>
         <load_address>0xa3ae</load_address>
         <run_address>0xa3ae</run_address>
         <size>0x76</size>
         <input_file_ref idref="fl-14"/>
      </object_component>
      <object_component id="oc-740">
         <name>.text:HEXtoBCD</name>
         <load_address>0xa424</load_address>
         <run_address>0xa424</run_address>
         <size>0x76</size>
         <input_file_ref idref="fl-2"/>
      </object_component>
      <object_component id="oc-6db">
         <name>.text:Queue_AddCommand</name>
         <load_address>0xa49a</load_address>
         <run_address>0xa49a</run_address>
         <size>0x76</size>
         <input_file_ref idref="fl-14"/>
      </object_component>
      <object_component id="oc-58c">
         <name>.text:Init_ADC</name>
         <load_address>0xa510</load_address>
         <run_address>0xa510</run_address>
         <size>0x6c</size>
         <input_file_ref idref="fl-2"/>
      </object_component>
      <object_component id="oc-608">
         <name>.text:__TI_auto_init_nobinit_nopinit_hold_wdt:__TI_auto_init_nobinit_nopinit_hold_wdt</name>
         <load_address>0xa57c</load_address>
         <run_address>0xa57c</run_address>
         <size>0x6a</size>
         <input_file_ref idref="fl-59"/>
      </object_component>
      <object_component id="oc-57a">
         <name>.text:Init_Clocks</name>
         <load_address>0xa5e6</load_address>
         <run_address>0xa5e6</run_address>
         <size>0x68</size>
         <input_file_ref idref="fl-a"/>
      </object_component>
      <object_component id="oc-697">
         <name>.text:Init_DAC</name>
         <load_address>0xa64e</load_address>
         <run_address>0xa64e</run_address>
         <size>0x68</size>
         <input_file_ref idref="fl-3"/>
      </object_component>
      <object_component id="oc-727">
         <name>.text:IR_Calibrate_Menu</name>
         <load_address>0xa6b6</load_address>
         <run_address>0xa6b6</run_address>
         <size>0x64</size>
         <input_file_ref idref="fl-9"/>
      </object_component>
      <object_component id="oc-674">
         <name>.text:Init_Timer_B0</name>
         <load_address>0xa71a</load_address>
         <run_address>0xa71a</run_address>
         <size>0x5e</size>
         <input_file_ref idref="fl-17"/>
      </object_component>
      <object_component id="oc-67a">
         <name>.text:Init_Timer_B1</name>
         <load_address>0xa778</load_address>
         <run_address>0xa778</run_address>
         <size>0x5e</size>
         <input_file_ref idref="fl-17"/>
      </object_component>
      <object_component id="oc-680">
         <name>.text:Init_Timer_B2</name>
         <load_address>0xa7d6</load_address>
         <run_address>0xa7d6</run_address>
         <size>0x5e</size>
         <input_file_ref idref="fl-17"/>
      </object_component>
      <object_component id="oc-74c">
         <name>.text</name>
         <load_address>0xa834</load_address>
         <run_address>0xa834</run_address>
         <size>0x58</size>
         <input_file_ref idref="fl-4f"/>
      </object_component>
      <object_component id="oc-765">
         <name>.text:Wheels_Intercept_Brake</name>
         <load_address>0xa88c</load_address>
         <run_address>0xa88c</run_address>
         <size>0x50</size>
         <input_file_ref idref="fl-6"/>
      </object_component>
      <object_component id="oc-686">
         <name>.text:Init_Timer_B3</name>
         <load_address>0xa8dc</load_address>
         <run_address>0xa8dc</run_address>
         <size>0x4c</size>
         <input_file_ref idref="fl-18"/>
      </object_component>
      <object_component id="oc-63a">
         <name>.text:Init_Port1</name>
         <load_address>0xa928</load_address>
         <run_address>0xa928</run_address>
         <size>0x4a</size>
         <input_file_ref idref="fl-13"/>
      </object_component>
      <object_component id="oc-786">
         <name>.text:Send_AT_Command</name>
         <load_address>0xa972</load_address>
         <run_address>0xa972</run_address>
         <size>0x4a</size>
         <input_file_ref idref="fl-7"/>
      </object_component>
      <object_component id="oc-76c">
         <name>.text:Menu_ChangePage</name>
         <load_address>0xa9bc</load_address>
         <run_address>0xa9bc</run_address>
         <size>0x48</size>
         <input_file_ref idref="fl-12"/>
      </object_component>
      <object_component id="oc-7f0">
         <name>.text:Init_Serial_UCA0</name>
         <load_address>0xaa04</load_address>
         <run_address>0xaa04</run_address>
         <size>0x46</size>
         <input_file_ref idref="fl-7"/>
      </object_component>
      <object_component id="oc-7f6">
         <name>.text:Init_Serial_UCA1</name>
         <load_address>0xaa4a</load_address>
         <run_address>0xaa4a</run_address>
         <size>0x46</size>
         <input_file_ref idref="fl-7"/>
      </object_component>
      <object_component id="oc-6c2">
         <name>.text:Display_Update</name>
         <load_address>0xaa90</load_address>
         <run_address>0xaa90</run_address>
         <size>0x44</size>
         <input_file_ref idref="fl-1a"/>
      </object_component>
      <object_component id="oc-7ff">
         <name>.text:Init_SPI_B1</name>
         <load_address>0xaad4</load_address>
         <run_address>0xaad4</run_address>
         <size>0x40</size>
         <input_file_ref idref="fl-1a"/>
      </object_component>
      <object_component id="oc-6fe">
         <name>.text:Send_Response</name>
         <load_address>0xab14</load_address>
         <run_address>0xab14</run_address>
         <size>0x40</size>
         <input_file_ref idref="fl-7"/>
      </object_component>
      <object_component id="oc-42b">
         <name>.text:__memcpy_far</name>
         <load_address>0xab54</load_address>
         <run_address>0xab54</run_address>
         <size>0x40</size>
         <input_file_ref idref="fl-4c"/>
      </object_component>
      <object_component id="oc-6f7">
         <name>.text:Display_CurrentCommand</name>
         <load_address>0xab94</load_address>
         <run_address>0xab94</run_address>
         <size>0x3e</size>
         <input_file_ref idref="fl-14"/>
      </object_component>
      <object_component id="oc-47e">
         <name>.text:decompress:ZI:__TI_zero_init_nomemset:__TI_zero_init_nomemset</name>
         <load_address>0xabd2</load_address>
         <run_address>0xabd2</run_address>
         <size>0x3e</size>
         <input_file_ref idref="fl-4b"/>
      </object_component>
      <object_component id="oc-52a">
         <name>.text:__mpu_init</name>
         <load_address>0xac10</load_address>
         <run_address>0xac10</run_address>
         <size>0x3c</size>
         <input_file_ref idref="fl-57"/>
      </object_component>
      <object_component id="oc-6c">
         <name>.text:decompress:none:__TI_decompress_none</name>
         <load_address>0xac4c</load_address>
         <run_address>0xac4c</run_address>
         <size>0x3c</size>
         <input_file_ref idref="fl-3c"/>
      </object_component>
      <object_component id="oc-721">
         <name>.text:sprintf</name>
         <load_address>0xac88</load_address>
         <run_address>0xac88</run_address>
         <size>0x38</size>
         <input_file_ref idref="fl-62"/>
      </object_component>
      <object_component id="oc-76f">
         <name>.text:display_ADC</name>
         <load_address>0xacc0</load_address>
         <run_address>0xacc0</run_address>
         <size>0x36</size>
         <input_file_ref idref="fl-5"/>
      </object_component>
      <object_component id="oc-77c">
         <name>.text:display_default</name>
         <load_address>0xacf6</load_address>
         <run_address>0xacf6</run_address>
         <size>0x36</size>
         <input_file_ref idref="fl-5"/>
      </object_component>
      <object_component id="oc-746">
         <name>.text:adc_line</name>
         <load_address>0xad2c</load_address>
         <run_address>0xad2c</run_address>
         <size>0x34</size>
         <input_file_ref idref="fl-2"/>
      </object_component>
      <object_component id="oc-652">
         <name>.text:Init_Port5</name>
         <load_address>0xad60</load_address>
         <run_address>0xad60</run_address>
         <size>0x32</size>
         <input_file_ref idref="fl-13"/>
      </object_component>
      <object_component id="oc-6b5">
         <name>.text:IOT_Reset</name>
         <load_address>0xad92</load_address>
         <run_address>0xad92</run_address>
         <size>0x2c</size>
         <input_file_ref idref="fl-8"/>
      </object_component>
      <object_component id="oc-846">
         <name>.text</name>
         <load_address>0xadbe</load_address>
         <run_address>0xadbe</run_address>
         <size>0x2c</size>
         <input_file_ref idref="fl-4d"/>
      </object_component>
      <object_component id="oc-6af">
         <name>.text:Enable_Comms</name>
         <load_address>0xadea</load_address>
         <run_address>0xadea</run_address>
         <size>0x2a</size>
         <input_file_ref idref="fl-7"/>
      </object_component>
      <object_component id="oc-8ed">
         <name>.text:WriteData</name>
         <load_address>0xae14</load_address>
         <run_address>0xae14</run_address>
         <size>0x28</size>
         <input_file_ref idref="fl-1a"/>
      </object_component>
      <object_component id="oc-817">
         <name>.text:WriteIns</name>
         <load_address>0xae3c</load_address>
         <run_address>0xae3c</run_address>
         <size>0x28</size>
         <input_file_ref idref="fl-1a"/>
      </object_component>
      <object_component id="oc-5a1">
         <name>.text:Display_Process</name>
         <load_address>0xae64</load_address>
         <run_address>0xae64</run_address>
         <size>0x26</size>
         <input_file_ref idref="fl-5"/>
      </object_component>
      <object_component id="oc-5b3">
         <name>.text:Init_PWM</name>
         <load_address>0xae8a</load_address>
         <run_address>0xae8a</run_address>
         <size>0x24</size>
         <input_file_ref idref="fl-6"/>
      </object_component>
      <object_component id="oc-948">
         <name>.text:memccpy</name>
         <load_address>0xaeae</load_address>
         <run_address>0xaeae</run_address>
         <size>0x22</size>
         <input_file_ref idref="fl-83"/>
      </object_component>
      <object_component id="oc-5bf">
         <name>.text:DAC_Set_Voltage</name>
         <load_address>0xaed0</load_address>
         <run_address>0xaed0</run_address>
         <size>0x20</size>
         <input_file_ref idref="fl-3"/>
      </object_component>
      <object_component id="oc-5dd">
         <name>.text:Ping_Pong</name>
         <load_address>0xaef0</load_address>
         <run_address>0xaef0</run_address>
         <size>0x1e</size>
         <input_file_ref idref="fl-7"/>
      </object_component>
      <object_component id="oc-84f">
         <name>.text:lcd_BIG_mid</name>
         <load_address>0xaf0e</load_address>
         <run_address>0xaf0e</run_address>
         <size>0x1e</size>
         <input_file_ref idref="fl-1a"/>
      </object_component>
      <object_component id="oc-574">
         <name>.text:Init_Ports</name>
         <load_address>0xaf2c</load_address>
         <run_address>0xaf2c</run_address>
         <size>0x1c</size>
         <input_file_ref idref="fl-13"/>
      </object_component>
      <object_component id="oc-8cc">
         <name>.text:SPI_B1_write</name>
         <load_address>0xaf48</load_address>
         <run_address>0xaf48</run_address>
         <size>0x1c</size>
         <input_file_ref idref="fl-1a"/>
      </object_component>
      <object_component id="oc-82a">
         <name>.text:lcd_out</name>
         <load_address>0xaf64</load_address>
         <run_address>0xaf64</run_address>
         <size>0x1c</size>
         <input_file_ref idref="fl-1a"/>
      </object_component>
      <object_component id="oc-733">
         <name>.text:Wheels_Safe_Stop</name>
         <load_address>0xaf80</load_address>
         <run_address>0xaf80</run_address>
         <size>0x1a</size>
         <input_file_ref idref="fl-6"/>
      </object_component>
      <object_component id="oc-8d3">
         <name>.text:ClrDisplay_Buffer_0</name>
         <load_address>0xaf9a</load_address>
         <run_address>0xaf9a</run_address>
         <size>0x18</size>
         <input_file_ref idref="fl-1a"/>
      </object_component>
      <object_component id="oc-8d9">
         <name>.text:ClrDisplay_Buffer_1</name>
         <load_address>0xafb2</load_address>
         <run_address>0xafb2</run_address>
         <size>0x18</size>
         <input_file_ref idref="fl-1a"/>
      </object_component>
      <object_component id="oc-8df">
         <name>.text:ClrDisplay_Buffer_2</name>
         <load_address>0xafca</load_address>
         <run_address>0xafca</run_address>
         <size>0x18</size>
         <input_file_ref idref="fl-1a"/>
      </object_component>
      <object_component id="oc-8e5">
         <name>.text:ClrDisplay_Buffer_3</name>
         <load_address>0xafe2</load_address>
         <run_address>0xafe2</run_address>
         <size>0x18</size>
         <input_file_ref idref="fl-1a"/>
      </object_component>
      <object_component id="oc-85c">
         <name>.text:_outs</name>
         <load_address>0xaffa</load_address>
         <run_address>0xaffa</run_address>
         <size>0x18</size>
         <input_file_ref idref="fl-62"/>
      </object_component>
      <object_component id="oc-6d2">
         <name>.text</name>
         <load_address>0xb012</load_address>
         <run_address>0xb012</run_address>
         <size>0x18</size>
         <input_file_ref idref="fl-51"/>
      </object_component>
      <object_component id="oc-6c8">
         <name>.text:Backlite_Control</name>
         <load_address>0xb02a</load_address>
         <run_address>0xb02a</run_address>
         <size>0x16</size>
         <input_file_ref idref="fl-5"/>
      </object_component>
      <object_component id="oc-81d">
         <name>.text:ClrDisplay</name>
         <load_address>0xb040</load_address>
         <run_address>0xb040</run_address>
         <size>0x16</size>
         <input_file_ref idref="fl-1a"/>
      </object_component>
      <object_component id="oc-71b">
         <name>.text:PWM_FORWARD</name>
         <load_address>0xb056</load_address>
         <run_address>0xb056</run_address>
         <size>0x16</size>
         <input_file_ref idref="fl-6"/>
      </object_component>
      <object_component id="oc-72d">
         <name>.text:PWM_REVERSE</name>
         <load_address>0xb06c</load_address>
         <run_address>0xb06c</run_address>
         <size>0x16</size>
         <input_file_ref idref="fl-6"/>
      </object_component>
      <object_component id="oc-715">
         <name>.text:PWM_ROTATE_LEFT</name>
         <load_address>0xb082</load_address>
         <run_address>0xb082</run_address>
         <size>0x16</size>
         <input_file_ref idref="fl-6"/>
      </object_component>
      <object_component id="oc-70a">
         <name>.text:PWM_ROTATE_RIGHT</name>
         <load_address>0xb098</load_address>
         <run_address>0xb098</run_address>
         <size>0x16</size>
         <input_file_ref idref="fl-6"/>
      </object_component>
      <object_component id="oc-710">
         <name>.text</name>
         <load_address>0xb0ae</load_address>
         <run_address>0xb0ae</run_address>
         <size>0x16</size>
         <input_file_ref idref="fl-4e"/>
      </object_component>
      <object_component id="oc-80b">
         <name>.text:spi_chipselect_idle</name>
         <load_address>0xb0c4</load_address>
         <run_address>0xb0c4</run_address>
         <size>0x16</size>
         <input_file_ref idref="fl-1a"/>
      </object_component>
      <object_component id="oc-75f">
         <name>.text:PWM_TURN_LEFT</name>
         <load_address>0xb0da</load_address>
         <run_address>0xb0da</run_address>
         <size>0x14</size>
         <input_file_ref idref="fl-6"/>
      </object_component>
      <object_component id="oc-759">
         <name>.text:PWM_TURN_RIGHT</name>
         <load_address>0xb0ee</load_address>
         <run_address>0xb0ee</run_address>
         <size>0x14</size>
         <input_file_ref idref="fl-6"/>
      </object_component>
      <object_component id="oc-93b">
         <name>.text:memset</name>
         <load_address>0xb102</load_address>
         <run_address>0xb102</run_address>
         <size>0x14</size>
         <input_file_ref idref="fl-84"/>
      </object_component>
      <object_component id="oc-586">
         <name>.text:Init_Timers</name>
         <load_address>0xb116</load_address>
         <run_address>0xb116</run_address>
         <size>0x12</size>
         <input_file_ref idref="fl-17"/>
      </object_component>
      <object_component id="oc-862">
         <name>.text:_outc</name>
         <load_address>0xb128</load_address>
         <run_address>0xb128</run_address>
         <size>0x12</size>
         <input_file_ref idref="fl-62"/>
      </object_component>
      <object_component id="oc-83a">
         <name>.text:memcpy</name>
         <load_address>0xb13a</load_address>
         <run_address>0xb13a</run_address>
         <size>0x12</size>
         <input_file_ref idref="fl-61"/>
      </object_component>
      <object_component id="oc-8c6">
         <name>.text:spi_chipselect_active</name>
         <load_address>0xb14c</load_address>
         <run_address>0xb14c</run_address>
         <size>0x12</size>
         <input_file_ref idref="fl-1a"/>
      </object_component>
      <object_component id="oc-5b9">
         <name>.text:Sample_ADC</name>
         <load_address>0xb15e</load_address>
         <run_address>0xb15e</run_address>
         <size>0x10</size>
         <input_file_ref idref="fl-2"/>
      </object_component>
      <object_component id="oc-594">
         <name>.text:strcpy</name>
         <load_address>0xb16e</load_address>
         <run_address>0xb16e</run_address>
         <size>0x10</size>
         <input_file_ref idref="fl-86"/>
      </object_component>
      <object_component id="oc-823">
         <name>.text:DisplayOnOff</name>
         <load_address>0xb17e</load_address>
         <run_address>0xb17e</run_address>
         <size>0xe</size>
         <input_file_ref idref="fl-1a"/>
      </object_component>
      <object_component id="oc-883">
         <name>.text:lcd_4line</name>
         <load_address>0xb18c</load_address>
         <run_address>0xb18c</run_address>
         <size>0xe</size>
         <input_file_ref idref="fl-1a"/>
      </object_component>
      <object_component id="oc-905">
         <name>.text:strlen</name>
         <load_address>0xb19a</load_address>
         <run_address>0xb19a</run_address>
         <size>0xe</size>
         <input_file_ref idref="fl-87"/>
      </object_component>
      <object_component id="oc-6a9">
         <name>.text:Init_SerialComms</name>
         <load_address>0xb1a8</load_address>
         <run_address>0xb1a8</run_address>
         <size>0xa</size>
         <input_file_ref idref="fl-7"/>
      </object_component>
      <object_component id="oc-879">
         <name>.text:abs</name>
         <load_address>0xb1b2</load_address>
         <run_address>0xb1b2</run_address>
         <size>0xa</size>
         <input_file_ref idref="fl-5c"/>
      </object_component>
      <object_component id="oc-66d">
         <name>.text:enable_interrupts</name>
         <load_address>0xb1bc</load_address>
         <run_address>0xb1bc</run_address>
         <size>0x8</size>
         <input_file_ref idref="fl-16"/>
      </object_component>
      <object_component id="oc-690">
         <name>.text:DAC_Ready</name>
         <load_address>0xb1c4</load_address>
         <run_address>0xb1c4</run_address>
         <size>0x6</size>
         <input_file_ref idref="fl-3"/>
      </object_component>
      <object_component id="oc-5e4">
         <name>.text:abort</name>
         <load_address>0xb1ca</load_address>
         <run_address>0xb1ca</run_address>
         <size>0x6</size>
         <input_file_ref idref="fl-5e"/>
      </object_component>
      <object_component id="oc-811">
         <name>.text:spi_reset_active</name>
         <load_address>0xb1d0</load_address>
         <run_address>0xb1d0</run_address>
         <size>0x6</size>
         <input_file_ref idref="fl-1a"/>
      </object_component>
      <object_component id="oc-805">
         <name>.text:spi_reset_idle</name>
         <load_address>0xb1d6</load_address>
         <run_address>0xb1d6</run_address>
         <size>0x6</size>
         <input_file_ref idref="fl-1a"/>
      </object_component>
      <object_component id="oc-512">
         <name>.text:_system_pre_init</name>
         <load_address>0xb1dc</load_address>
         <run_address>0xb1dc</run_address>
         <size>0x4</size>
         <input_file_ref idref="fl-5b"/>
      </object_component>
      <object_component id="oc-79f">
         <name>.text:_system_post_cinit</name>
         <load_address>0xb1e0</load_address>
         <run_address>0xb1e0</run_address>
         <size>0x2</size>
         <input_file_ref idref="fl-5a"/>
      </object_component>
      <object_component id="oc-44e">
         <name>.text:_isr:eUSCI_A1_ISR</name>
         <load_address>0xb1e2</load_address>
         <run_address>0xb1e2</run_address>
         <size>0x120</size>
         <input_file_ref idref="fl-d"/>
      </object_component>
      <object_component id="oc-448">
         <name>.text:_isr:ADC_ISR</name>
         <load_address>0xb302</load_address>
         <run_address>0xb302</run_address>
         <size>0xd0</size>
         <input_file_ref idref="fl-c"/>
      </object_component>
      <object_component id="oc-472">
         <name>.text:_isr:TIMER_BO_CCR1_2_0V_ISR</name>
         <load_address>0xb3d2</load_address>
         <run_address>0xb3d2</run_address>
         <size>0xbc</size>
         <input_file_ref idref="fl-f"/>
      </object_component>
      <object_component id="oc-45a">
         <name>.text:_isr:TIMER_B2_CCR1_2_0V_ISR</name>
         <load_address>0xb48e</load_address>
         <run_address>0xb48e</run_address>
         <size>0x80</size>
         <input_file_ref idref="fl-f"/>
      </object_component>
      <object_component id="oc-454">
         <name>.text:_isr:eUSCI_A0_ISR</name>
         <load_address>0xb50e</load_address>
         <run_address>0xb50e</run_address>
         <size>0x78</size>
         <input_file_ref idref="fl-d"/>
      </object_component>
      <object_component id="oc-466">
         <name>.text:_isr:TIMER_B1_CCR1_2_0V_ISR</name>
         <load_address>0xb586</load_address>
         <run_address>0xb586</run_address>
         <size>0x6a</size>
         <input_file_ref idref="fl-f"/>
      </object_component>
      <object_component id="oc-478">
         <name>.text:_isr:TIMER_B0_CCR0_ISR</name>
         <load_address>0xb5f0</load_address>
         <run_address>0xb5f0</run_address>
         <size>0x3a</size>
         <input_file_ref idref="fl-f"/>
      </object_component>
      <object_component id="oc-46c">
         <name>.text:_isr:TIMER_B1_CCR0_ISR</name>
         <load_address>0xb62a</load_address>
         <run_address>0xb62a</run_address>
         <size>0x3a</size>
         <input_file_ref idref="fl-f"/>
      </object_component>
      <object_component id="oc-442">
         <name>.text:_isr:switchP2_interrupt</name>
         <load_address>0xb664</load_address>
         <run_address>0xb664</run_address>
         <size>0x36</size>
         <input_file_ref idref="fl-e"/>
      </object_component>
      <object_component id="oc-437">
         <name>.text:_isr:switchP4_interrupt</name>
         <load_address>0xb69a</load_address>
         <run_address>0xb69a</run_address>
         <size>0x36</size>
         <input_file_ref idref="fl-e"/>
      </object_component>
      <object_component id="oc-4a8">
         <name>.text:_isr:_c_int00_noargs_mpu</name>
         <load_address>0xb6d0</load_address>
         <run_address>0xb6d0</run_address>
         <size>0x20</size>
         <input_file_ref idref="fl-56"/>
      </object_component>
      <object_component id="oc-460">
         <name>.text:_isr:TIMER_B2_CCR0_ISR</name>
         <load_address>0xb6f0</load_address>
         <run_address>0xb6f0</run_address>
         <size>0x10</size>
         <input_file_ref idref="fl-f"/>
      </object_component>
      <object_component id="oc-43d">
         <name>.text:_isr:__TI_ISR_TRAP</name>
         <load_address>0xb700</load_address>
         <run_address>0xb700</run_address>
         <size>0x8</size>
         <input_file_ref idref="fl-3e"/>
      </object_component>
      <object_component id="oc-873">
         <name>.common:adc_char</name>
         <uninitialized>true</uninitialized>
         <run_address>0x2194</run_address>
         <size>0x4</size>
      </object_component>
      <object_component id="oc-4ff">
         <name>.common:DAC_data</name>
         <uninitialized>true</uninitialized>
         <run_address>0x219e</run_address>
         <size>0x2</size>
      </object_component>
      <object_component id="oc-666">
         <name>.common:IOT_Data</name>
         <uninitialized>true</uninitialized>
         <run_address>0x2000</run_address>
         <size>0x80</size>
      </object_component>
      <object_component id="oc-6d0">
         <name>.common:ip_address</name>
         <uninitialized>true</uninitialized>
         <run_address>0x2170</run_address>
         <size>0x10</size>
      </object_component>
      <object_component id="oc-6d1">
         <name>.common:ssid</name>
         <uninitialized>true</uninitialized>
         <run_address>0x2180</run_address>
         <size>0xc</size>
      </object_component>
      <object_component id="oc-4d9">
         <name>.common:ADC_Thumb</name>
         <uninitialized>true</uninitialized>
         <run_address>0x219c</run_address>
         <size>0x2</size>
      </object_component>
      <object_component id="oc-4dd">
         <name>.common:ADC_Left_Detect</name>
         <uninitialized>true</uninitialized>
         <run_address>0x2198</run_address>
         <size>0x2</size>
      </object_component>
      <object_component id="oc-4db">
         <name>.common:ADC_Right_Detect</name>
         <uninitialized>true</uninitialized>
         <run_address>0x219a</run_address>
         <size>0x2</size>
      </object_component>
      <object_component id="oc-4d6">
         <name>.common:ADC_Channel</name>
         <uninitialized>true</uninitialized>
         <run_address>0x21a8</run_address>
         <size>0x1</size>
      </object_component>
      <object_component id="oc-4da">
         <name>.common:display_thumb</name>
         <uninitialized>true</uninitialized>
         <run_address>0x21af</run_address>
         <size>0x1</size>
      </object_component>
      <object_component id="oc-4de">
         <name>.common:display_left_detect</name>
         <uninitialized>true</uninitialized>
         <run_address>0x21ad</run_address>
         <size>0x1</size>
      </object_component>
      <object_component id="oc-4dc">
         <name>.common:display_right_detect</name>
         <uninitialized>true</uninitialized>
         <run_address>0x21ae</run_address>
         <size>0x1</size>
      </object_component>
      <object_component id="oc-4e3">
         <name>.common:IOT_2_PC</name>
         <uninitialized>true</uninitialized>
         <run_address>0x20fc</run_address>
         <size>0x20</size>
      </object_component>
      <object_component id="oc-4e8">
         <name>.common:SEND_2_IOT</name>
         <uninitialized>true</uninitialized>
         <run_address>0x211c</run_address>
         <size>0x20</size>
      </object_component>
      <object_component id="oc-4e7">
         <name>.common:temp</name>
         <uninitialized>true</uninitialized>
         <run_address>0x21a4</run_address>
         <size>0x2</size>
      </object_component>
      <object_component id="oc-4e6">
         <name>.common:temp_rx</name>
         <uninitialized>true</uninitialized>
         <run_address>0x21a6</run_address>
         <size>0x2</size>
      </object_component>
      <object_component id="oc-4ec">
         <name>.common:command_buffer</name>
         <uninitialized>true</uninitialized>
         <run_address>0x213c</run_address>
         <size>0x20</size>
      </object_component>
      <object_component id="oc-506">
         <name>.common:updateCount</name>
         <uninitialized>true</uninitialized>
         <run_address>0x21b0</run_address>
         <size>0x1</size>
      </object_component>
      <object_component id="oc-507">
         <name>.common:update_display</name>
         <uninitialized>true</uninitialized>
         <run_address>0x21b1</run_address>
         <size>0x1</size>
      </object_component>
      <object_component id="oc-4c7">
         <name>.common:SW1_debounce</name>
         <uninitialized>true</uninitialized>
         <run_address>0x21a9</run_address>
         <size>0x1</size>
      </object_component>
      <object_component id="oc-4ce">
         <name>.common:SW2_debounce</name>
         <uninitialized>true</uninitialized>
         <run_address>0x21aa</run_address>
         <size>0x1</size>
      </object_component>
      <object_component id="oc-4c4">
         <name>.common:SW1_cnt</name>
         <uninitialized>true</uninitialized>
         <run_address>0x21a0</run_address>
         <size>0x2</size>
      </object_component>
      <object_component id="oc-4cd">
         <name>.common:SW2_cnt</name>
         <uninitialized>true</uninitialized>
         <run_address>0x21a2</run_address>
         <size>0x2</size>
      </object_component>
      <object_component id="oc-835">
         <name>.common:Command_Buffer</name>
         <uninitialized>true</uninitialized>
         <run_address>0x2080</run_address>
         <size>0x50</size>
      </object_component>
      <object_component id="oc-84c">
         <name>.common:current_command</name>
         <uninitialized>true</uninitialized>
         <run_address>0x215c</run_address>
         <size>0x14</size>
      </object_component>
      <object_component id="oc-930">
         <name>.common:current_character</name>
         <uninitialized>true</uninitialized>
         <run_address>0x21ab</run_address>
         <size>0x1</size>
      </object_component>
      <object_component id="oc-59a">
         <name>.common:display_changed</name>
         <uninitialized>true</uninitialized>
         <run_address>0x21ac</run_address>
         <size>0x1</size>
      </object_component>
      <object_component id="oc-592">
         <name>.common:display_line</name>
         <uninitialized>true</uninitialized>
         <run_address>0x20d0</run_address>
         <size>0x2c</size>
      </object_component>
      <object_component id="oc-66c">
         <name>.common:display</name>
         <uninitialized>true</uninitialized>
         <run_address>0x218c</run_address>
         <size>0x8</size>
      </object_component>
      <object_component id="oc-502">
         <name>.data</name>
         <load_address>0x2209</load_address>
         <run_address>0x2209</run_address>
         <size>0x1</size>
         <input_file_ref idref="fl-3"/>
      </object_component>
      <object_component id="oc-4ef">
         <name>.data</name>
         <load_address>0x22c1</load_address>
         <run_address>0x22c1</run_address>
         <size>0x4</size>
         <input_file_ref idref="fl-6"/>
      </object_component>
      <object_component id="oc-669">
         <name>.data</name>
         <load_address>0x220a</load_address>
         <run_address>0x220a</run_address>
         <size>0x1b</size>
         <input_file_ref idref="fl-7"/>
      </object_component>
      <object_component id="oc-7e4">
         <name>.data:SET_MUX_COMMAND</name>
         <load_address>0x2264</load_address>
         <run_address>0x2264</run_address>
         <size>0xe</size>
         <input_file_ref idref="fl-7"/>
      </object_component>
      <object_component id="oc-7e1">
         <name>.data:SET_PORT_COMMAND</name>
         <load_address>0x2226</load_address>
         <run_address>0x2226</run_address>
         <size>0x17</size>
         <input_file_ref idref="fl-7"/>
      </object_component>
      <object_component id="oc-7de">
         <name>.data:REQUEST_SSID_COMMAND</name>
         <load_address>0x228e</load_address>
         <run_address>0x228e</run_address>
         <size>0xc</size>
         <input_file_ref idref="fl-7"/>
      </object_component>
      <object_component id="oc-7db">
         <name>.data:REQUEST_IP_COMMAND</name>
         <load_address>0x229a</load_address>
         <run_address>0x229a</run_address>
         <size>0xb</size>
         <input_file_ref idref="fl-7"/>
      </object_component>
      <object_component id="oc-783">
         <name>.data:PING_COMMAND</name>
         <load_address>0x21ee</load_address>
         <run_address>0x21ee</run_address>
         <size>0x1b</size>
         <input_file_ref idref="fl-7"/>
      </object_component>
      <object_component id="oc-4f2">
         <name>.data</name>
         <load_address>0x22b0</load_address>
         <run_address>0x22b0</run_address>
         <size>0x9</size>
         <input_file_ref idref="fl-8"/>
      </object_component>
      <object_component id="oc-4fa">
         <name>.data</name>
         <load_address>0x21b2</load_address>
         <run_address>0x21b2</run_address>
         <size>0x1e</size>
         <input_file_ref idref="fl-9"/>
      </object_component>
      <object_component id="oc-4d0">
         <name>.data</name>
         <load_address>0x2254</load_address>
         <run_address>0x2254</run_address>
         <size>0x10</size>
         <input_file_ref idref="fl-c"/>
      </object_component>
      <object_component id="oc-4e0">
         <name>.data</name>
         <load_address>0x2272</load_address>
         <run_address>0x2272</run_address>
         <size>0xe</size>
         <input_file_ref idref="fl-d"/>
      </object_component>
      <object_component id="oc-4d3">
         <name>.data</name>
         <load_address>0x21d0</load_address>
         <run_address>0x21d0</run_address>
         <size>0x1e</size>
         <input_file_ref idref="fl-f"/>
      </object_component>
      <object_component id="oc-6a3">
         <name>.data</name>
         <load_address>0x22ba</load_address>
         <run_address>0x22ba</run_address>
         <size>0x7</size>
         <input_file_ref idref="fl-12"/>
      </object_component>
      <object_component id="oc-4e9">
         <name>.data</name>
         <load_address>0x2280</load_address>
         <run_address>0x2280</run_address>
         <size>0xd</size>
         <input_file_ref idref="fl-14"/>
      </object_component>
      <object_component id="oc-4c8">
         <name>.data</name>
         <load_address>0x22a6</load_address>
         <run_address>0x22a6</run_address>
         <size>0xa</size>
         <input_file_ref idref="fl-15"/>
      </object_component>
      <object_component id="oc-4f7">
         <name>.data</name>
         <load_address>0x223e</load_address>
         <run_address>0x223e</run_address>
         <size>0x16</size>
         <input_file_ref idref="fl-19"/>
      </object_component>
      <object_component id="oc-41c">
         <name>.stack</name>
         <uninitialized>true</uninitialized>
         <run_address>0x2f60</run_address>
         <size>0x2</size>
         <input_file_ref idref="fl-56"/>
      </object_component>
      <object_component id="oc-9d9">
         <name>.stack</name>
         <uninitialized>true</uninitialized>
         <run_address>0x2f60</run_address>
         <size>0x0</size>
      </object_component>
      <object_component id="oc-72">
         <name>.int22</name>
         <load_address>0xffce</load_address>
         <run_address>0xffce</run_address>
         <size>0x2</size>
         <input_file_ref idref="fl-e"/>
      </object_component>
      <object_component id="oc-73">
         <name>.int23</name>
         <load_address>0xffd0</load_address>
         <run_address>0xffd0</run_address>
         <size>0x2</size>
         <input_file_ref idref="fl-3d"/>
      </object_component>
      <object_component id="oc-74">
         <name>.int24</name>
         <load_address>0xffd2</load_address>
         <run_address>0xffd2</run_address>
         <size>0x2</size>
         <input_file_ref idref="fl-e"/>
      </object_component>
      <object_component id="oc-75">
         <name>.int25</name>
         <load_address>0xffd4</load_address>
         <run_address>0xffd4</run_address>
         <size>0x2</size>
         <input_file_ref idref="fl-3f"/>
      </object_component>
      <object_component id="oc-76">
         <name>.int26</name>
         <load_address>0xffd6</load_address>
         <run_address>0xffd6</run_address>
         <size>0x2</size>
         <input_file_ref idref="fl-40"/>
      </object_component>
      <object_component id="oc-77">
         <name>.int27</name>
         <load_address>0xffd8</load_address>
         <run_address>0xffd8</run_address>
         <size>0x2</size>
         <input_file_ref idref="fl-41"/>
      </object_component>
      <object_component id="oc-78">
         <name>.int28</name>
         <load_address>0xffda</load_address>
         <run_address>0xffda</run_address>
         <size>0x2</size>
         <input_file_ref idref="fl-42"/>
      </object_component>
      <object_component id="oc-79">
         <name>.int29</name>
         <load_address>0xffdc</load_address>
         <run_address>0xffdc</run_address>
         <size>0x2</size>
         <input_file_ref idref="fl-c"/>
      </object_component>
      <object_component id="oc-7a">
         <name>.int30</name>
         <load_address>0xffde</load_address>
         <run_address>0xffde</run_address>
         <size>0x2</size>
         <input_file_ref idref="fl-43"/>
      </object_component>
      <object_component id="oc-7b">
         <name>.int31</name>
         <load_address>0xffe0</load_address>
         <run_address>0xffe0</run_address>
         <size>0x2</size>
         <input_file_ref idref="fl-44"/>
      </object_component>
      <object_component id="oc-7c">
         <name>.int32</name>
         <load_address>0xffe2</load_address>
         <run_address>0xffe2</run_address>
         <size>0x2</size>
         <input_file_ref idref="fl-d"/>
      </object_component>
      <object_component id="oc-7d">
         <name>.int33</name>
         <load_address>0xffe4</load_address>
         <run_address>0xffe4</run_address>
         <size>0x2</size>
         <input_file_ref idref="fl-d"/>
      </object_component>
      <object_component id="oc-7e">
         <name>.int34</name>
         <load_address>0xffe6</load_address>
         <run_address>0xffe6</run_address>
         <size>0x2</size>
         <input_file_ref idref="fl-45"/>
      </object_component>
      <object_component id="oc-7f">
         <name>.int35</name>
         <load_address>0xffe8</load_address>
         <run_address>0xffe8</run_address>
         <size>0x2</size>
         <input_file_ref idref="fl-46"/>
      </object_component>
      <object_component id="oc-80">
         <name>.int36</name>
         <load_address>0xffea</load_address>
         <run_address>0xffea</run_address>
         <size>0x2</size>
         <input_file_ref idref="fl-47"/>
      </object_component>
      <object_component id="oc-81">
         <name>.int37</name>
         <load_address>0xffec</load_address>
         <run_address>0xffec</run_address>
         <size>0x2</size>
         <input_file_ref idref="fl-48"/>
      </object_component>
      <object_component id="oc-82">
         <name>.int38</name>
         <load_address>0xffee</load_address>
         <run_address>0xffee</run_address>
         <size>0x2</size>
         <input_file_ref idref="fl-f"/>
      </object_component>
      <object_component id="oc-83">
         <name>.int39</name>
         <load_address>0xfff0</load_address>
         <run_address>0xfff0</run_address>
         <size>0x2</size>
         <input_file_ref idref="fl-f"/>
      </object_component>
      <object_component id="oc-84">
         <name>.int40</name>
         <load_address>0xfff2</load_address>
         <run_address>0xfff2</run_address>
         <size>0x2</size>
         <input_file_ref idref="fl-f"/>
      </object_component>
      <object_component id="oc-85">
         <name>.int41</name>
         <load_address>0xfff4</load_address>
         <run_address>0xfff4</run_address>
         <size>0x2</size>
         <input_file_ref idref="fl-f"/>
      </object_component>
      <object_component id="oc-86">
         <name>.int42</name>
         <load_address>0xfff6</load_address>
         <run_address>0xfff6</run_address>
         <size>0x2</size>
         <input_file_ref idref="fl-f"/>
      </object_component>
      <object_component id="oc-87">
         <name>.int43</name>
         <load_address>0xfff8</load_address>
         <run_address>0xfff8</run_address>
         <size>0x2</size>
         <input_file_ref idref="fl-f"/>
      </object_component>
      <object_component id="oc-88">
         <name>.int44</name>
         <load_address>0xfffa</load_address>
         <run_address>0xfffa</run_address>
         <size>0x2</size>
         <input_file_ref idref="fl-49"/>
      </object_component>
      <object_component id="oc-89">
         <name>.int45</name>
         <load_address>0xfffc</load_address>
         <run_address>0xfffc</run_address>
         <size>0x2</size>
         <input_file_ref idref="fl-4a"/>
      </object_component>
      <object_component id="oc-41f">
         <name>.reset</name>
         <load_address>0xfffe</load_address>
         <run_address>0xfffe</run_address>
         <size>0x2</size>
         <input_file_ref idref="fl-56"/>
      </object_component>
      <object_component id="oc-874">
         <name>.debug_info</name>
         <load_address>0x0</load_address>
         <run_address>0x0</run_address>
         <size>0x38a</size>
         <input_file_ref idref="fl-2"/>
      </object_component>
      <object_component id="oc-749">
         <name>.debug_info</name>
         <load_address>0x38a</load_address>
         <run_address>0x38a</run_address>
         <size>0x1c2</size>
         <input_file_ref idref="fl-2"/>
      </object_component>
      <object_component id="oc-5bd">
         <name>.debug_info</name>
         <load_address>0x54c</load_address>
         <run_address>0x54c</run_address>
         <size>0x13a</size>
         <input_file_ref idref="fl-2"/>
      </object_component>
      <object_component id="oc-58e">
         <name>.debug_info</name>
         <load_address>0x686</load_address>
         <run_address>0x686</run_address>
         <size>0x136</size>
         <input_file_ref idref="fl-2"/>
      </object_component>
      <object_component id="oc-744">
         <name>.debug_info</name>
         <load_address>0x7bc</load_address>
         <run_address>0x7bc</run_address>
         <size>0x18a</size>
         <input_file_ref idref="fl-2"/>
      </object_component>
      <object_component id="oc-73a">
         <name>.debug_info</name>
         <load_address>0x946</load_address>
         <run_address>0x946</run_address>
         <size>0x72</size>
         <input_file_ref idref="fl-2"/>
      </object_component>
      <object_component id="oc-426">
         <name>.debug_info</name>
         <load_address>0x9b8</load_address>
         <run_address>0x9b8</run_address>
         <size>0x84</size>
         <input_file_ref idref="fl-2"/>
      </object_component>
      <object_component id="oc-500">
         <name>.debug_info</name>
         <load_address>0xa3c</load_address>
         <run_address>0xa3c</run_address>
         <size>0x273</size>
         <input_file_ref idref="fl-3"/>
      </object_component>
      <object_component id="oc-503">
         <name>.debug_info</name>
         <load_address>0xcaf</load_address>
         <run_address>0xcaf</run_address>
         <size>0x11c</size>
         <input_file_ref idref="fl-3"/>
      </object_component>
      <object_component id="oc-698">
         <name>.debug_info</name>
[...]
         <name>TIMER_B1_CCR0_ISR</name>
         <value>0xb62a</value>
         <object_component_ref idref="oc-46c"/>
      </symbol>
      <symbol id="sm-793">
         <name>send_message</name>
         <value>0x21e1</value>
         <object_component_ref idref="oc-4d3"/>
      </symbol>
      <symbol id="sm-794">
         <name>stop_timer</name>
         <value>0x21ea</value>
         <object_component_ref idref="oc-4d3"/>
      </symbol>
      <symbol id="sm-795">
         <name>TIMER_B0_CCR0_ISR</name>
         <value>0xb5f0</value>
         <object_component_ref idref="oc-478"/>
      </symbol>
      <symbol id="sm-796">
         <name>TIMER_B2_CCR0_ISR</name>
         <value>0xb6f0</value>
         <object_component_ref idref="oc-460"/>
      </symbol>
      <symbol id="sm-797">
         <name>parse_iot_ready</name>
         <value>0x21e4</value>
         <object_component_ref idref="oc-4d3"/>
      </symbol>
      <symbol id="sm-7a9">
         <name>main</name>
         <value>0x9fac</value>
         <object_component_ref idref="oc-518"/>
      </symbol>
      <symbol id="sm-7df">
         <name>Main_Menu_Process</name>
         <value>0x9088</value>
         <object_component_ref idref="oc-5d7"/>
      </symbol>
      <symbol id="sm-7e0">
         <name>Menu_ChangePage</name>
         <value>0xa9bc</value>
         <object_component_ref idref="oc-76c"/>
      </symbol>
      <symbol id="sm-7e1">
         <name>menu_index</name>
         <value>0x22ba</value>
         <object_component_ref idref="oc-6a3"/>
      </symbol>
      <symbol id="sm-7e2">
         <name>display_menu</name>
         <value>0x22bc</value>
         <object_component_ref idref="oc-6a3"/>
      </symbol>
      <symbol id="sm-817">
         <name>Init_Port6</name>
         <value>0xa332</value>
         <object_component_ref idref="oc-658"/>
      </symbol>
      <symbol id="sm-818">
         <name>Init_Port4</name>
         <value>0xa228</value>
         <object_component_ref idref="oc-64c"/>
      </symbol>
      <symbol id="sm-819">
         <name>Init_Port5</name>
         <value>0xad60</value>
         <object_component_ref idref="oc-652"/>
      </symbol>
      <symbol id="sm-81a">
         <name>Init_Port2</name>
         <value>0xa050</value>
         <object_component_ref idref="oc-640"/>
      </symbol>
      <symbol id="sm-81b">
         <name>Init_Port3</name>
         <value>0x9b20</value>
         <object_component_ref idref="oc-646"/>
      </symbol>
      <symbol id="sm-81c">
         <name>Init_Port1</name>
         <value>0xa928</value>
         <object_component_ref idref="oc-63a"/>
      </symbol>
      <symbol id="sm-81d">
         <name>Init_Ports</name>
         <value>0xaf2c</value>
         <object_component_ref idref="oc-574"/>
      </symbol>
      <symbol id="sm-893">
         <name>Command_Buffer</name>
         <value>0x2080</value>
      </symbol>
      <symbol id="sm-894">
         <name>current_command</name>
         <value>0x215c</value>
      </symbol>
      <symbol id="sm-895">
         <name>cmd_queue_write</name>
         <value>0x2282</value>
         <object_component_ref idref="oc-4e9"/>
      </symbol>
      <symbol id="sm-896">
         <name>Display_CurrentCommand</name>
         <value>0xab94</value>
         <object_component_ref idref="oc-6f7"/>
      </symbol>
      <symbol id="sm-897">
         <name>cmd_queue_read</name>
         <value>0x2283</value>
         <object_component_ref idref="oc-4e9"/>
      </symbol>
      <symbol id="sm-898">
         <name>cmd_queue_count</name>
         <value>0x2284</value>
         <object_component_ref idref="oc-4e9"/>
      </symbol>
      <symbol id="sm-899">
         <name>command_index</name>
         <value>0x2280</value>
         <object_component_ref idref="oc-4e9"/>
      </symbol>
      <symbol id="sm-89a">
         <name>Parse_Command</name>
         <value>0x9d7a</value>
         <object_component_ref idref="oc-6f1"/>
      </symbol>
      <symbol id="sm-89b">
         <name>command_active</name>
         <value>0x2288</value>
         <object_component_ref idref="oc-4e9"/>
      </symbol>
      <symbol id="sm-89c">
         <name>Get_Command</name>
         <value>0xa3ae</value>
         <object_component_ref idref="oc-6eb"/>
      </symbol>
      <symbol id="sm-89d">
         <name>Process_Queue</name>
         <value>0x9258</value>
         <object_component_ref idref="oc-5c5"/>
      </symbol>
      <symbol id="sm-89e">
         <name>command_enabled</name>
         <value>0x228b</value>
         <object_component_ref idref="oc-4e9"/>
      </symbol>
      <symbol id="sm-89f">
         <name>command_complete</name>
         <value>0x2289</value>
         <object_component_ref idref="oc-4e9"/>
      </symbol>
      <symbol id="sm-8a0">
         <name>command_ready</name>
         <value>0x2281</value>
         <object_component_ref idref="oc-4e9"/>
      </symbol>
      <symbol id="sm-8a1">
         <name>Queue_AddCommand</name>
         <value>0xa49a</value>
         <object_component_ref idref="oc-6db"/>
      </symbol>
      <symbol id="sm-8a2">
         <name>command_timer</name>
         <value>0x2286</value>
         <object_component_ref idref="oc-4e9"/>
      </symbol>
      <symbol id="sm-8a3">
         <name>wifi_pad_value</name>
         <value>0x228c</value>
         <object_component_ref idref="oc-4e9"/>
      </symbol>
      <symbol id="sm-8a4">
         <name>command_waiting</name>
         <value>0x228a</value>
         <object_component_ref idref="oc-4e9"/>
      </symbol>
      <symbol id="sm-8af">
         <name>SW1_pressed</name>
         <value>0x22a6</value>
         <object_component_ref idref="oc-4c8"/>
      </symbol>
      <symbol id="sm-8b0">
         <name>SW2_pressed</name>
         <value>0x22a8</value>
         <object_component_ref idref="oc-4c8"/>
      </symbol>
      <symbol id="sm-8b1">
         <name>display_ADC_values</name>
         <value>0x22ad</value>
         <object_component_ref idref="oc-4c8"/>
      </symbol>
      <symbol id="sm-8b2">
         <name>drive_enabled</name>
         <value>0x22ac</value>
         <object_component_ref idref="oc-4c8"/>
      </symbol>
      <symbol id="sm-8b3">
         <name>pending_send</name>
         <value>0x22ae</value>
         <object_component_ref idref="oc-4c8"/>
      </symbol>
      <symbol id="sm-8b4">
         <name>goto_Start</name>
         <value>0x22aa</value>
         <object_component_ref idref="oc-4c8"/>
      </symbol>
      <symbol id="sm-8bd">
         <name>enable_interrupts</name>
         <value>0xb1bc</value>
         <object_component_ref idref="oc-66d"/>
      </symbol>
      <symbol id="sm-8db">
         <name>Init_Timers</name>
         <value>0xb116</value>
         <object_component_ref idref="oc-586"/>
      </symbol>
      <symbol id="sm-8dc">
         <name>Init_Timer_B2</name>
         <value>0xa7d6</value>
         <object_component_ref idref="oc-680"/>
      </symbol>
      <symbol id="sm-8dd">
         <name>Init_Timer_B1</name>
         <value>0xa778</value>
         <object_component_ref idref="oc-67a"/>
      </symbol>
      <symbol id="sm-8de">
         <name>Init_Timer_B0</name>
         <value>0xa71a</value>
         <object_component_ref idref="oc-674"/>
      </symbol>
      <symbol id="sm-8e7">
         <name>Init_Timer_B3</name>
         <value>0xa8dc</value>
         <object_component_ref idref="oc-686"/>
      </symbol>
      <symbol id="sm-942">
         <name>Line_Follow_Proportional</name>
         <value>0x9efa</value>
         <object_component_ref idref="oc-753"/>
      </symbol>
      <symbol id="sm-943">
         <name>Line_Follow_Start_Autonomous</name>
         <value>0xa2ae</value>
         <object_component_ref idref="oc-704"/>
      </symbol>
      <symbol id="sm-944">
         <name>left_error</name>
         <value>0x224e</value>
         <object_component_ref idref="oc-4f7"/>
      </symbol>
      <symbol id="sm-945">
         <name>right_error</name>
         <value>0x2250</value>
         <object_component_ref idref="oc-4f7"/>
      </symbol>
      <symbol id="sm-946">
         <name>circle_lap_count</name>
         <value>0x2248</value>
         <object_component_ref idref="oc-4f7"/>
      </symbol>
      <symbol id="sm-947">
         <name>drive_timer</name>
         <value>0x2244</value>
         <object_component_ref idref="oc-4f7"/>
      </symbol>
      <symbol id="sm-948">
         <name>drive_state</name>
         <value>0x223e</value>
         <object_component_ref idref="oc-4f7"/>
      </symbol>
      <symbol id="sm-949">
         <name>update_state_timer</name>
         <value>0x224d</value>
         <object_component_ref idref="oc-4f7"/>
      </symbol>
      <symbol id="sm-94a">
         <name>next_drive_state</name>
         <value>0x224a</value>
         <object_component_ref idref="oc-4f7"/>
      </symbol>
      <symbol id="sm-94b">
         <name>Line_Follow_Process</name>
         <value>0x8902</value>
         <object_component_ref idref="oc-5d1"/>
      </symbol>
      <symbol id="sm-94c">
         <name>line_state</name>
         <value>0x2240</value>
         <object_component_ref idref="oc-4f7"/>
      </symbol>
      <symbol id="sm-94d">
         <name>drift_error</name>
         <value>0x2252</value>
         <object_component_ref idref="oc-4f7"/>
      </symbol>
      <symbol id="sm-94e">
         <name>last_line_state</name>
         <value>0x2242</value>
         <object_component_ref idref="oc-4f7"/>
      </symbol>
      <symbol id="sm-94f">
         <name>process_line_follow</name>
         <value>0x224c</value>
         <object_component_ref idref="oc-4f7"/>
      </symbol>
      <symbol id="sm-950">
         <name>drive_pause_complete</name>
         <value>0x2246</value>
         <object_component_ref idref="oc-4f7"/>
      </symbol>
      <symbol id="sm-9ed">
         <name>current_character</name>
         <value>0x21ab</value>
      </symbol>
      <symbol id="sm-9ee">
         <name>display_changed</name>
         <value>0x21ac</value>
      </symbol>
      <symbol id="sm-9ef">
         <name>display_line</name>
         <value>0x20d0</value>
      </symbol>
      <symbol id="sm-9f0">
         <name>display</name>
         <value>0x218c</value>
      </symbol>
      <symbol id="sm-9f1">
         <name>ClrDisplay_Buffer_2</name>
         <value>0xafca</value>
         <object_component_ref idref="oc-8df"/>
      </symbol>
      <symbol id="sm-9f2">
         <name>ClrDisplay_Buffer_3</name>
         <value>0xafe2</value>
         <object_component_ref idref="oc-8e5"/>
      </symbol>
      <symbol id="sm-9f3">
         <name>ClrDisplay_Buffer_0</name>
         <value>0xaf9a</value>
         <object_component_ref idref="oc-8d3"/>
      </symbol>
      <symbol id="sm-9f4">
         <name>ClrDisplay_Buffer_1</name>
         <value>0xafb2</value>
         <object_component_ref idref="oc-8d9"/>
      </symbol>
      <symbol id="sm-9f5">
         <name>spi_chipselect_idle</name>
         <value>0xb0c4</value>
         <object_component_ref idref="oc-80b"/>
      </symbol>
      <symbol id="sm-9f6">
         <name>WriteIns</name>
         <value>0xae3c</value>
         <object_component_ref idref="oc-817"/>
      </symbol>
      <symbol id="sm-9f7">
         <name>spi_reset_active</name>
         <value>0xb1d0</value>
         <object_component_ref idref="oc-811"/>
      </symbol>
      <symbol id="sm-9f8">
         <name>WriteData</name>
         <value>0xae14</value>
         <object_component_ref idref="oc-8ed"/>
      </symbol>
      <symbol id="sm-9f9">
         <name>lcd_4line</name>
         <value>0xb18c</value>
         <object_component_ref idref="oc-883"/>
      </symbol>
      <symbol id="sm-9fa">
         <name>DisplayOnOff</name>
         <value>0xb17e</value>
         <object_component_ref idref="oc-823"/>
      </symbol>
      <symbol id="sm-9fb">
         <name>spi_chipselect_active</name>
         <value>0xb14c</value>
         <object_component_ref idref="oc-8c6"/>
      </symbol>
      <symbol id="sm-9fc">
         <name>lcd_out</name>
         <value>0xaf64</value>
         <object_component_ref idref="oc-82a"/>
      </symbol>
      <symbol id="sm-9fd">
         <name>Display_Update</name>
         <value>0xaa90</value>
         <object_component_ref idref="oc-6c2"/>
      </symbol>
      <symbol id="sm-9fe">
         <name>Init_LCD</name>
         <value>0x9bf2</value>
         <object_component_ref idref="oc-6bb"/>
      </symbol>
      <symbol id="sm-9ff">
         <name>SPI_B1_write</name>
         <value>0xaf48</value>
         <object_component_ref idref="oc-8cc"/>
      </symbol>
      <symbol id="sm-a00">
         <name>Init_SPI_B1</name>
         <value>0xaad4</value>
         <object_component_ref idref="oc-7ff"/>
      </symbol>
      <symbol id="sm-a01">
         <name>spi_reset_idle</name>
         <value>0xb1d6</value>
         <object_component_ref idref="oc-805"/>
      </symbol>
      <symbol id="sm-a02">
         <name>ClrDisplay</name>
         <value>0xb040</value>
         <object_component_ref idref="oc-81d"/>
      </symbol>
      <symbol id="sm-a03">
         <name>lcd_BIG_mid</name>
         <value>0xaf0e</value>
         <object_component_ref idref="oc-84f"/>
      </symbol>
      <symbol id="sm-a24">
         <name>__TI_decompress_lzss</name>
         <value>0x9950</value>
         <object_component_ref idref="oc-66"/>
      </symbol>
      <symbol id="sm-a35">
         <name>__TI_decompress_none</name>
         <value>0xac4c</value>
         <object_component_ref idref="oc-6c"/>
      </symbol>
      <symbol id="sm-a38">
         <name>__TI_int23</name>
         <value>0xffd0</value>
         <object_component_ref idref="oc-73"/>
      </symbol>
      <symbol id="sm-a40">
         <name>__TI_ISR_TRAP</name>
         <value>0xb700</value>
         <object_component_ref idref="oc-43d"/>
      </symbol>
      <symbol id="sm-a43">
         <name>__TI_int25</name>
         <value>0xffd4</value>
         <object_component_ref idref="oc-75"/>
      </symbol>
      <symbol id="sm-a46">
         <name>__TI_int26</name>
         <value>0xffd6</value>
         <object_component_ref idref="oc-76"/>
      </symbol>
      <symbol id="sm-a49">
         <name>__TI_int27</name>
         <value>0xffd8</value>
         <object_component_ref idref="oc-77"/>
      </symbol>
      <symbol id="sm-a4c">
         <name>__TI_int28</name>
         <value>0xffda</value>
         <object_component_ref idref="oc-78"/>
      </symbol>
      <symbol id="sm-a4f">
         <name>__TI_int30</name>
         <value>0xffde</value>
         <object_component_ref idref="oc-7a"/>
      </symbol>
      <symbol id="sm-a52">
         <name>__TI_int31</name>
         <value>0xffe0</value>
         <object_component_ref idref="oc-7b"/>
      </symbol>
      <symbol id="sm-a55">
         <name>__TI_int34</name>
         <value>0xffe6</value>
         <object_component_ref idref="oc-7e"/>
      </symbol>
      <symbol id="sm-a58">
         <name>__TI_int35</name>
         <value>0xffe8</value>
         <object_component_ref idref="oc-7f"/>
      </symbol>
      <symbol id="sm-a5b">
         <name>__TI_int36</name>
         <value>0xffea</value>
         <object_component_ref idref="oc-80"/>
      </symbol>
      <symbol id="sm-a5e">
         <name>__TI_int37</name>
         <value>0xffec</value>
         <object_component_ref idref="oc-81"/>
      </symbol>
      <symbol id="sm-a61">
         <name>__TI_int44</name>
         <value>0xfffa</value>
         <object_component_ref idref="oc-88"/>
      </symbol>
      <symbol id="sm-a64">
         <name>__TI_int45</name>
         <value>0xfffc</value>
         <object_component_ref idref="oc-89"/>
      </symbol>
      <symbol id="sm-a74">
         <name>__TI_zero_init_nomemset</name>
         <value>0xabd2</value>
         <object_component_ref idref="oc-47e"/>
      </symbol>
      <symbol id="sm-a7f">
         <name>__memcpy_far</name>
         <value>0xab54</value>
         <object_component_ref idref="oc-42b"/>
      </symbol>
      <symbol id="sm-a8b">
         <name>__mspabi_remi</name>
         <value>0xadbe</value>
         <object_component_ref idref="oc-846"/>
      </symbol>
      <symbol id="sm-a8c">
         <name>__mspabi_divi</name>
         <value>0xadbe</value>
         <object_component_ref idref="oc-846"/>
      </symbol>
      <symbol id="sm-a96">
         <name>__mspabi_remu</name>
         <value>0xb0ae</value>
         <object_component_ref idref="oc-710"/>
      </symbol>
      <symbol id="sm-a97">
         <name>__mspabi_divu</name>
         <value>0xb0ae</value>
         <object_component_ref idref="oc-710"/>
      </symbol>
      <symbol id="sm-aa5">
         <name>__mspabi_remul</name>
         <value>0xa834</value>
         <object_component_ref idref="oc-74c"/>
      </symbol>
      <symbol id="sm-aa6">
         <name>__mspabi_divul</name>
         <value>0xa834</value>
         <object_component_ref idref="oc-74c"/>
      </symbol>
      <symbol id="sm-aaf">
         <name>__mspabi_mpyi_f5hw</name>
         <value>0xb012</value>
         <object_component_ref idref="oc-6d2"/>
      </symbol>
      <symbol id="sm-ac3">
         <name>_c_int00_noargs_mpu</name>
         <value>0xb6d0</value>
         <object_component_ref idref="oc-4a8"/>
      </symbol>
      <symbol id="sm-ac4">
         <name>_stack</name>
         <value>0x2f60</value>
         <object_component_ref idref="oc-41c"/>
      </symbol>
      <symbol id="sm-ac5">
         <name>_reset_vector</name>
         <value>0xfffe</value>
         <object_component_ref idref="oc-41f"/>
      </symbol>
      <symbol id="sm-ad3">
         <name>__mpu_init</name>
         <value>0xac10</value>
         <object_component_ref idref="oc-52a"/>
      </symbol>
      <symbol id="sm-af6">
         <name>__TI_auto_init_nobinit_nopinit_hold_wdt</name>
         <value>0xa57c</value>
         <object_component_ref idref="oc-608"/>
      </symbol>
      <symbol id="sm-aff">
         <name>_system_post_cinit</name>
         <value>0xb1e0</value>
         <object_component_ref idref="oc-79f"/>
      </symbol>
      <symbol id="sm-b08">
         <name>_system_pre_init</name>
         <value>0xb1dc</value>
         <object_component_ref idref="oc-512"/>
      </symbol>
      <symbol id="sm-b12">
         <name>abs</name>
         <value>0xb1b2</value>
         <object_component_ref idref="oc-879"/>
      </symbol>
      <symbol id="sm-b1d">
         <name>C$$EXIT</name>
         <value>0xb1ca</value>
         <object_component_ref idref="oc-5e4"/>
      </symbol>
      <symbol id="sm-b1e">
         <name>abort</name>
         <value>0xb1ca</value>
         <object_component_ref idref="oc-5e4"/>
      </symbol>
      <symbol id="sm-b2e">
         <name>memcpy</name>
         <value>0xb13a</value>
         <object_component_ref idref="oc-83a"/>
      </symbol>
      <symbol id="sm-b4f">
         <name>sprintf</name>
         <value>0xac88</value>
         <object_component_ref idref="oc-721"/>
      </symbol>
      <symbol id="sm-ba8">
         <name>__TI_printfi_minimal</name>
         <value>0x9a3e</value>
         <object_component_ref idref="oc-868"/>
      </symbol>
      <symbol id="sm-bd6">
         <name>memccpy</name>
         <value>0xaeae</value>
         <object_component_ref idref="oc-948"/>
      </symbol>
      <symbol id="sm-be4">
         <name>memset</name>
         <value>0xb102</value>
         <object_component_ref idref="oc-93b"/>
      </symbol>
      <symbol id="sm-bf2">
         <name>strcpy</name>
         <value>0xb16e</value>
         <object_component_ref idref="oc-594"/>
      </symbol>
      <symbol id="sm-bff">
         <name>strlen</name>
         <value>0xb19a</value>
         <object_component_ref idref="oc-905"/>
      </symbol>
   </symbol_table>
   <title>Link successful</title>
</link_info>
