******************************************************************************
                  MSP430 Linker PC v21.6.1                     
******************************************************************************
>> Linked Sun Dec  7 22:07:05 2025

OUTPUT FILE NAME:   <Project 10_FINAL.out>
ENTRY POINT SYMBOL: "_c_int00_noargs_mpu"  address: 0000b820


MEMORY CONFIGURATION

         name            origin    length      used     unused   attr    fill
----------------------  --------  ---------  --------  --------  ----  --------
  TINYRAM               00000006   0000001a  00000000  0000001a  RWIX
  BSL0                  00001000   00000800  00000000  00000800  RWIX
  INFO                  00001800   00000200  00000000  00000200  RWIX
  TLVMEM                00001a00   00000200  00000000  00000200  RWIX
  BOOTCODE              00001c00   00000400  00000000  00000400  RWIX
  RAM                   00002000   00001000  00000359  00000ca7  RWIX
  FRAM                  00008000   00007f80  00003858  00004728  RWIX
  JTAGSIGNATURE         0000ff80   00000004  00000004  00000000  RWIX  ffff 
  BSLSIGNATURE          0000ff84   00000004  00000004  00000000  RWIX  ffff 
  BSLCONFIGURATIONSIGNA 0000ff88   00000002  00000002  00000000  RWIX  ffff 
  BSLCONFIGURATION      0000ff8a   00000002  00000002  00000000  RWIX  ffff 
  BSLI2CADDRESS         0000ffa0   00000002  00000002  00000000  RWIX  ffff 
  INT00                 0000ffa2   00000002  00000000  00000002  RWIX
  INT01                 0000ffa4   00000002  00000000  00000002  RWIX
  INT02                 0000ffa6   00000002  00000000  00000002  RWIX
  INT03                 0000ffa8   00000002  00000000  00000002  RWIX
  INT04                 0000ffaa   00000002  00000000  00000002  RWIX
  INT05                 0000ffac   00000002  00000000  00000002  RWIX
  INT06                 0000ffae   00000002  00000000  00000002  RWIX
  INT07                 0000ffb0   00000002  00000000  00000002  RWIX
  INT08                 0000ffb2   00000002  00000000  00000002  RWIX
  INT09                 0000ffb4   00000002  00000000  00000002  RWIX
  INT10                 0000ffb6   00000002  00000000  00000002  RWIX
  INT11                 0000ffb8   00000002  00000000  00000002  RWIX
  INT12                 0000ffba   00000002  00000000  00000002  RWIX
  INT13                 0000ffbc   00000002  00000000  00000002  RWIX
  INT14                 0000ffbe   00000002  00000000  00000002  RWIX
  INT15                 0000ffc0   00000002  00000000  00000002  RWIX
  INT16                 0000ffc2   00000002  00000000  00000002  RWIX
  INT17                 0000ffc4   00000002  00000000  00000002  RWIX
  INT18                 0000ffc6   00000002  00000000  00000002  RWIX
  INT19                 0000ffc8   00000002  00000000  00000002  RWIX
  INT20                 0000ffca   00000002  00000000  00000002  RWIX
  INT21                 0000ffcc   00000002  00000000  00000002  RWIX
  INT22                 0000ffce   00000002  00000002  00000000  RWIX
  INT23                 0000ffd0   00000002  00000002  00000000  RWIX
  INT24                 0000ffd2   00000002  00000002  00000000  RWIX
  INT25                 0000ffd4   00000002  00000002  00000000  RWIX
  INT26                 0000ffd6   00000002  00000002  00000000  RWIX
  INT27                 0000ffd8   00000002  00000002  00000000  RWIX
  INT28                 0000ffda   00000002  00000002  00000000  RWIX
  INT29                 0000ffdc   00000002  00000002  00000000  RWIX
  INT30                 0000ffde   00000002  00000002  00000000  RWIX
  INT31                 0000ffe0   00000002  00000002  00000000  RWIX
  INT32                 0000ffe2   00000002  00000002  00000000  RWIX
  INT33                 0000ffe4   00000002  00000002  00000000  RWIX
  INT34                 0000ffe6   00000002  00000002  00000000  RWIX
  INT35                 0000ffe8   00000002  00000002  00000000  RWIX
  INT36                 0000ffea   00000002  00000002  00000000  RWIX
  INT37                 0000ffec   00000002  00000002  00000000  RWIX
  INT38                 0000ffee   00000002  00000002  00000000  RWIX
  INT39                 0000fff0   00000002  00000002  00000000  RWIX
  INT40                 0000fff2   00000002  00000002  00000000  RWIX
  INT41                 0000fff4   00000002  00000002  00000000  RWIX
  INT42                 0000fff6   00000002  00000002  00000000  RWIX
  INT43                 0000fff8   00000002  00000002  00000000  RWIX
  INT44                 0000fffa   00000002  00000002  00000000  RWIX
  INT45                 0000fffc   00000002  00000002  00000000  RWIX
  RESET                 0000fffe   00000002  00000002  00000000  RWIX
  ROMLIB                000fac00   00005000  00000000  00005000  RWIX
  BSL1                  000ffc00   00000400  00000000  00000400  RWIX


SECTION ALLOCATION MAP

 output                                  attributes/
section   page    origin      length       input sections
--------  ----  ----------  ----------   ----------------
.TI.persistent 
*          0    00008000    00000000     UNINITIALIZED

.cio       0    00008000    00000000     UNINITIALIZED

.sysmem    0    00008000    00000000     UNINITIALIZED

.cinit     0    00008000    0000006e     
                  00008000    0000004c     (.cinit..data.load) [load image, compression = lzss]
                  0000804c    0000000c     (__TI_handler_table)
                  00008058    00000006     (.cinit..bss.load) [load image, compression = zero_init]
                  0000805e    00000010     (__TI_cinit_table)

.pinit     0    0000806e    00000000     UNINITIALIZED

.binit     0    0000806e    00000000     

.init_array 
*          0    0000806e    00000000     UNINITIALIZED

.mspabi.exidx 
*          0    0000806e    00000000     UNINITIALIZED

.mspabi.extab 
*          0    0000806e    00000000     UNINITIALIZED

.const     0    0000806e    0000051a     
                  0000806e    0000014a     queue.obj (.const:.string)
                  000081b8    000000ee     Display.obj (.const:.string)
                  000082a6    000000b4     calibration.obj (.const:.string)
                  0000835a    000000a8     wheels.obj (.const:.string)
                  00008402    00000078     menu.obj (.const:.string)
                  0000847a    0000006c     bootup.obj (.const:.string)
                  000084e6    00000048     UART.obj (.const:.string)
                  0000852e    00000030     main.obj (.const:.string)
                  0000855e    0000000b     UART.obj (.const:.string:$P$T0$2)
                  00008569    00000001     --HOLE-- [fill = 0]
                  0000856a    0000000b     UART.obj (.const:.string:$P$T1$3)
                  00008575    00000001     --HOLE-- [fill = 0]
                  00008576    0000000b     UART.obj (.const:.string:$P$T2$4)
                  00008581    00000001     --HOLE-- [fill = 0]
                  00008582    00000006     UART.obj (.const:.string:Command_PIN)

.text      0    00008588    00002db8     
                  00008588    00000460     wheels.obj (.text:Line_Follow_Process)
                  000089e8    00000366     calibration.obj (.text:IR_Calibrate_Process)
                  00008d4e    0000027e     UART.obj (.text:IOT_Process)
                  00008fcc    00000234     queue.obj (.text:Process_Queue)
                  00009200    00000204     menu.obj (.text:Main_Menu_Process)
                  00009404    000001ec     UART.obj (.text:Display_IOT_Parse)
                  000095f0    00000184     UART.obj (.text:IOT_Parse_Data)
                  00009774    0000017a     bootup.obj (.text:Bootup_Sequence)
                  000098ee    00000124     wheels.obj (.text:Line_Follow_PD_V1)
                  00009a12    0000011c     bootup.obj (.text:IOT_Connect)
                  00009b2e    000000ee     rts430x_lc_sd_eabi.lib : copy_decompress_lzss.c.obj (.text:decompress:lzss:__TI_decompress_lzss)
                  00009c1c    000000ea     queue.obj (.text:Parse_Command)
                  00009d06    000000d2     ports.obj (.text:Init_Port3)
                  00009dd8    000000c6     queue.obj (.text:Queue_AddCommand)
                  00009e9e    000000c4     LCD.obj (.text:Init_LCD)
                  00009f62    000000c0     main.obj (.text:main)
                  0000a022    000000be     clocks.obj (.text:Software_Trim)
                  0000a0e0    000000b6     wheels.obj (.text:Line_Follow_Setup_Process)
                  0000a196    000000a2     ports.obj (.text:Init_Port2)
                  0000a238    000000a0     calibration.obj (.text:Display_Calibration)
                  0000a2d8    00000096     init.obj (.text:Init_Conditions)
                  0000a36e    0000008a     wheels.obj (.text:Line_Follow_Start_Autonomous)
                  0000a3f8    00000086     ports.obj (.text:Init_Port4)
                  0000a47e    0000007e     wheels.obj (.text:Line_Follow_Start_LEFT_TURN)
                  0000a4fc    0000007e     wheels.obj (.text:Line_Follow_Start_RIGHT_TURN)
                  0000a57a    0000007c     ports.obj (.text:Init_Port6)
                  0000a5f6    00000076     queue.obj (.text:Get_Command)
                  0000a66c    00000076     ADC.obj (.text:HEXtoBCD)
                  0000a6e2    0000006c     ADC.obj (.text:Init_ADC)
                  0000a74e    0000006a     rts430x_lc_sd_eabi.lib : autoinit.c.obj (.text:__TI_auto_init_nobinit_nopinit_hold_wdt:__TI_auto_init_nobinit_nopinit_hold_wdt)
                  0000a7b8    00000068     clocks.obj (.text:Init_Clocks)
                  0000a820    00000068     DAC.obj (.text:Init_DAC)
                  0000a888    00000064     calibration.obj (.text:IR_Calibrate_Menu)
                  0000a8ec    0000005e     timers_b0.obj (.text:Init_Timer_B0)
                  0000a94a    0000005e     timers_b0.obj (.text:Init_Timer_B1)
                  0000a9a8    0000005e     timers_b0.obj (.text:Init_Timer_B2)
                  0000aa06    00000058     rts430x_lc_sd_eabi.lib : div32u.asm.obj (.text)
                  0000aa5e    00000054     menu.obj (.text:Menu_ChangePage)
                  0000aab2    0000004c     timers_b3.obj (.text:Init_Timer_B3)
                  0000aafe    0000004a     ports.obj (.text:Init_Port1)
                  0000ab48    0000004a     UART.obj (.text:Send_AT_Command)
                  0000ab92    00000046     UART.obj (.text:Init_Serial_UCA0)
                  0000abd8    00000046     UART.obj (.text:Init_Serial_UCA1)
                  0000ac1e    00000044     LCD.obj (.text:Display_Update)
                  0000ac62    00000040     LCD.obj (.text:Init_SPI_B1)
                  0000aca2    00000040     UART.obj (.text:Send_Response)
                  0000ace2    00000040     rts430x_lc_sd_eabi.lib : cpy_util.asm.obj (.text:__memcpy_far)
                  0000ad22    0000003e                            : copy_zero_init.c.obj (.text:decompress:ZI:__TI_zero_init_nomemset:__TI_zero_init_nomemset)
                  0000ad60    0000003c     FRWP_INIT_LIB_CCS_msp430_large_code_small_data.lib : frwp_init.obj (.text:__mpu_init)
                  0000ad9c    0000003c     rts430x_lc_sd_eabi.lib : copy_decompress_none.c.obj (.text:decompress:none:__TI_decompress_none)
                  0000add8    0000003a     wheels.obj (.text:Line_Follow_Setup_LEFT)
                  0000ae12    0000003a     wheels.obj (.text:Line_Follow_Setup_RIGHT)
                  0000ae4c    00000036     Display.obj (.text:display_ADC)
                  0000ae82    00000036     Display.obj (.text:display_default)
                  0000aeb8    00000034     ADC.obj (.text:adc_line)
                  0000aeec    00000032     ports.obj (.text:Init_Port5)
                  0000af1e    0000002e     queue.obj (.text:Display_CurrentCommand)
                  0000af4c    0000002c     bootup.obj (.text:IOT_Reset)
                  0000af78    0000002c     rts430x_lc_sd_eabi.lib : div16s.asm.obj (.text)
                  0000afa4    0000002a     UART.obj (.text:Enable_Comms)
                  0000afce    00000028     LCD.obj (.text:WriteData)
                  0000aff6    00000028     LCD.obj (.text:WriteIns)
                  0000b01e    00000026     Display.obj (.text:Display_Process)
                  0000b044    00000024     PWM.obj (.text:Init_PWM)
                  0000b068    00000020     DAC.obj (.text:DAC_Set_Voltage)
                  0000b088    00000020     PWM.obj (.text:PWM_EBRAKE)
                  0000b0a8    0000001c     ports.obj (.text:Init_Ports)
                  0000b0c4    0000001c     LCD.obj (.text:SPI_B1_write)
                  0000b0e0    0000001c     LCD.obj (.text:lcd_out)
                  0000b0fc    0000001a     PWM.obj (.text:Wheels_Safe_Stop)
                  0000b116    00000018     LCD.obj (.text:ClrDisplay_Buffer_0)
                  0000b12e    00000018     LCD.obj (.text:ClrDisplay_Buffer_1)
                  0000b146    00000018     LCD.obj (.text:ClrDisplay_Buffer_2)
                  0000b15e    00000018     LCD.obj (.text:ClrDisplay_Buffer_3)
                  0000b176    00000018     rts430x_lc_sd_eabi.lib : mult16_f5hw.asm.obj (.text)
                  0000b18e    00000016     Display.obj (.text:Backlite_Control)
                  0000b1a4    00000016     LCD.obj (.text:ClrDisplay)
                  0000b1ba    00000016     PWM.obj (.text:PWM_FORWARD)
                  0000b1d0    00000016     PWM.obj (.text:PWM_Opening_Curve_Left)
                  0000b1e6    00000016     PWM.obj (.text:PWM_Opening_Curve_Right)
                  0000b1fc    00000016     PWM.obj (.text:PWM_REVERSE)
                  0000b212    00000016     PWM.obj (.text:PWM_REVERSE_PULSE)
                  0000b228    00000016     PWM.obj (.text:PWM_ROTATE_LEFT)
                  0000b23e    00000016     PWM.obj (.text:PWM_ROTATE_RIGHT)
                  0000b254    00000016     rts430x_lc_sd_eabi.lib : div16u.asm.obj (.text)
                  0000b26a    00000016     LCD.obj (.text:spi_chipselect_idle)
                  0000b280    00000014     wheels.obj (.text:Line_Follow_Exit_Circle)
                  0000b294    00000012     timers_b0.obj (.text:Init_Timers)
                  0000b2a6    00000012     rts430x_lc_sd_eabi.lib : memcpy.c.obj (.text:memcpy)
                  0000b2b8    00000012     LCD.obj (.text:spi_chipselect_active)
                  0000b2ca    00000010     ADC.obj (.text:Sample_ADC)
                  0000b2da    00000010     rts430x_lc_sd_eabi.lib : strcpy.c.obj (.text:strcpy)
                  0000b2ea    0000000e     LCD.obj (.text:DisplayOnOff)
                  0000b2f8    0000000e     LCD.obj (.text:lcd_4line)
                  0000b306    0000000a     UART.obj (.text:Init_SerialComms)
                  0000b310    0000000a     rts430x_lc_sd_eabi.lib : abs.c.obj (.text:abs)
                  0000b31a    00000008     system.obj (.text:enable_interrupts)
                  0000b322    00000006     DAC.obj (.text:DAC_Ready)
                  0000b328    00000006     rts430x_lc_sd_eabi.lib : exit.c.obj (.text:abort)
                  0000b32e    00000006     LCD.obj (.text:spi_reset_active)
                  0000b334    00000006     LCD.obj (.text:spi_reset_idle)
                  0000b33a    00000004     rts430x_lc_sd_eabi.lib : pre_init.c.obj (.text:_system_pre_init)
                  0000b33e    00000002                            : startup.c.obj (.text:_system_post_cinit)

.text:_isr 
*          0    0000b340    00000518     
                  0000b340    0000011c     interrupts_UART.obj (.text:_isr:eUSCI_A1_ISR)
                  0000b45c    000000d0     interrupts_ADC.obj (.text:_isr:ADC_ISR)
                  0000b52c    000000bc     interrupts_timers.obj (.text:_isr:TIMER_BO_CCR1_2_0V_ISR)
                  0000b5e8    00000080     interrupts_timers.obj (.text:_isr:TIMER_B2_CCR1_2_0V_ISR)
                  0000b668    00000078     interrupts_UART.obj (.text:_isr:eUSCI_A0_ISR)
                  0000b6e0    00000074     interrupts_timers.obj (.text:_isr:TIMER_B1_CCR1_2_0V_ISR)
                  0000b754    0000003a     interrupts_timers.obj (.text:_isr:TIMER_B1_CCR0_ISR)
                  0000b78e    00000036     interrupts_switches.obj (.text:_isr:switchP2_interrupt)
                  0000b7c4    00000036     interrupts_switches.obj (.text:_isr:switchP4_interrupt)
                  0000b7fa    00000026     interrupts_timers.obj (.text:_isr:TIMER_B0_CCR0_ISR)
                  0000b820    00000020     rts430x_lc_sd_eabi.lib : boot.c.obj (.text:_isr:_c_int00_noargs_mpu)
                  0000b840    00000010     interrupts_timers.obj (.text:_isr:TIMER_B2_CCR0_ISR)
                  0000b850    00000008     rts430x_lc_sd_eabi.lib : isr_trap.asm.obj (.text:_isr:__TI_ISR_TRAP)

.bss       0    00002000    000001b2     UNINITIALIZED
                  00002000    00000080     (.common:IOT_Data)
                  00002080    00000050     (.common:Command_Buffer)
                  000020d0    0000002c     (.common:display_line)
                  000020fc    00000020     (.common:IOT_2_PC)
                  0000211c    00000020     (.common:SEND_2_IOT)
                  0000213c    00000020     (.common:command_buffer)
                  0000215c    00000014     (.common:current_command)
                  00002170    00000010     (.common:ip_address)
                  00002180    0000000c     (.common:ssid)
                  0000218c    00000008     (.common:display)
                  00002194    00000004     (.common:adc_char)
                  00002198    00000002     (.common:ADC_Left_Detect)
                  0000219a    00000002     (.common:ADC_Right_Detect)
                  0000219c    00000002     (.common:ADC_Thumb)
                  0000219e    00000002     (.common:DAC_data)
                  000021a0    00000002     (.common:SW1_cnt)
                  000021a2    00000002     (.common:SW2_cnt)
                  000021a4    00000002     (.common:temp)
                  000021a6    00000002     (.common:temp_rx)
                  000021a8    00000001     (.common:ADC_Channel)
                  000021a9    00000001     (.common:SW1_debounce)
                  000021aa    00000001     (.common:SW2_debounce)
                  000021ab    00000001     (.common:current_character)
                  000021ac    00000001     (.common:display_changed)
                  000021ad    00000001     (.common:display_left_detect)
                  000021ae    00000001     (.common:display_right_detect)
                  000021af    00000001     (.common:display_thumb)
                  000021b0    00000001     (.common:updateCount)
                  000021b1    00000001     (.common:update_display)

.data      0    000021b2    00000107     UNINITIALIZED
                  000021b2    00000023     wheels.obj (.data)
                  000021d5    00000001     DAC.obj (.data)
                  000021d6    0000001e     calibration.obj (.data)
                  000021f4    0000001e     interrupts_timers.obj (.data)
                  00002212    0000001b     UART.obj (.data)
                  0000222d    00000001     --HOLE--
                  0000222e    00000017     UART.obj (.data:SET_PORT_COMMAND)
                  00002245    00000001     --HOLE--
                  00002246    00000010     interrupts_ADC.obj (.data)
                  00002256    00000010     interrupts_UART.obj (.data)
                  00002266    0000000e     UART.obj (.data:SET_MUX_COMMAND)
                  00002274    0000000d     queue.obj (.data)
                  00002281    00000001     --HOLE--
                  00002282    0000000c     UART.obj (.data:REQUEST_SSID_COMMAND)
                  0000228e    0000000b     UART.obj (.data:REQUEST_IP_COMMAND)
                  00002299    00000001     --HOLE--
                  0000229a    0000000a     switches.obj (.data)
                  000022a4    00000009     bootup.obj (.data)
                  000022ad    00000001     --HOLE--
                  000022ae    00000007     menu.obj (.data)
                  000022b5    00000004     PWM.obj (.data)

.stack     0    00002f60    000000a0     UNINITIALIZED
                  00002f60    00000002     rts430x_lc_sd_eabi.lib : boot.c.obj (.stack)
                  00002f62    0000009e     --HOLE--

PORT4      0    0000ffce    00000002     
                  0000ffce    00000002     interrupts_switches.obj (.int22)

PORT3      0    0000ffd0    00000002     
                  0000ffd0    00000002     rts430x_lc_sd_eabi.lib : int23.asm.obj (.int23)

PORT2      0    0000ffd2    00000002     
                  0000ffd2    00000002     interrupts_switches.obj (.int24)

PORT1      0    0000ffd4    00000002     
                  0000ffd4    00000002     rts430x_lc_sd_eabi.lib : int25.asm.obj (.int25)

SAC1_SAC3 
*          0    0000ffd6    00000002     
                  0000ffd6    00000002     rts430x_lc_sd_eabi.lib : int26.asm.obj (.int26)

SAC0_SAC2 
*          0    0000ffd8    00000002     
                  0000ffd8    00000002     rts430x_lc_sd_eabi.lib : int27.asm.obj (.int27)

ECOMP0_ECOMP1 
*          0    0000ffda    00000002     
                  0000ffda    00000002     rts430x_lc_sd_eabi.lib : int28.asm.obj (.int28)

ADC        0    0000ffdc    00000002     
                  0000ffdc    00000002     interrupts_ADC.obj (.int29)

EUSCI_B1   0    0000ffde    00000002     
                  0000ffde    00000002     rts430x_lc_sd_eabi.lib : int30.asm.obj (.int30)

EUSCI_B0   0    0000ffe0    00000002     
                  0000ffe0    00000002     rts430x_lc_sd_eabi.lib : int31.asm.obj (.int31)

EUSCI_A1   0    0000ffe2    00000002     
                  0000ffe2    00000002     interrupts_UART.obj (.int32)

EUSCI_A0   0    0000ffe4    00000002     
                  0000ffe4    00000002     interrupts_UART.obj (.int33)

WDT        0    0000ffe6    00000002     
                  0000ffe6    00000002     rts430x_lc_sd_eabi.lib : int34.asm.obj (.int34)

RTC        0    0000ffe8    00000002     
                  0000ffe8    00000002     rts430x_lc_sd_eabi.lib : int35.asm.obj (.int35)

TIMER3_B1 
*          0    0000ffea    00000002     
                  0000ffea    00000002     rts430x_lc_sd_eabi.lib : int36.asm.obj (.int36)

TIMER3_B0 
*          0    0000ffec    00000002     
                  0000ffec    00000002     rts430x_lc_sd_eabi.lib : int37.asm.obj (.int37)

TIMER2_B1 
*          0    0000ffee    00000002     
                  0000ffee    00000002     interrupts_timers.obj (.int38)

TIMER2_B0 
*          0    0000fff0    00000002     
                  0000fff0    00000002     interrupts_timers.obj (.int39)

TIMER1_B1 
*          0    0000fff2    00000002     
                  0000fff2    00000002     interrupts_timers.obj (.int40)

TIMER1_B0 
*          0    0000fff4    00000002     
                  0000fff4    00000002     interrupts_timers.obj (.int41)

TIMER0_B1 
*          0    0000fff6    00000002     
                  0000fff6    00000002     interrupts_timers.obj (.int42)

TIMER0_B0 
*          0    0000fff8    00000002     
                  0000fff8    00000002     interrupts_timers.obj (.int43)

UNMI       0    0000fffa    00000002     
                  0000fffa    00000002     rts430x_lc_sd_eabi.lib : int44.asm.obj (.int44)

SYSNMI     0    0000fffc    00000002     
                  0000fffc    00000002     rts430x_lc_sd_eabi.lib : int45.asm.obj (.int45)

.reset     0    0000fffe    00000002     
                  0000fffe    00000002     rts430x_lc_sd_eabi.lib : boot.c.obj (.reset)

$fill000   0    0000ff80    00000004     
                  0000ff80    00000004     --HOLE-- [fill = ffff]

$fill001   0    0000ff84    00000004     
                  0000ff84    00000004     --HOLE-- [fill = ffff]

$fill002   0    0000ff88    00000002     
                  0000ff88    00000002     --HOLE-- [fill = ffff]

$fill003   0    0000ff8a    00000002     
                  0000ff8a    00000002     --HOLE-- [fill = ffff]

$fill004   0    0000ffa0    00000002     
                  0000ffa0    00000002     --HOLE-- [fill = ffff]

MODULE SUMMARY

       Module                       code    ro data   rw data
       ------                       ----    -------   -------
    ..\Compiled\
       LCD.obj                      662     0         54     
    +--+----------------------------+-------+---------+---------+
       Total:                       662     0         54     
                                                             
    .\
       wheels.obj                   2120    168       35     
       UART.obj                     1848    111       243    
       queue.obj                    1160    330       113    
       calibration.obj              1130    180       30     
       bootup.obj                   706     108       9      
       ports.obj                    782     0         0      
       menu.obj                     600     120       7      
       interrupts_timers.obj        544     12        38     
       interrupts_UART.obj          404     4         116    
       Display.obj                  168     238       0      
       timers_b0.obj                300     0         0      
       ADC.obj                      294     0         4      
       clocks.obj                   294     0         0      
       PWM.obj                      248     0         4      
       main.obj                     192     48        0      
       interrupts_ADC.obj           208     2         26     
       init.obj                     150     0         0      
       DAC.obj                      142     0         3      
       interrupts_switches.obj      108     4         0      
       timers_b3.obj                76      0         0      
       switches.obj                 0       0         10     
       system.obj                   8       0         0      
    +--+----------------------------+-------+---------+---------+
       Total:                       11482   1325      638    
                                                             
    C:\ti\ccs1281\ccs\ccs_base\msp430\lib\FR2xx\FRWP_INIT_LIB_CCS_msp430_large_code_small_data.lib
       frwp_init.obj                60      0         0      
    +--+----------------------------+-------+---------+---------+
       Total:                       60      0         0      
                                                             
    C:\ti\ccs1281\ccs\tools\compiler\ti-cgt-msp430_21.6.1.LTS\lib\rts430x_lc_sd_eabi.lib
       copy_decompress_lzss.c.obj   238     0         0      
       autoinit.c.obj               106     0         0      
       div32u.asm.obj               88      0         0      
       cpy_util.asm.obj             64      0         0      
       copy_zero_init.c.obj         62      0         0      
       copy_decompress_none.c.obj   60      0         0      
       div16s.asm.obj               44      0         0      
       boot.c.obj                   32      2         0      
       mult16_f5hw.asm.obj          24      0         0      
       div16u.asm.obj               22      0         0      
       memcpy.c.obj                 18      0         0      
       strcpy.c.obj                 16      0         0      
       abs.c.obj                    10      0         0      
       isr_trap.asm.obj             8       0         0      
       exit.c.obj                   6       0         0      
       pre_init.c.obj               4       0         0      
       int23.asm.obj                0       2         0      
       int25.asm.obj                0       2         0      
       int26.asm.obj                0       2         0      
       int27.asm.obj                0       2         0      
       int28.asm.obj                0       2         0      
       int30.asm.obj                0       2         0      
       int31.asm.obj                0       2         0      
       int34.asm.obj                0       2         0      
       int35.asm.obj                0       2         0      
       int36.asm.obj                0       2         0      
       int37.asm.obj                0       2         0      
       int44.asm.obj                0       2         0      
       int45.asm.obj                0       2         0      
       startup.c.obj                2       0         0      
    +--+----------------------------+-------+---------+---------+
       Total:                       804     28        0      
                                                             
       Stack:                       0       0         160    
       Linker Generated:            0       110       0      
    +--+----------------------------+-------+---------+---------+
       Grand Total:                 13008   1463      852    


LINKER GENERATED COPY TABLES

__TI_cinit_table @ 0000805e records: 2, size/record: 8, table size: 16
	.data: load addr=00008000, load size=0000004c bytes, run addr=000021b2, run size=00000107 bytes, compression=lzss
	.bss: load addr=00008058, load size=00000006 bytes, run addr=00002000, run size=000001b2 bytes, compression=zero_init


LINKER GENERATED HANDLER TABLE

__TI_handler_table @ 0000804c records: 3, size/record: 4, table size: 12
	index: 0, handler: __TI_zero_init
	index: 1, handler: __TI_decompress_lzss
	index: 2, handler: __TI_decompress_none


GLOBAL SYMBOLS: SORTED ALPHABETICALLY BY Name 

address   name                                   
-------   ----                                   
00000700  ADCCTL0                                
00000701  ADCCTL0_H                              
00000700  ADCCTL0_L                              
00000702  ADCCTL1                                
00000703  ADCCTL1_H                              
00000702  ADCCTL1_L                              
00000704  ADCCTL2                                
00000705  ADCCTL2_H                              
00000704  ADCCTL2_L                              
00000708  ADCHI                                  
00000709  ADCHI_H                                
00000708  ADCHI_L                                
0000071a  ADCIE                                  
0000071b  ADCIE_H                                
0000071a  ADCIE_L                                
0000071c  ADCIFG                                 
0000071d  ADCIFG_H                               
0000071c  ADCIFG_L                               
0000071e  ADCIV                                  
0000071f  ADCIV_H                                
0000071e  ADCIV_L                                
00000706  ADCLO                                  
00000707  ADCLO_H                                
00000706  ADCLO_L                                
0000070a  ADCMCTL0                               
0000070b  ADCMCTL0_H                             
0000070a  ADCMCTL0_L                             
00000712  ADCMEM0                                
00000713  ADCMEM0_H                              
00000712  ADCMEM0_L                              
000021a8  ADC_Channel                            
0000b45c  ADC_ISR                                
00002198  ADC_Left_Detect                        
0000219a  ADC_Right_Detect                       
0000219c  ADC_Thumb                              
00000660  BAKMEM0                                
00000661  BAKMEM0_H                              
00000660  BAKMEM0_L                              
00000662  BAKMEM1                                
00000674  BAKMEM10                               
00000675  BAKMEM10_H                             
00000674  BAKMEM10_L                             
00000676  BAKMEM11                               
00000677  BAKMEM11_H                             
00000676  BAKMEM11_L                             
00000678  BAKMEM12                               
00000679  BAKMEM12_H                             
00000678  BAKMEM12_L                             
0000067a  BAKMEM13                               
0000067b  BAKMEM13_H                             
0000067a  BAKMEM13_L                             
0000067c  BAKMEM14                               
0000067d  BAKMEM14_H                             
0000067c  BAKMEM14_L                             
0000067e  BAKMEM15                               
0000067f  BAKMEM15_H                             
0000067e  BAKMEM15_L                             
00000663  BAKMEM1_H                              
00000662  BAKMEM1_L                              
00000664  BAKMEM2                                
00000665  BAKMEM2_H                              
00000664  BAKMEM2_L                              
00000666  BAKMEM3                                
00000667  BAKMEM3_H                              
00000666  BAKMEM3_L                              
00000668  BAKMEM4                                
00000669  BAKMEM4_H                              
00000668  BAKMEM4_L                              
0000066a  BAKMEM5                                
0000066b  BAKMEM5_H                              
0000066a  BAKMEM5_L                              
0000066c  BAKMEM6                                
0000066d  BAKMEM6_H                              
0000066c  BAKMEM6_L                              
0000066e  BAKMEM7                                
0000066f  BAKMEM7_H                              
0000066e  BAKMEM7_L                              
00000670  BAKMEM8                                
00000671  BAKMEM8_H                              
00000670  BAKMEM8_L                              
00000672  BAKMEM9                                
00000673  BAKMEM9_H                              
00000672  BAKMEM9_L                              
0000b18e  Backlite_Control                       
00009774  Bootup_Sequence                        
0000b328  C$$EXIT                                
000002ee  CAPTIOCTL                              
000002ef  CAPTIOCTL_H                            
000002ee  CAPTIOCTL_L                            
000008e0  CP0CTL0                                
000008e1  CP0CTL0_H                              
000008e0  CP0CTL0_L                              
000008e2  CP0CTL1                                
000008e3  CP0CTL1_H                              
000008e2  CP0CTL1_L                              
000008f0  CP0DACCTL                              
000008f1  CP0DACCTL_H                            
000008f0  CP0DACCTL_L                            
000008f2  CP0DACDATA                             
000008f3  CP0DACDATA_H                           
000008f2  CP0DACDATA_L                           
000008e6  CP0INT                                 
000008e7  CP0INT_H                               
000008e6  CP0INT_L                               
000008e8  CP0IV                                  
000008e9  CP0IV_H                                
000008e8  CP0IV_L                                
00000900  CP1CTL0                                
00000901  CP1CTL0_H                              
00000900  CP1CTL0_L                              
00000902  CP1CTL1                                
00000903  CP1CTL1_H                              
00000902  CP1CTL1_L                              
00000910  CP1DACCTL                              
00000911  CP1DACCTL_H                            
00000910  CP1DACCTL_L                            
00000912  CP1DACDATA                             
00000913  CP1DACDATA_H                           
00000912  CP1DACDATA_L                           
00000906  CP1INT                                 
00000907  CP1INT_H                               
00000906  CP1INT_L                               
00000908  CP1IV                                  
00000909  CP1IV_H                                
00000908  CP1IV_L                                
000001c0  CRCDI                                  
000001c2  CRCDIRB                                
000001c3  CRCDIRB_H                              
000001c2  CRCDIRB_L                              
000001c1  CRCDI_H                                
000001c0  CRCDI_L                                
000001c4  CRCINIRES                              
000001c5  CRCINIRES_H                            
000001c4  CRCINIRES_L                            
000001c6  CRCRESR                                
000001c7  CRCRESR_H                              
000001c6  CRCRESR_L                              
00000180  CSCTL0                                 
00000181  CSCTL0_H                               
00000180  CSCTL0_L                               
00000182  CSCTL1                                 
00000183  CSCTL1_H                               
00000182  CSCTL1_L                               
00000184  CSCTL2                                 
00000185  CSCTL2_H                               
00000184  CSCTL2_L                               
00000186  CSCTL3                                 
00000187  CSCTL3_H                               
00000186  CSCTL3_L                               
00000188  CSCTL4                                 
00000189  CSCTL4_H                               
00000188  CSCTL4_L                               
0000018a  CSCTL5                                 
0000018b  CSCTL5_H                               
0000018a  CSCTL5_L                               
0000018c  CSCTL6                                 
0000018d  CSCTL6_H                               
0000018c  CSCTL6_L                               
0000018e  CSCTL7                                 
0000018f  CSCTL7_H                               
0000018e  CSCTL7_L                               
00000190  CSCTL8                                 
00000191  CSCTL8_H                               
00000190  CSCTL8_L                               
0000b1a4  ClrDisplay                             
0000b116  ClrDisplay_Buffer_0                    
0000b12e  ClrDisplay_Buffer_1                    
0000b146  ClrDisplay_Buffer_2                    
0000b15e  ClrDisplay_Buffer_3                    
00002080  Command_Buffer                         
00008582  Command_PIN                            
0000b322  DAC_Ready                              
0000b068  DAC_Set_Voltage                        
0000219e  DAC_data                               
0000b2ea  DisplayOnOff                           
0000a238  Display_Calibration                    
0000af1e  Display_CurrentCommand                 
00009404  Display_IOT_Parse                      
0000b01e  Display_Process                        
0000ac1e  Display_Update                         
0000afa4  Enable_Comms                           
000001a0  FRCTL0                                 
000001a1  FRCTL0_H                               
000001a0  FRCTL0_L                               
000001a4  GCCTL0                                 
000001a5  GCCTL0_H                               
000001a4  GCCTL0_L                               
000001a6  GCCTL1                                 
000001a7  GCCTL1_H                               
000001a6  GCCTL1_L                               
0000a5f6  Get_Command                            
0000a66c  HEXtoBCD                               
000006c4  ICCILSR0                               
000006c5  ICCILSR0_H                             
000006c4  ICCILSR0_L                             
000006c6  ICCILSR1                               
000006c7  ICCILSR1_H                             
000006c6  ICCILSR1_L                             
000006c8  ICCILSR2                               
000006c9  ICCILSR2_H                             
000006c8  ICCILSR2_L                             
000006ca  ICCILSR3                               
000006cb  ICCILSR3_H                             
000006ca  ICCILSR3_L                             
000006c2  ICCMVS                                 
000006c3  ICCMVS_H                               
000006c2  ICCMVS_L                               
000006c0  ICCSC                                  
000006c1  ICCSC_H                                
000006c0  ICCSC_L                                
000020fc  IOT_2_PC                               
00009a12  IOT_Connect                            
00002000  IOT_Data                               
000095f0  IOT_Parse_Data                         
00008d4e  IOT_Process                            
0000af4c  IOT_Reset                              
0000a888  IR_Calibrate_Menu                      
000089e8  IR_Calibrate_Process                   
0000a6e2  Init_ADC                               
0000a7b8  Init_Clocks                            
0000a2d8  Init_Conditions                        
0000a820  Init_DAC                               
00009e9e  Init_LCD                               
0000b044  Init_PWM                               
0000aafe  Init_Port1                             
0000a196  Init_Port2                             
00009d06  Init_Port3                             
0000a3f8  Init_Port4                             
0000aeec  Init_Port5                             
0000a57a  Init_Port6                             
0000b0a8  Init_Ports                             
0000ac62  Init_SPI_B1                            
0000b306  Init_SerialComms                       
0000ab92  Init_Serial_UCA0                       
0000abd8  Init_Serial_UCA1                       
0000a8ec  Init_Timer_B0                          
0000a94a  Init_Timer_B1                          
0000a9a8  Init_Timer_B2                          
0000aab2  Init_Timer_B3                          
0000b294  Init_Timers                            
000021e6  LEFT_BLACK_VALUE                       
000021ee  LEFT_THRESHOLD                         
000021e8  LEFT_WHITE_VALUE                       
0000b280  Line_Follow_Exit_Circle                
000098ee  Line_Follow_PD_V1                      
00008588  Line_Follow_Process                    
0000add8  Line_Follow_Setup_LEFT                 
0000a0e0  Line_Follow_Setup_Process              
0000ae12  Line_Follow_Setup_RIGHT                
0000a36e  Line_Follow_Start_Autonomous           
0000a47e  Line_Follow_Start_LEFT_TURN            
0000a4fc  Line_Follow_Start_RIGHT_TURN           
000004c4  MAC                                    
000004da  MAC32H                                 
000004db  MAC32H_H                               
000004da  MAC32H_L                               
000004d8  MAC32L                                 
000004d9  MAC32L_H                               
000004d8  MAC32L_L                               
000004c6  MACS                                   
000004de  MACS32H                                
000004df  MACS32H_H                              
000004de  MACS32H_L                              
000004dc  MACS32L                                
000004dd  MACS32L_H                              
000004dc  MACS32L_L                              
000004c7  MACS_H                                 
000004c6  MACS_L                                 
000004c5  MAC_H                                  
000004c4  MAC_L                                  
000004c0  MPY                                    
000004ec  MPY32CTL0                              
000004ed  MPY32CTL0_H                            
000004ec  MPY32CTL0_L                            
000004d2  MPY32H                                 
000004d3  MPY32H_H                               
000004d2  MPY32H_L                               
000004d0  MPY32L                                 
000004d1  MPY32L_H                               
000004d0  MPY32L_L                               
000004c2  MPYS                                   
000004d6  MPYS32H                                
000004d7  MPYS32H_H                              
000004d6  MPYS32H_L                              
000004d4  MPYS32L                                
000004d5  MPYS32L_H                              
000004d4  MPYS32L_L                              
000004c3  MPYS_H                                 
000004c2  MPYS_L                                 
000004c1  MPY_H                                  
000004c0  MPY_L                                  
00009200  Main_Menu_Process                      
0000aa5e  Menu_ChangePage                        
000004c8  OP2                                    
000004e2  OP2H                                   
000004e3  OP2H_H                                 
000004e2  OP2H_L                                 
000004e0  OP2L                                   
000004e1  OP2L_H                                 
000004e0  OP2L_L                                 
000004c9  OP2_H                                  
000004c8  OP2_L                                  
00000204  P1DIR                                  
0000021a  P1IE                                   
00000218  P1IES                                  
0000021c  P1IFG                                  
00000200  P1IN                                   
0000020e  P1IV                                   
0000020f  P1IV_H                                 
0000020e  P1IV_L                                 
00000202  P1OUT                                  
00000206  P1REN                                  
0000020a  P1SEL0                                 
0000020c  P1SEL1                                 
00000216  P1SELC                                 
00000205  P2DIR                                  
0000021b  P2IE                                   
00000219  P2IES                                  
0000021d  P2IFG                                  
00000201  P2IN                                   
0000021e  P2IV                                   
0000021f  P2IV_H                                 
0000021e  P2IV_L                                 
00000203  P2OUT                                  
00000207  P2REN                                  
0000020b  P2SEL0                                 
0000020d  P2SEL1                                 
00000217  P2SELC                                 
00000224  P3DIR                                  
0000023a  P3IE                                   
00000238  P3IES                                  
0000023c  P3IFG                                  
00000220  P3IN                                   
0000022e  P3IV                                   
0000022f  P3IV_H                                 
0000022e  P3IV_L                                 
00000222  P3OUT                                  
00000226  P3REN                                  
0000022a  P3SEL0                                 
0000022c  P3SEL1                                 
00000236  P3SELC                                 
00000225  P4DIR                                  
0000023b  P4IE                                   
00000239  P4IES                                  
0000023d  P4IFG                                  
00000221  P4IN                                   
0000023e  P4IV                                   
0000023f  P4IV_H                                 
0000023e  P4IV_L                                 
00000223  P4OUT                                  
00000227  P4REN                                  
0000022b  P4SEL0                                 
0000022d  P4SEL1                                 
00000237  P4SELC                                 
00000244  P5DIR                                  
0000025a  P5IE                                   
00000258  P5IES                                  
0000025c  P5IFG                                  
00000240  P5IN                                   
0000024e  P5IV                                   
0000024f  P5IV_H                                 
0000024e  P5IV_L                                 
00000242  P5OUT                                  
00000246  P5REN                                  
0000024a  P5SEL0                                 
0000024c  P5SEL1                                 
00000256  P5SELC                                 
00000245  P6DIR                                  
0000025b  P6IE                                   
00000259  P6IES                                  
0000025d  P6IFG                                  
00000241  P6IN                                   
0000025e  P6IV                                   
0000025f  P6IV_H                                 
0000025e  P6IV_L                                 
00000243  P6OUT                                  
00000247  P6REN                                  
0000024b  P6SEL0                                 
0000024d  P6SEL1                                 
00000257  P6SELC                                 
00000204  PADIR                                  
00000205  PADIR_H                                
00000204  PADIR_L                                
0000021a  PAIE                                   
00000218  PAIES                                  
00000219  PAIES_H                                
00000218  PAIES_L                                
0000021b  PAIE_H                                 
0000021a  PAIE_L                                 
0000021c  PAIFG                                  
0000021d  PAIFG_H                                
0000021c  PAIFG_L                                
00000200  PAIN                                   
00000201  PAIN_H                                 
00000200  PAIN_L                                 
00000202  PAOUT                                  
00000203  PAOUT_H                                
00000202  PAOUT_L                                
00000206  PAREN                                  
00000207  PAREN_H                                
00000206  PAREN_L                                
0000020a  PASEL0                                 
0000020b  PASEL0_H                               
0000020a  PASEL0_L                               
0000020c  PASEL1                                 
0000020d  PASEL1_H                               
0000020c  PASEL1_L                               
00000216  PASELC                                 
00000217  PASELC_H                               
00000216  PASELC_L                               
00000224  PBDIR                                  
00000225  PBDIR_H                                
00000224  PBDIR_L                                
0000023a  PBIE                                   
00000238  PBIES                                  
00000239  PBIES_H                                
00000238  PBIES_L                                
0000023b  PBIE_H                                 
0000023a  PBIE_L                                 
0000023c  PBIFG                                  
0000023d  PBIFG_H                                
0000023c  PBIFG_L                                
00000220  PBIN                                   
00000221  PBIN_H                                 
00000220  PBIN_L                                 
00000222  PBOUT                                  
00000223  PBOUT_H                                
00000222  PBOUT_L                                
00000226  PBREN                                  
00000227  PBREN_H                                
00000226  PBREN_L                                
0000022a  PBSEL0                                 
0000022b  PBSEL0_H                               
0000022a  PBSEL0_L                               
0000022c  PBSEL1                                 
0000022d  PBSEL1_H                               
0000022c  PBSEL1_L                               
00000236  PBSELC                                 
00000237  PBSELC_H                               
00000236  PBSELC_L                               
00000244  PCDIR                                  
00000245  PCDIR_H                                
00000244  PCDIR_L                                
0000025a  PCIE                                   
00000258  PCIES                                  
00000259  PCIES_H                                
00000258  PCIES_L                                
0000025b  PCIE_H                                 
0000025a  PCIE_L                                 
0000025c  PCIFG                                  
0000025d  PCIFG_H                                
0000025c  PCIFG_L                                
00000240  PCIN                                   
00000241  PCIN_H                                 
00000240  PCIN_L                                 
00000242  PCOUT                                  
00000243  PCOUT_H                                
00000242  PCOUT_L                                
00000246  PCREN                                  
00000247  PCREN_H                                
00000246  PCREN_L                                
0000024a  PCSEL0                                 
0000024b  PCSEL0_H                               
0000024a  PCSEL0_L                               
0000024c  PCSEL1                                 
0000024d  PCSEL1_H                               
0000024c  PCSEL1_L                               
00000256  PCSELC                                 
00000257  PCSELC_H                               
00000256  PCSELC_L                               
00000324  PJDIR                                  
00000325  PJDIR_H                                
00000324  PJDIR_L                                
00000320  PJIN                                   
00000321  PJIN_H                                 
00000320  PJIN_L                                 
00000322  PJOUT                                  
00000323  PJOUT_H                                
00000322  PJOUT_L                                
00000326  PJREN                                  
00000327  PJREN_H                                
00000326  PJREN_L                                
0000032a  PJSEL0                                 
0000032b  PJSEL0_H                               
0000032a  PJSEL0_L                               
0000032c  PJSEL1                                 
0000032d  PJSEL1_H                               
0000032c  PJSEL1_L                               
00000336  PJSELC                                 
00000337  PJSELC_H                               
00000336  PJSELC_L                               
00000130  PM5CTL0                                
00000131  PM5CTL0_H                              
00000130  PM5CTL0_L                              
00000120  PMMCTL0                                
00000121  PMMCTL0_H                              
00000120  PMMCTL0_L                              
00000124  PMMCTL2                                
00000125  PMMCTL2_H                              
00000124  PMMCTL2_L                              
0000012a  PMMIFG                                 
0000012b  PMMIFG_H                               
0000012a  PMMIFG_L                               
0000b088  PWM_EBRAKE                             
0000b1ba  PWM_FORWARD                            
0000b0fc  PWM_FULLSTOP                           
0000b1d0  PWM_Opening_Curve_Left                 
0000b1e6  PWM_Opening_Curve_Right                
0000b1fc  PWM_REVERSE                            
0000b212  PWM_REVERSE_PULSE                      
0000b228  PWM_ROTATE_LEFT                        
0000b23e  PWM_ROTATE_RIGHT                       
00009c1c  Parse_Command                          
00008fcc  Process_Queue                          
00009dd8  Queue_AddCommand                       
0000228e  REQUEST_IP_COMMAND                     
00002282  REQUEST_SSID_COMMAND                   
000004e4  RES0                                   
000004e5  RES0_H                                 
000004e4  RES0_L                                 
000004e6  RES1                                   
000004e7  RES1_H                                 
000004e6  RES1_L                                 
000004e8  RES2                                   
000004e9  RES2_H                                 
000004e8  RES2_L                                 
000004ea  RES3                                   
000004eb  RES3_H                                 
000004ea  RES3_L                                 
000004cc  RESHI                                  
000004cd  RESHI_H                                
000004cc  RESHI_L                                
000004ca  RESLO                                  
000004cb  RESLO_H                                
000004ca  RESLO_L                                
000021ea  RIGHT_BLACK_VALUE                      
000021f0  RIGHT_THRESHOLD                        
000021ec  RIGHT_WHITE_VALUE                      
0000030c  RTCCNT                                 
0000030d  RTCCNT_H                               
0000030c  RTCCNT_L                               
00000300  RTCCTL                                 
00000301  RTCCTL_H                               
00000300  RTCCTL_L                               
00000304  RTCIV                                  
00000305  RTCIV_H                                
00000304  RTCIV_L                                
00000308  RTCMOD                                 
00000309  RTCMOD_H                               
00000308  RTCMOD_L                               
00000c84  SAC0DAC                                
00000c88  SAC0DACSTS                             
00000c89  SAC0DACSTS_H                           
00000c88  SAC0DACSTS_L                           
00000c85  SAC0DAC_H                              
00000c84  SAC0DAC_L                              
00000c86  SAC0DAT                                
00000c87  SAC0DAT_H                              
00000c86  SAC0DAT_L                              
00000c8a  SAC0IV                                 
00000c8b  SAC0IV_H                               
00000c8a  SAC0IV_L                               
00000c80  SAC0OA                                 
00000c81  SAC0OA_H                               
00000c80  SAC0OA_L                               
00000c82  SAC0PGA                                
00000c83  SAC0PGA_H                              
00000c82  SAC0PGA_L                              
00000c94  SAC1DAC                                
00000c98  SAC1DACSTS                             
00000c99  SAC1DACSTS_H                           
00000c98  SAC1DACSTS_L                           
00000c95  SAC1DAC_H                              
00000c94  SAC1DAC_L                              
00000c96  SAC1DAT                                
00000c97  SAC1DAT_H                              
00000c96  SAC1DAT_L                              
00000c9a  SAC1IV                                 
00000c9b  SAC1IV_H                               
00000c9a  SAC1IV_L                               
00000c90  SAC1OA                                 
00000c91  SAC1OA_H                               
00000c90  SAC1OA_L                               
00000c92  SAC1PGA                                
00000c93  SAC1PGA_H                              
00000c92  SAC1PGA_L                              
00000ca4  SAC2DAC                                
00000ca8  SAC2DACSTS                             
00000ca9  SAC2DACSTS_H                           
00000ca8  SAC2DACSTS_L                           
00000ca5  SAC2DAC_H                              
00000ca4  SAC2DAC_L                              
00000ca6  SAC2DAT                                
00000ca7  SAC2DAT_H                              
00000ca6  SAC2DAT_L                              
00000caa  SAC2IV                                 
00000cab  SAC2IV_H                               
00000caa  SAC2IV_L                               
00000ca0  SAC2OA                                 
00000ca1  SAC2OA_H                               
00000ca0  SAC2OA_L                               
00000ca2  SAC2PGA                                
00000ca3  SAC2PGA_H                              
00000ca2  SAC2PGA_L                              
00000cb4  SAC3DAC                                
00000cb8  SAC3DACSTS                             
00000cb9  SAC3DACSTS_H                           
00000cb8  SAC3DACSTS_L                           
00000cb5  SAC3DAC_H                              
00000cb4  SAC3DAC_L                              
00000cb6  SAC3DAT                                
00000cb7  SAC3DAT_H                              
00000cb6  SAC3DAT_L                              
00000cba  SAC3IV                                 
00000cbb  SAC3IV_H                               
00000cba  SAC3IV_L                               
00000cb0  SAC3OA                                 
00000cb1  SAC3OA_H                               
00000cb0  SAC3OA_L                               
00000cb2  SAC3PGA                                
00000cb3  SAC3PGA_H                              
00000cb2  SAC3PGA_L                              
0000211c  SEND_2_IOT                             
00002266  SET_MUX_COMMAND                        
0000222e  SET_PORT_COMMAND                       
00000100  SFRIE1                                 
00000101  SFRIE1_H                               
00000100  SFRIE1_L                               
00000102  SFRIFG1                                
00000103  SFRIFG1_H                              
00000102  SFRIFG1_L                              
00000104  SFRRPCR                                
00000105  SFRRPCR_H                              
00000104  SFRRPCR_L                              
0000b0c4  SPI_B1_write                           
000004ce  SUMEXT                                 
000004cf  SUMEXT_H                               
000004ce  SUMEXT_L                               
000021a0  SW1_cnt                                
000021a9  SW1_debounce                           
0000229a  SW1_pressed                            
000021a2  SW2_cnt                                
000021aa  SW2_debounce                           
0000229c  SW2_pressed                            
00000142  SYSBSLC                                
00000143  SYSBSLC_H                              
00000142  SYSBSLC_L                              
00000160  SYSCFG0                                
00000161  SYSCFG0_H                              
00000160  SYSCFG0_L                              
00000162  SYSCFG1                                
00000163  SYSCFG1_H                              
00000162  SYSCFG1_L                              
00000164  SYSCFG2                                
00000165  SYSCFG2_H                              
00000164  SYSCFG2_L                              
00000140  SYSCTL                                 
00000141  SYSCTL_H                               
00000140  SYSCTL_L                               
00000146  SYSJMBC                                
00000147  SYSJMBC_H                              
00000146  SYSJMBC_L                              
00000148  SYSJMBI0                               
00000149  SYSJMBI0_H                             
00000148  SYSJMBI0_L                             
0000014a  SYSJMBI1                               
0000014b  SYSJMBI1_H                             
0000014a  SYSJMBI1_L                             
0000014c  SYSJMBO0                               
0000014d  SYSJMBO0_H                             
0000014c  SYSJMBO0_L                             
0000014e  SYSJMBO1                               
0000014f  SYSJMBO1_H                             
0000014e  SYSJMBO1_L                             
0000015e  SYSRSTIV                               
0000015f  SYSRSTIV_H                             
0000015e  SYSRSTIV_L                             
0000015c  SYSSNIV                                
0000015d  SYSSNIV_H                              
0000015c  SYSSNIV_L                              
0000015a  SYSUNIV                                
0000015b  SYSUNIV_H                              
0000015a  SYSUNIV_L                              
0000b2ca  Sample_ADC                             
0000ab48  Send_AT_Command                        
0000aca2  Send_Response                          
0000a022  Software_Trim                          
00000392  TB0CCR0                                
00000393  TB0CCR0_H                              
00000392  TB0CCR0_L                              
00000394  TB0CCR1                                
00000395  TB0CCR1_H                              
00000394  TB0CCR1_L                              
00000396  TB0CCR2                                
00000397  TB0CCR2_H                              
00000396  TB0CCR2_L                              
00000382  TB0CCTL0                               
00000383  TB0CCTL0_H                             
00000382  TB0CCTL0_L                             
00000384  TB0CCTL1                               
00000385  TB0CCTL1_H                             
00000384  TB0CCTL1_L                             
00000386  TB0CCTL2                               
00000387  TB0CCTL2_H                             
00000386  TB0CCTL2_L                             
00000380  TB0CTL                                 
00000381  TB0CTL_H                               
00000380  TB0CTL_L                               
000003a0  TB0EX0                                 
000003a1  TB0EX0_H                               
000003a0  TB0EX0_L                               
000003ae  TB0IV                                  
000003af  TB0IV_H                                
000003ae  TB0IV_L                                
00000390  TB0R                                   
00000391  TB0R_H                                 
00000390  TB0R_L                                 
000003d2  TB1CCR0                                
000003d3  TB1CCR0_H                              
000003d2  TB1CCR0_L                              
000003d4  TB1CCR1                                
000003d5  TB1CCR1_H                              
000003d4  TB1CCR1_L                              
000003d6  TB1CCR2                                
000003d7  TB1CCR2_H                              
000003d6  TB1CCR2_L                              
000003c2  TB1CCTL0                               
000003c3  TB1CCTL0_H                             
000003c2  TB1CCTL0_L                             
000003c4  TB1CCTL1                               
000003c5  TB1CCTL1_H                             
000003c4  TB1CCTL1_L                             
000003c6  TB1CCTL2                               
000003c7  TB1CCTL2_H                             
000003c6  TB1CCTL2_L                             
000003c0  TB1CTL                                 
000003c1  TB1CTL_H                               
000003c0  TB1CTL_L                               
000003e0  TB1EX0                                 
000003e1  TB1EX0_H                               
000003e0  TB1EX0_L                               
000003ee  TB1IV                                  
000003ef  TB1IV_H                                
000003ee  TB1IV_L                                
000003d0  TB1R                                   
000003d1  TB1R_H                                 
000003d0  TB1R_L                                 
00000412  TB2CCR0                                
00000413  TB2CCR0_H                              
00000412  TB2CCR0_L                              
00000414  TB2CCR1                                
00000415  TB2CCR1_H                              
00000414  TB2CCR1_L                              
00000416  TB2CCR2                                
00000417  TB2CCR2_H                              
00000416  TB2CCR2_L                              
00000402  TB2CCTL0                               
00000403  TB2CCTL0_H                             
00000402  TB2CCTL0_L                             
00000404  TB2CCTL1                               
00000405  TB2CCTL1_H                             
00000404  TB2CCTL1_L                             
00000406  TB2CCTL2                               
00000407  TB2CCTL2_H                             
00000406  TB2CCTL2_L                             
00000400  TB2CTL                                 
00000401  TB2CTL_H                               
00000400  TB2CTL_L                               
00000420  TB2EX0                                 
00000421  TB2EX0_H                               
00000420  TB2EX0_L                               
0000042e  TB2IV                                  
0000042f  TB2IV_H                                
0000042e  TB2IV_L                                
00000410  TB2R                                   
00000411  TB2R_H                                 
00000410  TB2R_L                                 
0000220a  TB2_CCR0_debug_ticks                   
00000452  TB3CCR0                                
00000453  TB3CCR0_H                              
00000452  TB3CCR0_L                              
00000454  TB3CCR1                                
00000455  TB3CCR1_H                              
00000454  TB3CCR1_L                              
00000456  TB3CCR2                                
00000457  TB3CCR2_H                              
00000456  TB3CCR2_L                              
00000458  TB3CCR3                                
00000459  TB3CCR3_H                              
00000458  TB3CCR3_L                              
0000045a  TB3CCR4                                
0000045b  TB3CCR4_H                              
0000045a  TB3CCR4_L                              
0000045c  TB3CCR5                                
0000045d  TB3CCR5_H                              
0000045c  TB3CCR5_L                              
0000045e  TB3CCR6                                
0000045f  TB3CCR6_H                              
0000045e  TB3CCR6_L                              
00000442  TB3CCTL0                               
00000443  TB3CCTL0_H                             
00000442  TB3CCTL0_L                             
00000444  TB3CCTL1                               
00000445  TB3CCTL1_H                             
00000444  TB3CCTL1_L                             
00000446  TB3CCTL2                               
00000447  TB3CCTL2_H                             
00000446  TB3CCTL2_L                             
00000448  TB3CCTL3                               
00000449  TB3CCTL3_H                             
00000448  TB3CCTL3_L                             
0000044a  TB3CCTL4                               
0000044b  TB3CCTL4_H                             
0000044a  TB3CCTL4_L                             
0000044c  TB3CCTL5                               
0000044d  TB3CCTL5_H                             
0000044c  TB3CCTL5_L                             
0000044e  TB3CCTL6                               
0000044f  TB3CCTL6_H                             
0000044e  TB3CCTL6_L                             
00000440  TB3CTL                                 
00000441  TB3CTL_H                               
00000440  TB3CTL_L                               
00000460  TB3EX0                                 
00000461  TB3EX0_H                               
00000460  TB3EX0_L                               
0000046e  TB3IV                                  
0000046f  TB3IV_H                                
0000046e  TB3IV_L                                
00000450  TB3R                                   
00000451  TB3R_H                                 
00000450  TB3R_L                                 
0000b7fa  TIMER_B0_CCR0_ISR                      
0000b754  TIMER_B1_CCR0_ISR                      
0000b6e0  TIMER_B1_CCR1_2_0V_ISR                 
0000b840  TIMER_B2_CCR0_ISR                      
0000b5e8  TIMER_B2_CCR1_2_0V_ISR                 
0000b52c  TIMER_BO_CCR1_2_0V_ISR                 
00000510  UCA0ABCTL                              
00000511  UCA0ABCTL_H                            
00000510  UCA0ABCTL_L                            
00000506  UCA0BRW                                
00000507  UCA0BRW_H                              
00000506  UCA0BRW_L                              
00000500  UCA0CTLW0                              
00000501  UCA0CTLW0_H                            
00000500  UCA0CTLW0_L                            
00000502  UCA0CTLW1                              
00000503  UCA0CTLW1_H                            
00000502  UCA0CTLW1_L                            
0000051a  UCA0IE                                 
0000051b  UCA0IE_H                               
0000051a  UCA0IE_L                               
0000051c  UCA0IFG                                
0000051d  UCA0IFG_H                              
0000051c  UCA0IFG_L                              
00000512  UCA0IRCTL                              
00000513  UCA0IRCTL_H                            
00000512  UCA0IRCTL_L                            
0000051e  UCA0IV                                 
0000051f  UCA0IV_H                               
0000051e  UCA0IV_L                               
00000508  UCA0MCTLW                              
00000509  UCA0MCTLW_H                            
00000508  UCA0MCTLW_L                            
0000050c  UCA0RXBUF                              
0000050d  UCA0RXBUF_H                            
0000050c  UCA0RXBUF_L                            
0000050a  UCA0STATW                              
0000050b  UCA0STATW_H                            
0000050a  UCA0STATW_L                            
0000050e  UCA0TXBUF                              
0000050f  UCA0TXBUF_H                            
0000050e  UCA0TXBUF_L                            
00000590  UCA1ABCTL                              
00000591  UCA1ABCTL_H                            
00000590  UCA1ABCTL_L                            
00000586  UCA1BRW                                
00000587  UCA1BRW_H                              
00000586  UCA1BRW_L                              
00000580  UCA1CTLW0                              
00000581  UCA1CTLW0_H                            
00000580  UCA1CTLW0_L                            
00000582  UCA1CTLW1                              
00000583  UCA1CTLW1_H                            
00000582  UCA1CTLW1_L                            
0000059a  UCA1IE                                 
0000059b  UCA1IE_H                               
0000059a  UCA1IE_L                               
0000059c  UCA1IFG                                
0000059d  UCA1IFG_H                              
0000059c  UCA1IFG_L                              
00000592  UCA1IRCTL                              
00000593  UCA1IRCTL_H                            
00000592  UCA1IRCTL_L                            
0000059e  UCA1IV                                 
0000059f  UCA1IV_H                               
0000059e  UCA1IV_L                               
00000588  UCA1MCTLW                              
00000589  UCA1MCTLW_H                            
00000588  UCA1MCTLW_L                            
0000058c  UCA1RXBUF                              
0000058d  UCA1RXBUF_H                            
0000058c  UCA1RXBUF_L                            
0000058a  UCA1STATW                              
0000058b  UCA1STATW_H                            
0000058a  UCA1STATW_L                            
0000058e  UCA1TXBUF                              
0000058f  UCA1TXBUF_H                            
0000058e  UCA1TXBUF_L                            
0000055e  UCB0ADDMASK                            
0000055f  UCB0ADDMASK_H                          
0000055e  UCB0ADDMASK_L                          
0000055c  UCB0ADDRX                              
0000055d  UCB0ADDRX_H                            
0000055c  UCB0ADDRX_L                            
00000546  UCB0BRW                                
00000547  UCB0BRW_H                              
00000546  UCB0BRW_L                              
00000540  UCB0CTLW0                              
00000541  UCB0CTLW0_H                            
00000540  UCB0CTLW0_L                            
00000542  UCB0CTLW1                              
00000543  UCB0CTLW1_H                            
00000542  UCB0CTLW1_L                            
00000554  UCB0I2COA0                             
00000555  UCB0I2COA0_H                           
00000554  UCB0I2COA0_L                           
00000556  UCB0I2COA1                             
00000557  UCB0I2COA1_H                           
00000556  UCB0I2COA1_L                           
00000558  UCB0I2COA2                             
00000559  UCB0I2COA2_H                           
00000558  UCB0I2COA2_L                           
0000055a  UCB0I2COA3                             
0000055b  UCB0I2COA3_H                           
0000055a  UCB0I2COA3_L                           
00000560  UCB0I2CSA                              
00000561  UCB0I2CSA_H                            
00000560  UCB0I2CSA_L                            
0000056a  UCB0IE                                 
0000056b  UCB0IE_H                               
0000056a  UCB0IE_L                               
0000056c  UCB0IFG                                
0000056d  UCB0IFG_H                              
0000056c  UCB0IFG_L                              
0000056e  UCB0IV                                 
0000056f  UCB0IV_H                               
0000056e  UCB0IV_L                               
0000054c  UCB0RXBUF                              
0000054d  UCB0RXBUF_H                            
0000054c  UCB0RXBUF_L                            
00000548  UCB0STATW                              
00000549  UCB0STATW_H                            
00000548  UCB0STATW_L                            
0000054a  UCB0TBCNT                              
0000054b  UCB0TBCNT_H                            
0000054a  UCB0TBCNT_L                            
0000054e  UCB0TXBUF                              
0000054f  UCB0TXBUF_H                            
0000054e  UCB0TXBUF_L                            
000005de  UCB1ADDMASK                            
000005df  UCB1ADDMASK_H                          
000005de  UCB1ADDMASK_L                          
000005dc  UCB1ADDRX                              
000005dd  UCB1ADDRX_H                            
000005dc  UCB1ADDRX_L                            
000005c6  UCB1BRW                                
000005c7  UCB1BRW_H                              
000005c6  UCB1BRW_L                              
000005c0  UCB1CTLW0                              
000005c1  UCB1CTLW0_H                            
000005c0  UCB1CTLW0_L                            
000005c2  UCB1CTLW1                              
000005c3  UCB1CTLW1_H                            
000005c2  UCB1CTLW1_L                            
000005d4  UCB1I2COA0                             
000005d5  UCB1I2COA0_H                           
000005d4  UCB1I2COA0_L                           
000005d6  UCB1I2COA1                             
000005d7  UCB1I2COA1_H                           
000005d6  UCB1I2COA1_L                           
000005d8  UCB1I2COA2                             
000005d9  UCB1I2COA2_H                           
000005d8  UCB1I2COA2_L                           
000005da  UCB1I2COA3                             
000005db  UCB1I2COA3_H                           
000005da  UCB1I2COA3_L                           
000005e0  UCB1I2CSA                              
000005e1  UCB1I2CSA_H                            
000005e0  UCB1I2CSA_L                            
000005ea  UCB1IE                                 
000005eb  UCB1IE_H                               
000005ea  UCB1IE_L                               
000005ec  UCB1IFG                                
000005ed  UCB1IFG_H                              
000005ec  UCB1IFG_L                              
000005ee  UCB1IV                                 
000005ef  UCB1IV_H                               
000005ee  UCB1IV_L                               
000005cc  UCB1RXBUF                              
000005cd  UCB1RXBUF_H                            
000005cc  UCB1RXBUF_L                            
000005c8  UCB1STATW                              
000005c9  UCB1STATW_H                            
000005c8  UCB1STATW_L                            
000005ca  UCB1TBCNT                              
[...]
00000901  CP1CTL0_H                              
00000902  CP1CTL1                                
00000902  CP1CTL1_L                              
00000903  CP1CTL1_H                              
00000906  CP1INT                                 
00000906  CP1INT_L                               
00000907  CP1INT_H                               
00000908  CP1IV                                  
00000908  CP1IV_L                                
00000909  CP1IV_H                                
00000910  CP1DACCTL                              
00000910  CP1DACCTL_L                            
00000911  CP1DACCTL_H                            
00000912  CP1DACDATA                             
00000912  CP1DACDATA_L                           
00000913  CP1DACDATA_H                           
00000c80  SAC0OA                                 
00000c80  SAC0OA_L                               
00000c81  SAC0OA_H                               
00000c82  SAC0PGA                                
00000c82  SAC0PGA_L                              
00000c83  SAC0PGA_H                              
00000c84  SAC0DAC                                
00000c84  SAC0DAC_L                              
00000c85  SAC0DAC_H                              
00000c86  SAC0DAT                                
00000c86  SAC0DAT_L                              
00000c87  SAC0DAT_H                              
00000c88  SAC0DACSTS                             
00000c88  SAC0DACSTS_L                           
00000c89  SAC0DACSTS_H                           
00000c8a  SAC0IV                                 
00000c8a  SAC0IV_L                               
00000c8b  SAC0IV_H                               
00000c90  SAC1OA                                 
00000c90  SAC1OA_L                               
00000c91  SAC1OA_H                               
00000c92  SAC1PGA                                
00000c92  SAC1PGA_L                              
00000c93  SAC1PGA_H                              
00000c94  SAC1DAC                                
00000c94  SAC1DAC_L                              
00000c95  SAC1DAC_H                              
00000c96  SAC1DAT                                
00000c96  SAC1DAT_L                              
00000c97  SAC1DAT_H                              
00000c98  SAC1DACSTS                             
00000c98  SAC1DACSTS_L                           
00000c99  SAC1DACSTS_H                           
00000c9a  SAC1IV                                 
00000c9a  SAC1IV_L                               
00000c9b  SAC1IV_H                               
00000ca0  SAC2OA                                 
00000ca0  SAC2OA_L                               
00000ca1  SAC2OA_H                               
00000ca2  SAC2PGA                                
00000ca2  SAC2PGA_L                              
00000ca3  SAC2PGA_H                              
00000ca4  SAC2DAC                                
00000ca4  SAC2DAC_L                              
00000ca5  SAC2DAC_H                              
00000ca6  SAC2DAT                                
00000ca6  SAC2DAT_L                              
00000ca7  SAC2DAT_H                              
00000ca8  SAC2DACSTS                             
00000ca8  SAC2DACSTS_L                           
00000ca9  SAC2DACSTS_H                           
00000caa  SAC2IV                                 
00000caa  SAC2IV_L                               
00000cab  SAC2IV_H                               
00000cb0  SAC3OA                                 
00000cb0  SAC3OA_L                               
00000cb1  SAC3OA_H                               
00000cb2  SAC3PGA                                
00000cb2  SAC3PGA_L                              
00000cb3  SAC3PGA_H                              
00000cb4  SAC3DAC                                
00000cb4  SAC3DAC_L                              
00000cb5  SAC3DAC_H                              
00000cb6  SAC3DAT                                
00000cb6  SAC3DAT_L                              
00000cb7  SAC3DAT_H                              
00000cb8  SAC3DACSTS                             
00000cb8  SAC3DACSTS_L                           
00000cb9  SAC3DACSTS_H                           
00000cba  SAC3IV                                 
00000cba  SAC3IV_L                               
00000cbb  SAC3IV_H                               
00002000  IOT_Data                               
00002080  Command_Buffer                         
000020d0  display_line                           
000020fc  IOT_2_PC                               
0000211c  SEND_2_IOT                             
0000213c  command_buffer                         
0000215c  current_command                        
00002170  ip_address                             
00002180  ssid                                   
0000218c  display                                
00002194  adc_char                               
00002198  ADC_Left_Detect                        
0000219a  ADC_Right_Detect                       
0000219c  ADC_Thumb                              
0000219e  DAC_data                               
000021a0  SW1_cnt                                
000021a2  SW2_cnt                                
000021a4  temp                                   
000021a6  temp_rx                                
000021a8  ADC_Channel                            
000021a9  SW1_debounce                           
000021aa  SW2_debounce                           
000021ab  current_character                      
000021ac  display_changed                        
000021ad  display_left_detect                    
000021ae  display_right_detect                   
000021af  display_thumb                          
000021b0  updateCount                            
000021b1  update_display                         
000021b2  drive_state                            
000021b4  setup_state                            
000021b6  drive_timer                            
000021b8  drive_pause_complete                   
000021ba  circle_lap_count                       
000021bc  next_drive_state                       
000021be  process_line_follow                    
000021bf  update_state_timer                     
000021c0  left_error                             
000021c2  right_error                            
000021c4  left_first                             
000021c5  right_first                            
000021c6  first_turn                             
000021c7  circle_found                           
000021c8  circle_detect_timer                    
000021ca  in_potential_circle                    
000021cc  pad_exit_direction                     
000021ce  setup_timer                            
000021d0  process_setup                          
000021d1  setup_direction                        
000021d5  dac_voltage_set                        
000021d6  calib_state                            
000021d8  calib_timer                            
000021da  calib_sample_count                     
000021dc  calib_left_sum                         
000021e0  calib_right_sum                        
000021e4  process_calibration                    
000021e6  LEFT_BLACK_VALUE                       
000021e8  LEFT_WHITE_VALUE                       
000021ea  RIGHT_BLACK_VALUE                      
000021ec  RIGHT_WHITE_VALUE                      
000021ee  LEFT_THRESHOLD                         
000021f0  RIGHT_THRESHOLD                        
000021f2  calibrating                            
000021f3  calibration_complete                   
000021f4  tb0_ccr0_hits                          
000021f8  tb1_ccr0_hits                          
000021fc  tb1_ccr1_hits                          
00002200  adc_case                               
00002201  sample_adc                             
00002202  iot_boot_cnt                           
00002203  reset_iot                              
00002204  iot_boot                               
00002205  send_message                           
00002206  message_timer                          
00002207  parse_iot                              
00002208  parse_iot_ready                        
0000220a  TB2_CCR0_debug_ticks                   
0000220c  ping_time                              
0000220d  send_ping                              
0000220e  stop_timer                             
00002210  backlite_timer                         
00002212  line                                   
00002214  character                              
00002216  nextline                               
00002218  iot_parse                              
00002219  iot_parse_ready                        
0000221a  ip_address_found                       
0000221b  ip_address_line                        
0000221c  display_ip                             
0000221d  ip_len                                 
0000221e  ssid_found                             
0000221f  ssid_line                              
00002220  display_ssid                           
00002221  ssid_len                               
00002222  iot_cmd_received                       
00002223  iot_cmd_len                            
00002224  ipd_found                              
00002225  ipd_line                               
00002226  iot_cmd_start                          
00002227  ready                                  
00002228  ok_found                               
00002229  command_line                           
0000222a  next_command_line                      
0000222b  command_approved                       
0000222c  bad_actor                              
0000222e  SET_PORT_COMMAND                       
00002246  adc_isr_hits                           
0000224a  adc_isr_start_time                     
0000224e  max_adc_isr_duration                   
00002252  last_adc_isr_time                      
00002256  iot_rx_wr                              
00002258  iot_rx_rd                              
0000225a  direct_iot                             
0000225c  usb_rx_wr                              
0000225e  usb_rx_rd                              
00002260  direct_usb                             
00002262  allow_comms                            
00002263  command_mode                           
00002264  command_timeout                        
00002266  SET_MUX_COMMAND                        
00002274  command_index                          
00002275  command_ready                          
00002276  cmd_queue_write                        
00002277  cmd_queue_read                         
00002278  cmd_queue_count                        
0000227a  command_timer                          
0000227c  command_active                         
0000227d  command_complete                       
0000227e  command_waiting                        
0000227f  command_enabled                        
00002280  wifi_pad_value                         
00002282  REQUEST_SSID_COMMAND                   
0000228e  REQUEST_IP_COMMAND                     
0000229a  SW1_pressed                            
0000229c  SW2_pressed                            
0000229e  goto_Start                             
000022a0  drive_enabled                          
000022a1  display_ADC_values                     
000022a2  pending_send                           
000022a4  power_sequence                         
000022a5  boot_timer_flag                        
000022a6  boot_complete                          
000022a8  iot_boot_state                         
000022aa  iot_boot_complete                      
000022ab  iot_boot_next                          
000022ac  init_iot_connection                    
000022ae  menu_index                             
000022b0  display_menu                           
000022b2  prev_thumb                             
000022b7  ebraking                               
000022b8  safety_stop                            
00002f60  _stack                                 
00003000  __STACK_END                            
00008000  fram_rw_start                          
00008000  fram_rx_start                          
0000804c  __TI_Handler_Table_Base                
00008058  __TI_Handler_Table_Limit               
0000805e  __TI_CINIT_Base                        
0000806e  __TI_CINIT_Limit                       
0000806e  __TI_CINIT_Warm                        
00008582  Command_PIN                            
00008588  Line_Follow_Process                    
000089e8  IR_Calibrate_Process                   
00008d4e  IOT_Process                            
00008fcc  Process_Queue                          
00009200  Main_Menu_Process                      
00009404  Display_IOT_Parse                      
000095f0  IOT_Parse_Data                         
00009774  Bootup_Sequence                        
000098ee  Line_Follow_PD_V1                      
00009a12  IOT_Connect                            
00009b2e  __TI_decompress_lzss                   
00009c1c  Parse_Command                          
00009d06  Init_Port3                             
00009dd8  Queue_AddCommand                       
00009e9e  Init_LCD                               
00009f62  main                                   
0000a022  Software_Trim                          
0000a0e0  Line_Follow_Setup_Process              
0000a196  Init_Port2                             
0000a238  Display_Calibration                    
0000a2d8  Init_Conditions                        
0000a36e  Line_Follow_Start_Autonomous           
0000a3f8  Init_Port4                             
0000a47e  Line_Follow_Start_LEFT_TURN            
0000a4fc  Line_Follow_Start_RIGHT_TURN           
0000a57a  Init_Port6                             
0000a5f6  Get_Command                            
0000a66c  HEXtoBCD                               
0000a6e2  Init_ADC                               
0000a74e  __TI_auto_init_nobinit_nopinit_hold_wdt
0000a7b8  Init_Clocks                            
0000a820  Init_DAC                               
0000a888  IR_Calibrate_Menu                      
0000a8ec  Init_Timer_B0                          
0000a94a  Init_Timer_B1                          
0000a9a8  Init_Timer_B2                          
0000aa06  __mspabi_divul                         
0000aa06  __mspabi_remul                         
0000aa5e  Menu_ChangePage                        
0000aab2  Init_Timer_B3                          
0000aafe  Init_Port1                             
0000ab48  Send_AT_Command                        
0000ab92  Init_Serial_UCA0                       
0000abd8  Init_Serial_UCA1                       
0000ac1e  Display_Update                         
0000ac62  Init_SPI_B1                            
0000aca2  Send_Response                          
0000ace2  __memcpy_far                           
0000ad22  __TI_zero_init_nomemset                
0000ad60  __mpu_init                             
0000ad9c  __TI_decompress_none                   
0000add8  Line_Follow_Setup_LEFT                 
0000ae12  Line_Follow_Setup_RIGHT                
0000ae4c  display_ADC                            
0000ae82  display_default                        
0000aeb8  adc_line                               
0000aeec  Init_Port5                             
0000af1e  Display_CurrentCommand                 
0000af4c  IOT_Reset                              
0000af78  __mspabi_divi                          
0000af78  __mspabi_remi                          
0000afa4  Enable_Comms                           
0000afce  WriteData                              
0000aff6  WriteIns                               
0000b01e  Display_Process                        
0000b044  Init_PWM                               
0000b068  DAC_Set_Voltage                        
0000b088  PWM_EBRAKE                             
0000b0a8  Init_Ports                             
0000b0c4  SPI_B1_write                           
0000b0e0  lcd_out                                
0000b0fc  PWM_FULLSTOP                           
0000b0fc  Wheels_Safe_Stop                       
0000b116  ClrDisplay_Buffer_0                    
0000b12e  ClrDisplay_Buffer_1                    
0000b146  ClrDisplay_Buffer_2                    
0000b15e  ClrDisplay_Buffer_3                    
0000b176  __mspabi_mpyi_f5hw                     
0000b18e  Backlite_Control                       
0000b1a4  ClrDisplay                             
0000b1ba  PWM_FORWARD                            
0000b1d0  PWM_Opening_Curve_Left                 
0000b1e6  PWM_Opening_Curve_Right                
0000b1fc  PWM_REVERSE                            
0000b212  PWM_REVERSE_PULSE                      
0000b228  PWM_ROTATE_LEFT                        
0000b23e  PWM_ROTATE_RIGHT                       
0000b254  __mspabi_divu                          
0000b254  __mspabi_remu                          
0000b26a  spi_chipselect_idle                    
0000b280  Line_Follow_Exit_Circle                
0000b294  Init_Timers                            
0000b2a6  memcpy                                 
0000b2b8  spi_chipselect_active                  
0000b2ca  Sample_ADC                             
0000b2da  strcpy                                 
0000b2ea  DisplayOnOff                           
0000b2f8  lcd_4line                              
0000b306  Init_SerialComms                       
0000b310  abs                                    
0000b31a  enable_interrupts                      
0000b322  DAC_Ready                              
0000b328  C$$EXIT                                
0000b328  abort                                  
0000b32e  spi_reset_active                       
0000b334  spi_reset_idle                         
0000b33a  _system_pre_init                       
0000b33e  _system_post_cinit                     
0000b340  eUSCI_A1_ISR                           
0000b45c  ADC_ISR                                
0000b52c  TIMER_BO_CCR1_2_0V_ISR                 
0000b5e8  TIMER_B2_CCR1_2_0V_ISR                 
0000b668  eUSCI_A0_ISR                           
0000b6e0  TIMER_B1_CCR1_2_0V_ISR                 
0000b754  TIMER_B1_CCR0_ISR                      
0000b78e  switchP2_interrupt                     
0000b7c4  switchP4_interrupt                     
0000b7fa  TIMER_B0_CCR0_ISR                      
0000b820  _c_int00_noargs_mpu                    
0000b840  TIMER_B2_CCR0_ISR                      
0000b850  __TI_ISR_TRAP                          
0000ffce  __TI_int22                             
0000ffd0  __TI_int23                             
0000ffd2  __TI_int24                             
0000ffd4  __TI_int25                             
0000ffd6  __TI_int26                             
0000ffd8  __TI_int27                             
0000ffda  __TI_int28                             
0000ffdc  __TI_int29                             
0000ffde  __TI_int30                             
0000ffe0  __TI_int31                             
0000ffe2  __TI_int32                             
0000ffe4  __TI_int33                             
0000ffe6  __TI_int34                             
0000ffe8  __TI_int35                             
0000ffea  __TI_int36                             
0000ffec  __TI_int37                             
0000ffee  __TI_int38                             
0000fff0  __TI_int39                             
0000fff2  __TI_int40                             
0000fff4  __TI_int41                             
0000fff6  __TI_int42                             
0000fff8  __TI_int43                             
0000fffa  __TI_int44                             
0000fffc  __TI_int45                             
0000fffe  _reset_vector                          
ffffffff  __TI_pprof_out_hndl                    
ffffffff  __TI_prof_data_size                    
ffffffff  __TI_prof_data_start                   
ffffffff  __c_args__                             

[1222 symbols]
