<?xml version="1.0" encoding="ISO-8859-1" ?>
<link_info>
   <banner>MSP430 Linker PC v21.6.1.LTS</banner>
   <copyright>Copyright (c) 2003-2018 Texas Instruments Incorporated</copyright>
   <link_time>0x693640d9</link_time>
   <link_errors>0x0</link_errors>
   <output_file>Project 10_FINAL.out</output_file>
   <entry_point>
      <name>_c_int00_noargs_mpu</name>
      <address>0xb820</address>
   </entry_point>
   <input_file_list>
      <input_file id="fl-2">
         <path>.\</path>
         <kind>object</kind>
         <file>ADC.obj</file>
         <name>ADC.obj</name>
      </input_file>
      <input_file id="fl-3">
         <path>.\</path>
         <kind>object</kind>
         <file>DAC.obj</file>
         <name>DAC.obj</name>
      </input_file>
      <input_file id="fl-4">
         <path>.\</path>
         <kind>object</kind>
         <file>DAC_test.obj</file>
         <name>DAC_test.obj</name>
      </input_file>
      <input_file id="fl-5">
         <path>.\</path>
         <kind>object</kind>
         <file>Display.obj</file>
         <name>Display.obj</name>
      </input_file>
      <input_file id="fl-6">
         <path>.\</path>
         <kind>object</kind>
         <file>PWM.obj</file>
         <name>PWM.obj</name>
      </input_file>
      <input_file id="fl-7">
         <path>.\</path>
         <kind>object</kind>
         <file>UART.obj</file>
         <name>UART.obj</name>
      </input_file>
      <input_file id="fl-8">
         <path>.\</path>
         <kind>object</kind>
         <file>bootup.obj</file>
         <name>bootup.obj</name>
      </input_file>
      <input_file id="fl-9">
         <path>.\</path>
         <kind>object</kind>
         <file>calibration.obj</file>
         <name>calibration.obj</name>
      </input_file>
      <input_file id="fl-a">
         <path>.\</path>
         <kind>object</kind>
         <file>clocks.obj</file>
         <name>clocks.obj</name>
      </input_file>
      <input_file id="fl-b">
         <path>.\</path>
         <kind>object</kind>
         <file>init.obj</file>
         <name>init.obj</name>
      </input_file>
      <input_file id="fl-c">
         <path>.\</path>
         <kind>object</kind>
         <file>interrupts_ADC.obj</file>
         <name>interrupts_ADC.obj</name>
      </input_file>
      <input_file id="fl-d">
         <path>.\</path>
         <kind>object</kind>
         <file>interrupts_UART.obj</file>
         <name>interrupts_UART.obj</name>
      </input_file>
      <input_file id="fl-e">
         <path>.\</path>
         <kind>object</kind>
         <file>interrupts_switches.obj</file>
         <name>interrupts_switches.obj</name>
      </input_file>
      <input_file id="fl-f">
         <path>.\</path>
         <kind>object</kind>
         <file>interrupts_timers.obj</file>
         <name>interrupts_timers.obj</name>
      </input_file>
      <input_file id="fl-10">
         <path>.\</path>
         <kind>object</kind>
         <file>led.obj</file>
         <name>led.obj</name>
      </input_file>
      <input_file id="fl-11">
         <path>.\</path>
         <kind>object</kind>
         <file>main.obj</file>
         <name>main.obj</name>
      </input_file>
      <input_file id="fl-12">
         <path>.\</path>
         <kind>object</kind>
         <file>menu.obj</file>
         <name>menu.obj</name>
      </input_file>
      <input_file id="fl-13">
         <path>.\</path>
         <kind>object</kind>
         <file>ports.obj</file>
         <name>ports.obj</name>
      </input_file>
      <input_file id="fl-14">
         <path>.\</path>
         <kind>object</kind>
         <file>queue.obj</file>
         <name>queue.obj</name>
      </input_file>
      <input_file id="fl-15">
         <path>.\</path>
         <kind>object</kind>
         <file>switches.obj</file>
         <name>switches.obj</name>
      </input_file>
      <input_file id="fl-16">
         <path>.\</path>
         <kind>object</kind>
         <file>system.obj</file>
         <name>system.obj</name>
      </input_file>
      <input_file id="fl-17">
         <path>.\</path>
         <kind>object</kind>
         <file>timers_b0.obj</file>
         <name>timers_b0.obj</name>
      </input_file>
      <input_file id="fl-18">
         <path>.\</path>
         <kind>object</kind>
         <file>timers_b3.obj</file>
         <name>timers_b3.obj</name>
      </input_file>
      <input_file id="fl-19">
         <path>.\</path>
         <kind>object</kind>
         <file>wheels.obj</file>
         <name>wheels.obj</name>
      </input_file>
      <input_file id="fl-1a">
         <path>..\Compiled\</path>
         <kind>object</kind>
         <file>LCD.obj</file>
         <name>LCD.obj</name>
      </input_file>
      <input_file id="fl-20">
         <kind>object</kind>
         <file>&lt;internal&gt;</file>
         <name>&lt;internal&gt;</name>
      </input_file>
      <input_file id="fl-3b">
         <path>C:\ti\ccs1281\ccs\tools\compiler\ti-cgt-msp430_21.6.1.LTS\lib\</path>
         <kind>archive</kind>
         <file>rts430x_lc_sd_eabi.lib</file>
         <name>copy_decompress_lzss.c.obj</name>
      </input_file>
      <input_file id="fl-3c">
         <path>C:\ti\ccs1281\ccs\tools\compiler\ti-cgt-msp430_21.6.1.LTS\lib\</path>
         <kind>archive</kind>
         <file>rts430x_lc_sd_eabi.lib</file>
         <name>copy_decompress_none.c.obj</name>
      </input_file>
      <input_file id="fl-3d">
         <path>C:\ti\ccs1281\ccs\tools\compiler\ti-cgt-msp430_21.6.1.LTS\lib\</path>
         <kind>archive</kind>
         <file>rts430x_lc_sd_eabi.lib</file>
         <name>int23.asm.obj</name>
      </input_file>
      <input_file id="fl-3e">
         <path>C:\ti\ccs1281\ccs\tools\compiler\ti-cgt-msp430_21.6.1.LTS\lib\</path>
         <kind>archive</kind>
         <file>rts430x_lc_sd_eabi.lib</file>
         <name>isr_trap.asm.obj</name>
      </input_file>
      <input_file id="fl-3f">
         <path>C:\ti\ccs1281\ccs\tools\compiler\ti-cgt-msp430_21.6.1.LTS\lib\</path>
         <kind>archive</kind>
         <file>rts430x_lc_sd_eabi.lib</file>
         <name>int25.asm.obj</name>
      </input_file>
      <input_file id="fl-40">
         <path>C:\ti\ccs1281\ccs\tools\compiler\ti-cgt-msp430_21.6.1.LTS\lib\</path>
         <kind>archive</kind>
         <file>rts430x_lc_sd_eabi.lib</file>
         <name>int26.asm.obj</name>
      </input_file>
      <input_file id="fl-41">
         <path>C:\ti\ccs1281\ccs\tools\compiler\ti-cgt-msp430_21.6.1.LTS\lib\</path>
         <kind>archive</kind>
         <file>rts430x_lc_sd_eabi.lib</file>
         <name>int27.asm.obj</name>
      </input_file>
      <input_file id="fl-42">
         <path>C:\ti\ccs1281\ccs\tools\compiler\ti-cgt-msp430_21.6.1.LTS\lib\</path>
         <kind>archive</kind>
         <file>rts430x_lc_sd_eabi.lib</file>
         <name>int28.asm.obj</name>
      </input_file>
      <input_file id="fl-43">
         <path>C:\ti\ccs1281\ccs\tools\compiler\ti-cgt-msp430_21.6.1.LTS\lib\</path>
         <kind>archive</kind>
         <file>rts430x_lc_sd_eabi.lib</file>
         <name>int30.asm.obj</name>
      </input_file>
      <input_file id="fl-44">
         <path>C:\ti\ccs1281\ccs\tools\compiler\ti-cgt-msp430_21.6.1.LTS\lib\</path>
         <kind>archive</kind>
         <file>rts430x_lc_sd_eabi.lib</file>
         <name>int31.asm.obj</name>
      </input_file>
      <input_file id="fl-45">
         <path>C:\ti\ccs1281\ccs\tools\compiler\ti-cgt-msp430_21.6.1.LTS\lib\</path>
         <kind>archive</kind>
         <file>rts430x_lc_sd_eabi.lib</file>
         <name>int34.asm.obj</name>
      </input_file>
      <input_file id="fl-46">
         <path>C:\ti\ccs1281\ccs\tools\compiler\ti-cgt-msp430_21.6.1.LTS\lib\</path>
         <kind>archive</kind>
         <file>rts430x_lc_sd_eabi.lib</file>
         <name>int35.asm.obj</name>
      </input_file>
      <input_file id="fl-47">
         <path>C:\ti\ccs1281\ccs\tools\compiler\ti-cgt-msp430_21.6.1.LTS\lib\</path>
         <kind>archive</kind>
         <file>rts430x_lc_sd_eabi.lib</file>
         <name>int36.asm.obj</name>
      </input_file>
      <input_file id="fl-48">
         <path>C:\ti\ccs1281\ccs\tools\compiler\ti-cgt-msp430_21.6.1.LTS\lib\</path>
         <kind>archive</kind>
         <file>rts430x_lc_sd_eabi.lib</file>
         <name>int37.asm.obj</name>
      </input_file>
      <input_file id="fl-49">
         <path>C:\ti\ccs1281\ccs\tools\compiler\ti-cgt-msp430_21.6.1.LTS\lib\</path>
         <kind>archive</kind>
         <file>rts430x_lc_sd_eabi.lib</file>
         <name>int44.asm.obj</name>
      </input_file>
      <input_file id="fl-4a">
         <path>C:\ti\ccs1281\ccs\tools\compiler\ti-cgt-msp430_21.6.1.LTS\lib\</path>
         <kind>archive</kind>
         <file>rts430x_lc_sd_eabi.lib</file>
         <name>int45.asm.obj</name>
      </input_file>
      <input_file id="fl-4b">
         <path>C:\ti\ccs1281\ccs\tools\compiler\ti-cgt-msp430_21.6.1.LTS\lib\</path>
         <kind>archive</kind>
         <file>rts430x_lc_sd_eabi.lib</file>
         <name>copy_zero_init.c.obj</name>
      </input_file>
      <input_file id="fl-4c">
         <path>C:\ti\ccs1281\ccs\tools\compiler\ti-cgt-msp430_21.6.1.LTS\lib\</path>
         <kind>archive</kind>
         <file>rts430x_lc_sd_eabi.lib</file>
         <name>cpy_util.asm.obj</name>
      </input_file>
      <input_file id="fl-4d">
         <path>C:\ti\ccs1281\ccs\tools\compiler\ti-cgt-msp430_21.6.1.LTS\lib\</path>
         <kind>archive</kind>
         <file>rts430x_lc_sd_eabi.lib</file>
         <name>div16s.asm.obj</name>
      </input_file>
      <input_file id="fl-4e">
         <path>C:\ti\ccs1281\ccs\tools\compiler\ti-cgt-msp430_21.6.1.LTS\lib\</path>
         <kind>archive</kind>
         <file>rts430x_lc_sd_eabi.lib</file>
         <name>div16u.asm.obj</name>
      </input_file>
      <input_file id="fl-4f">
         <path>C:\ti\ccs1281\ccs\tools\compiler\ti-cgt-msp430_21.6.1.LTS\lib\</path>
         <kind>archive</kind>
         <file>rts430x_lc_sd_eabi.lib</file>
         <name>div32u.asm.obj</name>
      </input_file>
      <input_file id="fl-50">
         <path>C:\ti\ccs1281\ccs\tools\compiler\ti-cgt-msp430_21.6.1.LTS\lib\</path>
         <kind>archive</kind>
         <file>rts430x_lc_sd_eabi.lib</file>
         <name>mult16.asm.obj</name>
      </input_file>
      <input_file id="fl-51">
         <path>C:\ti\ccs1281\ccs\tools\compiler\ti-cgt-msp430_21.6.1.LTS\lib\</path>
         <kind>archive</kind>
         <file>rts430x_lc_sd_eabi.lib</file>
         <name>mult16_f5hw.asm.obj</name>
      </input_file>
      <input_file id="fl-52">
         <path>C:\ti\ccs1281\ccs\tools\compiler\ti-cgt-msp430_21.6.1.LTS\lib\</path>
         <kind>archive</kind>
         <file>rts430x_lc_sd_eabi.lib</file>
         <name>mult32_f5hw.asm.obj</name>
      </input_file>
      <input_file id="fl-53">
         <path>C:\ti\ccs1281\ccs\tools\compiler\ti-cgt-msp430_21.6.1.LTS\lib\</path>
         <kind>archive</kind>
         <file>rts430x_lc_sd_eabi.lib</file>
         <name>mult64_f5hw.asm.obj</name>
      </input_file>
      <input_file id="fl-54">
         <path>C:\ti\ccs1281\ccs\tools\compiler\ti-cgt-msp430_21.6.1.LTS\lib\</path>
         <kind>archive</kind>
         <file>rts430x_lc_sd_eabi.lib</file>
         <name>mult1632_f5hw.asm.obj</name>
      </input_file>
      <input_file id="fl-55">
         <path>C:\ti\ccs1281\ccs\tools\compiler\ti-cgt-msp430_21.6.1.LTS\lib\</path>
         <kind>archive</kind>
         <file>rts430x_lc_sd_eabi.lib</file>
         <name>mult3264_f5hw.asm.obj</name>
      </input_file>
      <input_file id="fl-56">
         <path>C:\ti\ccs1281\ccs\tools\compiler\ti-cgt-msp430_21.6.1.LTS\lib\</path>
         <kind>archive</kind>
         <file>rts430x_lc_sd_eabi.lib</file>
         <name>boot.c.obj</name>
      </input_file>
      <input_file id="fl-57">
         <path>C:\ti\ccs1281\ccs\ccs_base\msp430\lib\FR2xx\</path>
         <kind>archive</kind>
         <file>FRWP_INIT_LIB_CCS_msp430_large_code_small_data.lib</file>
         <name>frwp_init.obj</name>
      </input_file>
      <input_file id="fl-58">
         <path>C:\ti\ccs1281\ccs\tools\compiler\ti-cgt-msp430_21.6.1.LTS\lib\</path>
         <kind>archive</kind>
         <file>rts430x_lc_sd_eabi.lib</file>
         <name>args_main.c.obj</name>
      </input_file>
      <input_file id="fl-59">
         <path>C:\ti\ccs1281\ccs\tools\compiler\ti-cgt-msp430_21.6.1.LTS\lib\</path>
         <kind>archive</kind>
         <file>rts430x_lc_sd_eabi.lib</file>
         <name>autoinit.c.obj</name>
      </input_file>
      <input_file id="fl-5a">
         <path>C:\ti\ccs1281\ccs\tools\compiler\ti-cgt-msp430_21.6.1.LTS\lib\</path>
         <kind>archive</kind>
         <file>rts430x_lc_sd_eabi.lib</file>
         <name>startup.c.obj</name>
      </input_file>
      <input_file id="fl-5b">
         <path>C:\ti\ccs1281\ccs\tools\compiler\ti-cgt-msp430_21.6.1.LTS\lib\</path>
         <kind>archive</kind>
         <file>rts430x_lc_sd_eabi.lib</file>
         <name>pre_init.c.obj</name>
      </input_file>
      <input_file id="fl-5c">
         <path>C:\ti\ccs1281\ccs\tools\compiler\ti-cgt-msp430_21.6.1.LTS\lib\</path>
         <kind>archive</kind>
         <file>rts430x_lc_sd_eabi.lib</file>
         <name>abs.c.obj</name>
      </input_file>
      <input_file id="fl-5d">
         <path>C:\ti\ccs1281\ccs\tools\compiler\ti-cgt-msp430_21.6.1.LTS\lib\</path>
         <kind>archive</kind>
         <file>rts430x_lc_sd_eabi.lib</file>
         <name>cpy_tbl.c.obj</name>
      </input_file>
      <input_file id="fl-5e">
         <path>C:\ti\ccs1281\ccs\tools\compiler\ti-cgt-msp430_21.6.1.LTS\lib\</path>
         <kind>archive</kind>
         <file>rts430x_lc_sd_eabi.lib</file>
         <name>exit.c.obj</name>
      </input_file>
      <input_file id="fl-5f">
         <path>C:\ti\ccs1281\ccs\tools\compiler\ti-cgt-msp430_21.6.1.LTS\lib\</path>
         <kind>archive</kind>
         <file>rts430x_lc_sd_eabi.lib</file>
         <name>exit_gvars.c.obj</name>
      </input_file>
      <input_file id="fl-60">
         <path>C:\ti\ccs1281\ccs\tools\compiler\ti-cgt-msp430_21.6.1.LTS\lib\</path>
         <kind>archive</kind>
         <file>rts430x_lc_sd_eabi.lib</file>
         <name>_lock.c.obj</name>
      </input_file>
      <input_file id="fl-61">
         <path>C:\ti\ccs1281\ccs\tools\compiler\ti-cgt-msp430_21.6.1.LTS\lib\</path>
         <kind>archive</kind>
         <file>rts430x_lc_sd_eabi.lib</file>
         <name>memcpy.c.obj</name>
      </input_file>
      <input_file id="fl-62">
         <path>C:\ti\ccs1281\ccs\tools\compiler\ti-cgt-msp430_21.6.1.LTS\lib\</path>
         <kind>archive</kind>
         <file>rts430x_lc_sd_eabi.lib</file>
         <name>strcpy.c.obj</name>
      </input_file>
      <input_file id="fl-63">
         <path>C:\ti\ccs1281\ccs\tools\compiler\ti-cgt-msp430_21.6.1.LTS\lib\</path>
         <kind>archive</kind>
         <file>rts430x_lc_sd_eabi.lib</file>
         <name>strlen.c.obj</name>
      </input_file>
   </input_file_list>
   <object_component_list>
      <object_component id="oc-984">
         <name>.cinit..data.load</name>
         <load_address>0x8000</load_address>
         <run_address>0x8000</run_address>
         <size>0x4c</size>
      </object_component>
      <object_component id="oc-981">
         <name>__TI_handler_table</name>
         <load_address>0x804c</load_address>
         <run_address>0x804c</run_address>
         <size>0xc</size>
      </object_component>
      <object_component id="oc-983">
         <name>.cinit..bss.load</name>
         <load_address>0x8058</load_address>
         <run_address>0x8058</run_address>
         <size>0x6</size>
      </object_component>
      <object_component id="oc-982">
         <name>__TI_cinit_table</name>
         <load_address>0x805e</load_address>
         <run_address>0x805e</run_address>
         <size>0x10</size>
      </object_component>
      <object_component id="oc-921">
         <name>.binit</name>
         <load_address>0x806e</load_address>
         <run_address>0x806e</run_address>
         <size>0x0</size>
      </object_component>
      <object_component id="oc-705">
         <name>.const:.string</name>
         <load_address>0x806e</load_address>
         <run_address>0x806e</run_address>
         <size>0x14a</size>
         <input_file_ref idref="fl-14"/>
      </object_component>
      <object_component id="oc-890">
         <name>.const:.string</name>
         <load_address>0x81b8</load_address>
         <run_address>0x81b8</run_address>
         <size>0xee</size>
         <input_file_ref idref="fl-5"/>
      </object_component>
      <object_component id="oc-759">
         <name>.const:.string</name>
         <load_address>0x82a6</load_address>
         <run_address>0x82a6</run_address>
         <size>0xb4</size>
         <input_file_ref idref="fl-9"/>
      </object_component>
      <object_component id="oc-76c">
         <name>.const:.string</name>
         <load_address>0x835a</load_address>
         <run_address>0x835a</run_address>
         <size>0xa8</size>
         <input_file_ref idref="fl-19"/>
      </object_component>
      <object_component id="oc-795">
         <name>.const:.string</name>
         <load_address>0x8402</load_address>
         <run_address>0x8402</run_address>
         <size>0x78</size>
         <input_file_ref idref="fl-12"/>
      </object_component>
      <object_component id="oc-6a1">
         <name>.const:.string</name>
         <load_address>0x847a</load_address>
         <run_address>0x847a</run_address>
         <size>0x6c</size>
         <input_file_ref idref="fl-8"/>
      </object_component>
      <object_component id="oc-6d7">
         <name>.const:.string</name>
         <load_address>0x84e6</load_address>
         <run_address>0x84e6</run_address>
         <size>0x48</size>
         <input_file_ref idref="fl-7"/>
      </object_component>
      <object_component id="oc-598">
         <name>.const:.string</name>
         <load_address>0x852e</load_address>
         <run_address>0x852e</run_address>
         <size>0x30</size>
         <input_file_ref idref="fl-11"/>
      </object_component>
      <object_component id="oc-853">
         <name>.const:.string:$P$T0$2</name>
         <load_address>0x855e</load_address>
         <run_address>0x855e</run_address>
         <size>0xb</size>
         <input_file_ref idref="fl-7"/>
      </object_component>
      <object_component id="oc-85c">
         <name>.const:.string:$P$T1$3</name>
         <load_address>0x856a</load_address>
         <run_address>0x856a</run_address>
         <size>0xb</size>
         <input_file_ref idref="fl-7"/>
      </object_component>
      <object_component id="oc-85f">
         <name>.const:.string:$P$T2$4</name>
         <load_address>0x8576</load_address>
         <run_address>0x8576</run_address>
         <size>0xb</size>
         <input_file_ref idref="fl-7"/>
      </object_component>
      <object_component id="oc-6e0">
         <name>.const:.string:Command_PIN</name>
         <load_address>0x8582</load_address>
         <run_address>0x8582</run_address>
         <size>0x6</size>
         <input_file_ref idref="fl-7"/>
      </object_component>
      <object_component id="oc-5d6">
         <name>.text:Line_Follow_Process</name>
         <load_address>0x8588</load_address>
         <run_address>0x8588</run_address>
         <size>0x460</size>
         <input_file_ref idref="fl-19"/>
      </object_component>
      <object_component id="oc-5d0">
         <name>.text:IR_Calibrate_Process</name>
         <load_address>0x89e8</load_address>
         <run_address>0x89e8</run_address>
         <size>0x366</size>
         <input_file_ref idref="fl-9"/>
      </object_component>
      <object_component id="oc-5ac">
         <name>.text:IOT_Process</name>
         <load_address>0x8d4e</load_address>
         <run_address>0x8d4e</run_address>
         <size>0x27e</size>
         <input_file_ref idref="fl-7"/>
      </object_component>
      <object_component id="oc-5ca">
         <name>.text:Process_Queue</name>
         <load_address>0x8fcc</load_address>
         <run_address>0x8fcc</run_address>
         <size>0x234</size>
         <input_file_ref idref="fl-14"/>
      </object_component>
      <object_component id="oc-5e2">
         <name>.text:Main_Menu_Process</name>
         <load_address>0x9200</load_address>
         <run_address>0x9200</run_address>
         <size>0x204</size>
         <input_file_ref idref="fl-12"/>
      </object_component>
      <object_component id="oc-6e9">
         <name>.text:Display_IOT_Parse</name>
         <load_address>0x9404</load_address>
         <run_address>0x9404</run_address>
         <size>0x1ec</size>
         <input_file_ref idref="fl-7"/>
      </object_component>
      <object_component id="oc-5b2">
         <name>.text:IOT_Parse_Data</name>
         <load_address>0x95f0</load_address>
         <run_address>0x95f0</run_address>
         <size>0x184</size>
         <input_file_ref idref="fl-7"/>
      </object_component>
      <object_component id="oc-5a0">
         <name>.text:Bootup_Sequence</name>
         <load_address>0x9774</load_address>
         <run_address>0x9774</run_address>
         <size>0x17a</size>
         <input_file_ref idref="fl-8"/>
      </object_component>
      <object_component id="oc-773">
         <name>.text:Line_Follow_PD_V1</name>
         <load_address>0x98ee</load_address>
         <run_address>0x98ee</run_address>
         <size>0x124</size>
         <input_file_ref idref="fl-19"/>
      </object_component>
      <object_component id="oc-6a8">
         <name>.text:IOT_Connect</name>
         <load_address>0x9a12</load_address>
         <run_address>0x9a12</run_address>
         <size>0x11c</size>
         <input_file_ref idref="fl-8"/>
      </object_component>
      <object_component id="oc-66">
         <name>.text:decompress:lzss:__TI_decompress_lzss</name>
         <load_address>0x9b2e</load_address>
         <run_address>0x9b2e</run_address>
         <size>0xee</size>
         <input_file_ref idref="fl-3b"/>
      </object_component>
      <object_component id="oc-6f9">
         <name>.text:Parse_Command</name>
         <load_address>0x9c1c</load_address>
         <run_address>0x9c1c</run_address>
         <size>0xea</size>
         <input_file_ref idref="fl-14"/>
      </object_component>
      <object_component id="oc-651">
         <name>.text:Init_Port3</name>
         <load_address>0x9d06</load_address>
         <run_address>0x9d06</run_address>
         <size>0xd2</size>
         <input_file_ref idref="fl-13"/>
      </object_component>
      <object_component id="oc-6e3">
         <name>.text:Queue_AddCommand</name>
         <load_address>0x9dd8</load_address>
         <run_address>0x9dd8</run_address>
         <size>0xc6</size>
         <input_file_ref idref="fl-14"/>
      </object_component>
      <object_component id="oc-6c3">
         <name>.text:Init_LCD</name>
         <load_address>0x9e9e</load_address>
         <run_address>0x9e9e</run_address>
         <size>0xc4</size>
         <input_file_ref idref="fl-1a"/>
      </object_component>
      <object_component id="oc-51b">
         <name>.text:main</name>
         <load_address>0x9f62</load_address>
         <run_address>0x9f62</run_address>
         <size>0xc0</size>
         <input_file_ref idref="fl-11"/>
      </object_component>
      <object_component id="oc-66a">
         <name>.text:Software_Trim</name>
         <load_address>0xa022</load_address>
         <run_address>0xa022</run_address>
         <size>0xbe</size>
         <input_file_ref idref="fl-a"/>
      </object_component>
      <object_component id="oc-5dc">
         <name>.text:Line_Follow_Setup_Process</name>
         <load_address>0xa0e0</load_address>
         <run_address>0xa0e0</run_address>
         <size>0xb6</size>
         <input_file_ref idref="fl-19"/>
      </object_component>
      <object_component id="oc-64b">
         <name>.text:Init_Port2</name>
         <load_address>0xa196</load_address>
         <run_address>0xa196</run_address>
         <size>0xa2</size>
         <input_file_ref idref="fl-13"/>
      </object_component>
      <object_component id="oc-796">
         <name>.text:Display_Calibration</name>
         <load_address>0xa238</load_address>
         <run_address>0xa238</run_address>
         <size>0xa0</size>
         <input_file_ref idref="fl-9"/>
      </object_component>
      <object_component id="oc-585">
         <name>.text:Init_Conditions</name>
         <load_address>0xa2d8</load_address>
         <run_address>0xa2d8</run_address>
         <size>0x96</size>
         <input_file_ref idref="fl-b"/>
      </object_component>
      <object_component id="oc-71e">
         <name>.text:Line_Follow_Start_Autonomous</name>
         <load_address>0xa36e</load_address>
         <run_address>0xa36e</run_address>
         <size>0x8a</size>
         <input_file_ref idref="fl-19"/>
      </object_component>
      <object_component id="oc-657">
         <name>.text:Init_Port4</name>
         <load_address>0xa3f8</load_address>
         <run_address>0xa3f8</run_address>
         <size>0x86</size>
         <input_file_ref idref="fl-13"/>
      </object_component>
      <object_component id="oc-735">
         <name>.text:Line_Follow_Start_LEFT_TURN</name>
         <load_address>0xa47e</load_address>
         <run_address>0xa47e</run_address>
         <size>0x7e</size>
         <input_file_ref idref="fl-19"/>
      </object_component>
      <object_component id="oc-741">
         <name>.text:Line_Follow_Start_RIGHT_TURN</name>
         <load_address>0xa4fc</load_address>
         <run_address>0xa4fc</run_address>
         <size>0x7e</size>
         <input_file_ref idref="fl-19"/>
      </object_component>
      <object_component id="oc-663">
         <name>.text:Init_Port6</name>
         <load_address>0xa57a</load_address>
         <run_address>0xa57a</run_address>
         <size>0x7c</size>
         <input_file_ref idref="fl-13"/>
      </object_component>
      <object_component id="oc-6f3">
         <name>.text:Get_Command</name>
         <load_address>0xa5f6</load_address>
         <run_address>0xa5f6</run_address>
         <size>0x76</size>
         <input_file_ref idref="fl-14"/>
      </object_component>
      <object_component id="oc-75a">
         <name>.text:HEXtoBCD</name>
         <load_address>0xa66c</load_address>
         <run_address>0xa66c</run_address>
         <size>0x76</size>
         <input_file_ref idref="fl-2"/>
      </object_component>
      <object_component id="oc-591">
         <name>.text:Init_ADC</name>
         <load_address>0xa6e2</load_address>
         <run_address>0xa6e2</run_address>
         <size>0x6c</size>
         <input_file_ref idref="fl-2"/>
      </object_component>
      <object_component id="oc-613">
         <name>.text:__TI_auto_init_nobinit_nopinit_hold_wdt:__TI_auto_init_nobinit_nopinit_hold_wdt</name>
         <load_address>0xa74e</load_address>
         <run_address>0xa74e</run_address>
         <size>0x6a</size>
         <input_file_ref idref="fl-59"/>
      </object_component>
      <object_component id="oc-57f">
         <name>.text:Init_Clocks</name>
         <load_address>0xa7b8</load_address>
         <run_address>0xa7b8</run_address>
         <size>0x68</size>
         <input_file_ref idref="fl-a"/>
      </object_component>
      <object_component id="oc-6a2">
         <name>.text:Init_DAC</name>
         <load_address>0xa820</load_address>
         <run_address>0xa820</run_address>
         <size>0x68</size>
         <input_file_ref idref="fl-3"/>
      </object_component>
      <object_component id="oc-747">
         <name>.text:IR_Calibrate_Menu</name>
         <load_address>0xa888</load_address>
         <run_address>0xa888</run_address>
         <size>0x64</size>
         <input_file_ref idref="fl-9"/>
      </object_component>
      <object_component id="oc-67f">
         <name>.text:Init_Timer_B0</name>
         <load_address>0xa8ec</load_address>
         <run_address>0xa8ec</run_address>
         <size>0x5e</size>
         <input_file_ref idref="fl-17"/>
      </object_component>
      <object_component id="oc-685">
         <name>.text:Init_Timer_B1</name>
         <load_address>0xa94a</load_address>
         <run_address>0xa94a</run_address>
         <size>0x5e</size>
         <input_file_ref idref="fl-17"/>
      </object_component>
      <object_component id="oc-68b">
         <name>.text:Init_Timer_B2</name>
         <load_address>0xa9a8</load_address>
         <run_address>0xa9a8</run_address>
         <size>0x5e</size>
         <input_file_ref idref="fl-17"/>
      </object_component>
      <object_component id="oc-766">
         <name>.text</name>
         <load_address>0xaa06</load_address>
         <run_address>0xaa06</run_address>
         <size>0x58</size>
         <input_file_ref idref="fl-4f"/>
      </object_component>
      <object_component id="oc-789">
         <name>.text:Menu_ChangePage</name>
         <load_address>0xaa5e</load_address>
         <run_address>0xaa5e</run_address>
         <size>0x54</size>
         <input_file_ref idref="fl-12"/>
      </object_component>
      <object_component id="oc-691">
         <name>.text:Init_Timer_B3</name>
         <load_address>0xaab2</load_address>
         <run_address>0xaab2</run_address>
         <size>0x4c</size>
         <input_file_ref idref="fl-18"/>
      </object_component>
      <object_component id="oc-645">
         <name>.text:Init_Port1</name>
         <load_address>0xaafe</load_address>
         <run_address>0xaafe</run_address>
         <size>0x4a</size>
         <input_file_ref idref="fl-13"/>
      </object_component>
      <object_component id="oc-7f5">
         <name>.text:Send_AT_Command</name>
         <load_address>0xab48</load_address>
         <run_address>0xab48</run_address>
         <size>0x4a</size>
         <input_file_ref idref="fl-7"/>
      </object_component>
      <object_component id="oc-80c">
         <name>.text:Init_Serial_UCA0</name>
         <load_address>0xab92</load_address>
         <run_address>0xab92</run_address>
         <size>0x46</size>
         <input_file_ref idref="fl-7"/>
      </object_component>
      <object_component id="oc-812">
         <name>.text:Init_Serial_UCA1</name>
         <load_address>0xabd8</load_address>
         <run_address>0xabd8</run_address>
         <size>0x46</size>
         <input_file_ref idref="fl-7"/>
      </object_component>
      <object_component id="oc-6ca">
         <name>.text:Display_Update</name>
         <load_address>0xac1e</load_address>
         <run_address>0xac1e</run_address>
         <size>0x44</size>
         <input_file_ref idref="fl-1a"/>
      </object_component>
      <object_component id="oc-81b">
         <name>.text:Init_SPI_B1</name>
         <load_address>0xac62</load_address>
         <run_address>0xac62</run_address>
         <size>0x40</size>
         <input_file_ref idref="fl-1a"/>
      </object_component>
      <object_component id="oc-706">
         <name>.text:Send_Response</name>
         <load_address>0xaca2</load_address>
         <run_address>0xaca2</run_address>
         <size>0x40</size>
         <input_file_ref idref="fl-7"/>
      </object_component>
      <object_component id="oc-42b">
         <name>.text:__memcpy_far</name>
         <load_address>0xace2</load_address>
         <run_address>0xace2</run_address>
         <size>0x40</size>
         <input_file_ref idref="fl-4c"/>
      </object_component>
      <object_component id="oc-47e">
         <name>.text:decompress:ZI:__TI_zero_init_nomemset:__TI_zero_init_nomemset</name>
         <load_address>0xad22</load_address>
         <run_address>0xad22</run_address>
         <size>0x3e</size>
         <input_file_ref idref="fl-4b"/>
      </object_component>
      <object_component id="oc-52d">
         <name>.text:__mpu_init</name>
         <load_address>0xad60</load_address>
         <run_address>0xad60</run_address>
         <size>0x3c</size>
         <input_file_ref idref="fl-57"/>
      </object_component>
      <object_component id="oc-6c">
         <name>.text:decompress:none:__TI_decompress_none</name>
         <load_address>0xad9c</load_address>
         <run_address>0xad9c</run_address>
         <size>0x3c</size>
         <input_file_ref idref="fl-3c"/>
      </object_component>
      <object_component id="oc-712">
         <name>.text:Line_Follow_Setup_LEFT</name>
         <load_address>0xadd8</load_address>
         <run_address>0xadd8</run_address>
         <size>0x3a</size>
         <input_file_ref idref="fl-19"/>
      </object_component>
      <object_component id="oc-70c">
         <name>.text:Line_Follow_Setup_RIGHT</name>
         <load_address>0xae12</load_address>
         <run_address>0xae12</run_address>
         <size>0x3a</size>
         <input_file_ref idref="fl-19"/>
      </object_component>
      <object_component id="oc-78f">
         <name>.text:display_ADC</name>
         <load_address>0xae4c</load_address>
         <run_address>0xae4c</run_address>
         <size>0x36</size>
         <input_file_ref idref="fl-5"/>
      </object_component>
      <object_component id="oc-79c">
         <name>.text:display_default</name>
         <load_address>0xae82</load_address>
         <run_address>0xae82</run_address>
         <size>0x36</size>
         <input_file_ref idref="fl-5"/>
      </object_component>
      <object_component id="oc-760">
         <name>.text:adc_line</name>
         <load_address>0xaeb8</load_address>
         <run_address>0xaeb8</run_address>
         <size>0x34</size>
         <input_file_ref idref="fl-2"/>
      </object_component>
      <object_component id="oc-65d">
         <name>.text:Init_Port5</name>
         <load_address>0xaeec</load_address>
         <run_address>0xaeec</run_address>
         <size>0x32</size>
         <input_file_ref idref="fl-13"/>
      </object_component>
      <object_component id="oc-6ff">
         <name>.text:Display_CurrentCommand</name>
         <load_address>0xaf1e</load_address>
         <run_address>0xaf1e</run_address>
         <size>0x2e</size>
         <input_file_ref idref="fl-14"/>
      </object_component>
      <object_component id="oc-6bd">
         <name>.text:IOT_Reset</name>
         <load_address>0xaf4c</load_address>
         <run_address>0xaf4c</run_address>
         <size>0x2c</size>
         <input_file_ref idref="fl-8"/>
      </object_component>
      <object_component id="oc-862">
         <name>.text</name>
         <load_address>0xaf78</load_address>
         <run_address>0xaf78</run_address>
         <size>0x2c</size>
         <input_file_ref idref="fl-4d"/>
      </object_component>
      <object_component id="oc-6b7">
         <name>.text:Enable_Comms</name>
         <load_address>0xafa4</load_address>
         <run_address>0xafa4</run_address>
         <size>0x2a</size>
         <input_file_ref idref="fl-7"/>
      </object_component>
      <object_component id="oc-8f2">
         <name>.text:WriteData</name>
         <load_address>0xafce</load_address>
         <run_address>0xafce</run_address>
         <size>0x28</size>
         <input_file_ref idref="fl-1a"/>
      </object_component>
      <object_component id="oc-833">
         <name>.text:WriteIns</name>
         <load_address>0xaff6</load_address>
         <run_address>0xaff6</run_address>
         <size>0x28</size>
         <input_file_ref idref="fl-1a"/>
      </object_component>
      <object_component id="oc-5a6">
         <name>.text:Display_Process</name>
         <load_address>0xb01e</load_address>
         <run_address>0xb01e</run_address>
         <size>0x26</size>
         <input_file_ref idref="fl-5"/>
      </object_component>
      <object_component id="oc-5b8">
         <name>.text:Init_PWM</name>
         <load_address>0xb044</load_address>
         <run_address>0xb044</run_address>
         <size>0x24</size>
         <input_file_ref idref="fl-6"/>
      </object_component>
      <object_component id="oc-5c4">
         <name>.text:DAC_Set_Voltage</name>
         <load_address>0xb068</load_address>
         <run_address>0xb068</run_address>
         <size>0x20</size>
         <input_file_ref idref="fl-3"/>
      </object_component>
      <object_component id="oc-775">
         <name>.text:PWM_EBRAKE</name>
         <load_address>0xb088</load_address>
         <run_address>0xb088</run_address>
         <size>0x20</size>
         <input_file_ref idref="fl-6"/>
      </object_component>
      <object_component id="oc-579">
         <name>.text:Init_Ports</name>
         <load_address>0xb0a8</load_address>
         <run_address>0xb0a8</run_address>
         <size>0x1c</size>
         <input_file_ref idref="fl-13"/>
      </object_component>
      <object_component id="oc-8d1">
         <name>.text:SPI_B1_write</name>
         <load_address>0xb0c4</load_address>
         <run_address>0xb0c4</run_address>
         <size>0x1c</size>
         <input_file_ref idref="fl-1a"/>
      </object_component>
      <object_component id="oc-846">
         <name>.text:lcd_out</name>
         <load_address>0xb0e0</load_address>
         <run_address>0xb0e0</run_address>
         <size>0x1c</size>
         <input_file_ref idref="fl-1a"/>
      </object_component>
      <object_component id="oc-5e8">
         <name>.text:Wheels_Safe_Stop</name>
         <load_address>0xb0fc</load_address>
         <run_address>0xb0fc</run_address>
         <size>0x1a</size>
         <input_file_ref idref="fl-6"/>
      </object_component>
      <object_component id="oc-8d8">
         <name>.text:ClrDisplay_Buffer_0</name>
         <load_address>0xb116</load_address>
         <run_address>0xb116</run_address>
         <size>0x18</size>
         <input_file_ref idref="fl-1a"/>
      </object_component>
      <object_component id="oc-8de">
         <name>.text:ClrDisplay_Buffer_1</name>
         <load_address>0xb12e</load_address>
         <run_address>0xb12e</run_address>
         <size>0x18</size>
         <input_file_ref idref="fl-1a"/>
      </object_component>
      <object_component id="oc-8e4">
         <name>.text:ClrDisplay_Buffer_2</name>
         <load_address>0xb146</load_address>
         <run_address>0xb146</run_address>
         <size>0x18</size>
         <input_file_ref idref="fl-1a"/>
      </object_component>
      <object_component id="oc-8ea">
         <name>.text:ClrDisplay_Buffer_3</name>
         <load_address>0xb15e</load_address>
         <run_address>0xb15e</run_address>
         <size>0x18</size>
         <input_file_ref idref="fl-1a"/>
      </object_component>
      <object_component id="oc-6da">
         <name>.text</name>
         <load_address>0xb176</load_address>
         <run_address>0xb176</run_address>
         <size>0x18</size>
         <input_file_ref idref="fl-51"/>
      </object_component>
      <object_component id="oc-6d0">
         <name>.text:Backlite_Control</name>
         <load_address>0xb18e</load_address>
         <run_address>0xb18e</run_address>
         <size>0x16</size>
         <input_file_ref idref="fl-5"/>
      </object_component>
      <object_component id="oc-839">
         <name>.text:ClrDisplay</name>
         <load_address>0xb1a4</load_address>
         <run_address>0xb1a4</run_address>
         <size>0x16</size>
         <input_file_ref idref="fl-1a"/>
      </object_component>
      <object_component id="oc-73b">
         <name>.text:PWM_FORWARD</name>
         <load_address>0xb1ba</load_address>
         <run_address>0xb1ba</run_address>
         <size>0x16</size>
         <input_file_ref idref="fl-6"/>
      </object_component>
      <object_component id="oc-781">
         <name>.text:PWM_Opening_Curve_Left</name>
         <load_address>0xb1d0</load_address>
         <run_address>0xb1d0</run_address>
         <size>0x16</size>
         <input_file_ref idref="fl-6"/>
      </object_component>
      <object_component id="oc-77b">
         <name>.text:PWM_Opening_Curve_Right</name>
         <load_address>0xb1e6</load_address>
         <run_address>0xb1e6</run_address>
         <size>0x16</size>
         <input_file_ref idref="fl-6"/>
      </object_component>
      <object_component id="oc-74d">
         <name>.text:PWM_REVERSE</name>
         <load_address>0xb1fc</load_address>
         <run_address>0xb1fc</run_address>
         <size>0x16</size>
         <input_file_ref idref="fl-6"/>
      </object_component>
      <object_component id="oc-76d">
         <name>.text:PWM_REVERSE_PULSE</name>
         <load_address>0xb212</load_address>
         <run_address>0xb212</run_address>
         <size>0x16</size>
         <input_file_ref idref="fl-6"/>
      </object_component>
      <object_component id="oc-72f">
         <name>.text:PWM_ROTATE_LEFT</name>
         <load_address>0xb228</load_address>
         <run_address>0xb228</run_address>
         <size>0x16</size>
         <input_file_ref idref="fl-6"/>
      </object_component>
      <object_component id="oc-724">
         <name>.text:PWM_ROTATE_RIGHT</name>
         <load_address>0xb23e</load_address>
         <run_address>0xb23e</run_address>
         <size>0x16</size>
         <input_file_ref idref="fl-6"/>
      </object_component>
      <object_component id="oc-72a">
         <name>.text</name>
         <load_address>0xb254</load_address>
         <run_address>0xb254</run_address>
         <size>0x16</size>
         <input_file_ref idref="fl-4e"/>
      </object_component>
      <object_component id="oc-827">
         <name>.text:spi_chipselect_idle</name>
         <load_address>0xb26a</load_address>
         <run_address>0xb26a</run_address>
         <size>0x16</size>
         <input_file_ref idref="fl-1a"/>
      </object_component>
      <object_component id="oc-718">
         <name>.text:Line_Follow_Exit_Circle</name>
         <load_address>0xb280</load_address>
         <run_address>0xb280</run_address>
         <size>0x14</size>
         <input_file_ref idref="fl-19"/>
      </object_component>
      <object_component id="oc-58b">
         <name>.text:Init_Timers</name>
         <load_address>0xb294</load_address>
         <run_address>0xb294</run_address>
         <size>0x12</size>
         <input_file_ref idref="fl-17"/>
      </object_component>
      <object_component id="oc-856">
         <name>.text:memcpy</name>
         <load_address>0xb2a6</load_address>
         <run_address>0xb2a6</run_address>
         <size>0x12</size>
         <input_file_ref idref="fl-61"/>
      </object_component>
      <object_component id="oc-8cb">
         <name>.text:spi_chipselect_active</name>
         <load_address>0xb2b8</load_address>
         <run_address>0xb2b8</run_address>
         <size>0x12</size>
         <input_file_ref idref="fl-1a"/>
      </object_component>
      <object_component id="oc-5be">
         <name>.text:Sample_ADC</name>
         <load_address>0xb2ca</load_address>
         <run_address>0xb2ca</run_address>
         <size>0x10</size>
         <input_file_ref idref="fl-2"/>
      </object_component>
      <object_component id="oc-599">
         <name>.text:strcpy</name>
         <load_address>0xb2da</load_address>
         <run_address>0xb2da</run_address>
         <size>0x10</size>
         <input_file_ref idref="fl-62"/>
      </object_component>
      <object_component id="oc-83f">
         <name>.text:DisplayOnOff</name>
         <load_address>0xb2ea</load_address>
         <run_address>0xb2ea</run_address>
         <size>0xe</size>
         <input_file_ref idref="fl-1a"/>
      </object_component>
      <object_component id="oc-889">
         <name>.text:lcd_4line</name>
         <load_address>0xb2f8</load_address>
         <run_address>0xb2f8</run_address>
         <size>0xe</size>
         <input_file_ref idref="fl-1a"/>
      </object_component>
      <object_component id="oc-6b1">
         <name>.text:Init_SerialComms</name>
         <load_address>0xb306</load_address>
         <run_address>0xb306</run_address>
         <size>0xa</size>
         <input_file_ref idref="fl-7"/>
      </object_component>
      <object_component id="oc-880">
         <name>.text:abs</name>
         <load_address>0xb310</load_address>
         <run_address>0xb310</run_address>
         <size>0xa</size>
         <input_file_ref idref="fl-5c"/>
      </object_component>
      <object_component id="oc-678">
         <name>.text:enable_interrupts</name>
         <load_address>0xb31a</load_address>
         <run_address>0xb31a</run_address>
         <size>0x8</size>
         <input_file_ref idref="fl-16"/>
      </object_component>
      <object_component id="oc-69b">
         <name>.text:DAC_Ready</name>
         <load_address>0xb322</load_address>
         <run_address>0xb322</run_address>
         <size>0x6</size>
         <input_file_ref idref="fl-3"/>
      </object_component>
      <object_component id="oc-5ef">
         <name>.text:abort</name>
         <load_address>0xb328</load_address>
         <run_address>0xb328</run_address>
         <size>0x6</size>
         <input_file_ref idref="fl-5e"/>
      </object_component>
      <object_component id="oc-82d">
         <name>.text:spi_reset_active</name>
         <load_address>0xb32e</load_address>
         <run_address>0xb32e</run_address>
         <size>0x6</size>
         <input_file_ref idref="fl-1a"/>
      </object_component>
      <object_component id="oc-821">
         <name>.text:spi_reset_idle</name>
         <load_address>0xb334</load_address>
         <run_address>0xb334</run_address>
         <size>0x6</size>
         <input_file_ref idref="fl-1a"/>
      </object_component>
      <object_component id="oc-515">
         <name>.text:_system_pre_init</name>
         <load_address>0xb33a</load_address>
         <run_address>0xb33a</run_address>
         <size>0x4</size>
         <input_file_ref idref="fl-5b"/>
      </object_component>
      <object_component id="oc-7b6">
         <name>.text:_system_post_cinit</name>
         <load_address>0xb33e</load_address>
         <run_address>0xb33e</run_address>
         <size>0x2</size>
         <input_file_ref idref="fl-5a"/>
      </object_component>
      <object_component id="oc-44e">
         <name>.text:_isr:eUSCI_A1_ISR</name>
         <load_address>0xb340</load_address>
         <run_address>0xb340</run_address>
         <size>0x11c</size>
         <input_file_ref idref="fl-d"/>
      </object_component>
      <object_component id="oc-448">
         <name>.text:_isr:ADC_ISR</name>
         <load_address>0xb45c</load_address>
         <run_address>0xb45c</run_address>
         <size>0xd0</size>
         <input_file_ref idref="fl-c"/>
      </object_component>
      <object_component id="oc-472">
         <name>.text:_isr:TIMER_BO_CCR1_2_0V_ISR</name>
         <load_address>0xb52c</load_address>
         <run_address>0xb52c</run_address>
         <size>0xbc</size>
         <input_file_ref idref="fl-f"/>
      </object_component>
      <object_component id="oc-45a">
         <name>.text:_isr:TIMER_B2_CCR1_2_0V_ISR</name>
         <load_address>0xb5e8</load_address>
         <run_address>0xb5e8</run_address>
         <size>0x80</size>
         <input_file_ref idref="fl-f"/>
      </object_component>
      <object_component id="oc-454">
         <name>.text:_isr:eUSCI_A0_ISR</name>
         <load_address>0xb668</load_address>
         <run_address>0xb668</run_address>
         <size>0x78</size>
         <input_file_ref idref="fl-d"/>
      </object_component>
      <object_component id="oc-466">
         <name>.text:_isr:TIMER_B1_CCR1_2_0V_ISR</name>
         <load_address>0xb6e0</load_address>
         <run_address>0xb6e0</run_address>
         <size>0x74</size>
         <input_file_ref idref="fl-f"/>
      </object_component>
      <object_component id="oc-46c">
         <name>.text:_isr:TIMER_B1_CCR0_ISR</name>
         <load_address>0xb754</load_address>
         <run_address>0xb754</run_address>
         <size>0x3a</size>
         <input_file_ref idref="fl-f"/>
      </object_component>
      <object_component id="oc-442">
         <name>.text:_isr:switchP2_interrupt</name>
         <load_address>0xb78e</load_address>
         <run_address>0xb78e</run_address>
         <size>0x36</size>
         <input_file_ref idref="fl-e"/>
      </object_component>
      <object_component id="oc-437">
         <name>.text:_isr:switchP4_interrupt</name>
         <load_address>0xb7c4</load_address>
         <run_address>0xb7c4</run_address>
         <size>0x36</size>
         <input_file_ref idref="fl-e"/>
      </object_component>
      <object_component id="oc-478">
         <name>.text:_isr:TIMER_B0_CCR0_ISR</name>
         <load_address>0xb7fa</load_address>
         <run_address>0xb7fa</run_address>
         <size>0x26</size>
         <input_file_ref idref="fl-f"/>
      </object_component>
      <object_component id="oc-4a8">
         <name>.text:_isr:_c_int00_noargs_mpu</name>
         <load_address>0xb820</load_address>
         <run_address>0xb820</run_address>
         <size>0x20</size>
         <input_file_ref idref="fl-56"/>
      </object_component>
      <object_component id="oc-460">
         <name>.text:_isr:TIMER_B2_CCR0_ISR</name>
         <load_address>0xb840</load_address>
         <run_address>0xb840</run_address>
         <size>0x10</size>
         <input_file_ref idref="fl-f"/>
      </object_component>
      <object_component id="oc-43d">
         <name>.text:_isr:__TI_ISR_TRAP</name>
         <load_address>0xb850</load_address>
         <run_address>0xb850</run_address>
         <size>0x8</size>
         <input_file_ref idref="fl-3e"/>
      </object_component>
      <object_component id="oc-879">
         <name>.common:adc_char</name>
         <uninitialized>true</uninitialized>
         <run_address>0x2194</run_address>
         <size>0x4</size>
      </object_component>
      <object_component id="oc-502">
         <name>.common:DAC_data</name>
         <uninitialized>true</uninitialized>
         <run_address>0x219e</run_address>
         <size>0x2</size>
      </object_component>
      <object_component id="oc-671">
         <name>.common:IOT_Data</name>
         <uninitialized>true</uninitialized>
         <run_address>0x2000</run_address>
         <size>0x80</size>
      </object_component>
      <object_component id="oc-6d8">
         <name>.common:ip_address</name>
         <uninitialized>true</uninitialized>
         <run_address>0x2170</run_address>
         <size>0x10</size>
      </object_component>
      <object_component id="oc-6d9">
         <name>.common:ssid</name>
         <uninitialized>true</uninitialized>
         <run_address>0x2180</run_address>
         <size>0xc</size>
      </object_component>
      <object_component id="oc-4d9">
         <name>.common:ADC_Thumb</name>
         <uninitialized>true</uninitialized>
         <run_address>0x219c</run_address>
         <size>0x2</size>
      </object_component>
      <object_component id="oc-4dd">
         <name>.common:ADC_Left_Detect</name>
         <uninitialized>true</uninitialized>
         <run_address>0x2198</run_address>
         <size>0x2</size>
      </object_component>
      <object_component id="oc-4db">
         <name>.common:ADC_Right_Detect</name>
         <uninitialized>true</uninitialized>
         <run_address>0x219a</run_address>
         <size>0x2</size>
      </object_component>
      <object_component id="oc-4d6">
         <name>.common:ADC_Channel</name>
         <uninitialized>true</uninitialized>
         <run_address>0x21a8</run_address>
         <size>0x1</size>
      </object_component>
      <object_component id="oc-4da">
         <name>.common:display_thumb</name>
         <uninitialized>true</uninitialized>
         <run_address>0x21af</run_address>
         <size>0x1</size>
      </object_component>
      <object_component id="oc-4de">
         <name>.common:display_left_detect</name>
         <uninitialized>true</uninitialized>
         <run_address>0x21ad</run_address>
         <size>0x1</size>
      </object_component>
      <object_component id="oc-4dc">
         <name>.common:display_right_detect</name>
         <uninitialized>true</uninitialized>
         <run_address>0x21ae</run_address>
         <size>0x1</size>
      </object_component>
      <object_component id="oc-4e3">
         <name>.common:IOT_2_PC</name>
         <uninitialized>true</uninitialized>
         <run_address>0x20fc</run_address>
         <size>0x20</size>
      </object_component>
      <object_component id="oc-4ec">
         <name>.common:SEND_2_IOT</name>
         <uninitialized>true</uninitialized>
         <run_address>0x211c</run_address>
         <size>0x20</size>
      </object_component>
      <object_component id="oc-4ed">
         <name>.common:temp</name>
         <uninitialized>true</uninitialized>
         <run_address>0x21a4</run_address>
         <size>0x2</size>
      </object_component>
      <object_component id="oc-4e6">
         <name>.common:temp_rx</name>
         <uninitialized>true</uninitialized>
         <run_address>0x21a6</run_address>
         <size>0x2</size>
      </object_component>
      <object_component id="oc-4ea">
         <name>.common:command_buffer</name>
         <uninitialized>true</uninitialized>
         <run_address>0x213c</run_address>
         <size>0x20</size>
      </object_component>
      <object_component id="oc-509">
         <name>.common:updateCount</name>
         <uninitialized>true</uninitialized>
         <run_address>0x21b0</run_address>
         <size>0x1</size>
      </object_component>
      <object_component id="oc-50a">
         <name>.common:update_display</name>
         <uninitialized>true</uninitialized>
         <run_address>0x21b1</run_address>
         <size>0x1</size>
      </object_component>
      <object_component id="oc-4c7">
         <name>.common:SW1_debounce</name>
         <uninitialized>true</uninitialized>
         <run_address>0x21a9</run_address>
         <size>0x1</size>
      </object_component>
      <object_component id="oc-4ce">
         <name>.common:SW2_debounce</name>
         <uninitialized>true</uninitialized>
         <run_address>0x21aa</run_address>
         <size>0x1</size>
      </object_component>
      <object_component id="oc-4c4">
         <name>.common:SW1_cnt</name>
         <uninitialized>true</uninitialized>
         <run_address>0x21a0</run_address>
         <size>0x2</size>
      </object_component>
      <object_component id="oc-4cd">
         <name>.common:SW2_cnt</name>
         <uninitialized>true</uninitialized>
         <run_address>0x21a2</run_address>
         <size>0x2</size>
      </object_component>
      <object_component id="oc-851">
         <name>.common:Command_Buffer</name>
         <uninitialized>true</uninitialized>
         <run_address>0x2080</run_address>
         <size>0x50</size>
      </object_component>
      <object_component id="oc-868">
         <name>.common:current_command</name>
         <uninitialized>true</uninitialized>
         <run_address>0x215c</run_address>
         <size>0x14</size>
      </object_component>
      <object_component id="oc-918">
         <name>.common:current_character</name>
         <uninitialized>true</uninitialized>
         <run_address>0x21ab</run_address>
         <size>0x1</size>
      </object_component>
      <object_component id="oc-59f">
         <name>.common:display_changed</name>
         <uninitialized>true</uninitialized>
         <run_address>0x21ac</run_address>
         <size>0x1</size>
      </object_component>
      <object_component id="oc-597">
         <name>.common:display_line</name>
         <uninitialized>true</uninitialized>
         <run_address>0x20d0</run_address>
         <size>0x2c</size>
      </object_component>
      <object_component id="oc-677">
         <name>.common:display</name>
         <uninitialized>true</uninitialized>
         <run_address>0x218c</run_address>
         <size>0x8</size>
      </object_component>
      <object_component id="oc-505">
         <name>.data</name>
         <load_address>0x21d5</load_address>
         <run_address>0x21d5</run_address>
         <size>0x1</size>
         <input_file_ref idref="fl-3"/>
      </object_component>
      <object_component id="oc-4ef">
         <name>.data</name>
         <load_address>0x22b5</load_address>
         <run_address>0x22b5</run_address>
         <size>0x4</size>
         <input_file_ref idref="fl-6"/>
      </object_component>
      <object_component id="oc-674">
         <name>.data</name>
         <load_address>0x2212</load_address>
         <run_address>0x2212</run_address>
         <size>0x1b</size>
         <input_file_ref idref="fl-7"/>
      </object_component>
      <object_component id="oc-801">
         <name>.data:SET_MUX_COMMAND</name>
         <load_address>0x2266</load_address>
         <run_address>0x2266</run_address>
         <size>0xe</size>
         <input_file_ref idref="fl-7"/>
      </object_component>
      <object_component id="oc-7fe">
         <name>.data:SET_PORT_COMMAND</name>
         <load_address>0x222e</load_address>
         <run_address>0x222e</run_address>
         <size>0x17</size>
         <input_file_ref idref="fl-7"/>
      </object_component>
      <object_component id="oc-7fb">
         <name>.data:REQUEST_SSID_COMMAND</name>
         <load_address>0x2282</load_address>
         <run_address>0x2282</run_address>
         <size>0xc</size>
         <input_file_ref idref="fl-7"/>
      </object_component>
      <object_component id="oc-7f2">
         <name>.data:REQUEST_IP_COMMAND</name>
         <load_address>0x228e</load_address>
         <run_address>0x228e</run_address>
         <size>0xb</size>
         <input_file_ref idref="fl-7"/>
      </object_component>
      <object_component id="oc-4f2">
         <name>.data</name>
         <load_address>0x22a4</load_address>
         <run_address>0x22a4</run_address>
         <size>0x9</size>
         <input_file_ref idref="fl-8"/>
      </object_component>
      <object_component id="oc-4fd">
         <name>.data</name>
         <load_address>0x21d6</load_address>
         <run_address>0x21d6</run_address>
         <size>0x1e</size>
         <input_file_ref idref="fl-9"/>
      </object_component>
      <object_component id="oc-4d0">
         <name>.data</name>
         <load_address>0x2246</load_address>
         <run_address>0x2246</run_address>
         <size>0x10</size>
         <input_file_ref idref="fl-c"/>
      </object_component>
      <object_component id="oc-4e0">
         <name>.data</name>
         <load_address>0x2256</load_address>
         <run_address>0x2256</run_address>
         <size>0x10</size>
         <input_file_ref idref="fl-d"/>
      </object_component>
      <object_component id="oc-4d3">
         <name>.data</name>
         <load_address>0x21f4</load_address>
         <run_address>0x21f4</run_address>
         <size>0x1e</size>
         <input_file_ref idref="fl-f"/>
      </object_component>
      <object_component id="oc-6ae">
         <name>.data</name>
         <load_address>0x22ae</load_address>
         <run_address>0x22ae</run_address>
         <size>0x7</size>
         <input_file_ref idref="fl-12"/>
      </object_component>
      <object_component id="oc-4e7">
         <name>.data</name>
         <load_address>0x2274</load_address>
         <run_address>0x2274</run_address>
         <size>0xd</size>
         <input_file_ref idref="fl-14"/>
      </object_component>
      <object_component id="oc-4c8">
         <name>.data</name>
         <load_address>0x229a</load_address>
         <run_address>0x229a</run_address>
         <size>0xa</size>
         <input_file_ref idref="fl-15"/>
      </object_component>
      <object_component id="oc-4f7">
         <name>.data</name>
         <load_address>0x21b2</load_address>
         <run_address>0x21b2</run_address>
         <size>0x23</size>
         <input_file_ref idref="fl-19"/>
      </object_component>
      <object_component id="oc-41c">
         <name>.stack</name>
         <uninitialized>true</uninitialized>
         <run_address>0x2f60</run_address>
         <size>0x2</size>
         <input_file_ref idref="fl-56"/>
      </object_component>
      <object_component id="oc-985">
         <name>.stack</name>
         <uninitialized>true</uninitialized>
         <run_address>0x2f60</run_address>
         <size>0x0</size>
      </object_component>
      <object_component id="oc-72">
         <name>.int22</name>
         <load_address>0xffce</load_address>
         <run_address>0xffce</run_address>
         <size>0x2</size>
         <input_file_ref idref="fl-e"/>
      </object_component>
      <object_component id="oc-73">
         <name>.int23</name>
         <load_address>0xffd0</load_address>
         <run_address>0xffd0</run_address>
         <size>0x2</size>
         <input_file_ref idref="fl-3d"/>
      </object_component>
      <object_component id="oc-74">
         <name>.int24</name>
         <load_address>0xffd2</load_address>
         <run_address>0xffd2</run_address>
         <size>0x2</size>
         <input_file_ref idref="fl-e"/>
      </object_component>
      <object_component id="oc-75">
         <name>.int25</name>
         <load_address>0xffd4</load_address>
         <run_address>0xffd4</run_address>
         <size>0x2</size>
         <input_file_ref idref="fl-3f"/>
      </object_component>
      <object_component id="oc-76">
         <name>.int26</name>
         <load_address>0xffd6</load_address>
         <run_address>0xffd6</run_address>
         <size>0x2</size>
         <input_file_ref idref="fl-40"/>
      </object_component>
      <object_component id="oc-77">
         <name>.int27</name>
         <load_address>0xffd8</load_address>
         <run_address>0xffd8</run_address>
         <size>0x2</size>
         <input_file_ref idref="fl-41"/>
      </object_component>
      <object_component id="oc-78">
         <name>.int28</name>
         <load_address>0xffda</load_address>
         <run_address>0xffda</run_address>
         <size>0x2</size>
         <input_file_ref idref="fl-42"/>
      </object_component>
      <object_component id="oc-79">
         <name>.int29</name>
         <load_address>0xffdc</load_address>
         <run_address>0xffdc</run_address>
         <size>0x2</size>
         <input_file_ref idref="fl-c"/>
      </object_component>
      <object_component id="oc-7a">
         <name>.int30</name>
         <load_address>0xffde</load_address>
         <run_address>0xffde</run_address>
         <size>0x2</size>
         <input_file_ref idref="fl-43"/>
      </object_component>
      <object_component id="oc-7b">
         <name>.int31</name>
         <load_address>0xffe0</load_address>
         <run_address>0xffe0</run_address>
         <size>0x2</size>
         <input_file_ref idref="fl-44"/>
      </object_component>
      <object_component id="oc-7c">
         <name>.int32</name>
         <load_address>0xffe2</load_address>
         <run_address>0xffe2</run_address>
         <size>0x2</size>
         <input_file_ref idref="fl-d"/>
      </object_component>
      <object_component id="oc-7d">
         <name>.int33</name>
         <load_address>0xffe4</load_address>
         <run_address>0xffe4</run_address>
         <size>0x2</size>
         <input_file_ref idref="fl-d"/>
      </object_component>
      <object_component id="oc-7e">
         <name>.int34</name>
         <load_address>0xffe6</load_address>
         <run_address>0xffe6</run_address>
         <size>0x2</size>
         <input_file_ref idref="fl-45"/>
      </object_component>
      <object_component id="oc-7f">
         <name>.int35</name>
         <load_address>0xffe8</load_address>
         <run_address>0xffe8</run_address>
         <size>0x2</size>
         <input_file_ref idref="fl-46"/>
      </object_component>
      <object_component id="oc-80">
         <name>.int36</name>
         <load_address>0xffea</load_address>
         <run_address>0xffea</run_address>
         <size>0x2</size>
         <input_file_ref idref="fl-47"/>
      </object_component>
      <object_component id="oc-81">
         <name>.int37</name>
         <load_address>0xffec</load_address>
         <run_address>0xffec</run_address>
         <size>0x2</size>
         <input_file_ref idref="fl-48"/>
      </object_component>
      <object_component id="oc-82">
         <name>.int38</name>
         <load_address>0xffee</load_address>
         <run_address>0xffee</run_address>
         <size>0x2</size>
         <input_file_ref idref="fl-f"/>
      </object_component>
      <object_component id="oc-83">
         <name>.int39</name>
         <load_address>0xfff0</load_address>
         <run_address>0xfff0</run_address>
         <size>0x2</size>
         <input_file_ref idref="fl-f"/>
      </object_component>
      <object_component id="oc-84">
         <name>.int40</name>
         <load_address>0xfff2</load_address>
         <run_address>0xfff2</run_address>
         <size>0x2</size>
         <input_file_ref idref="fl-f"/>
      </object_component>
      <object_component id="oc-85">
         <name>.int41</name>
         <load_address>0xfff4</load_address>
         <run_address>0xfff4</run_address>
         <size>0x2</size>
         <input_file_ref idref="fl-f"/>
      </object_component>
      <object_component id="oc-86">
         <name>.int42</name>
         <load_address>0xfff6</load_address>
         <run_address>0xfff6</run_address>
         <size>0x2</size>
         <input_file_ref idref="fl-f"/>
      </object_component>
      <object_component id="oc-87">
         <name>.int43</name>
         <load_address>0xfff8</load_address>
         <run_address>0xfff8</run_address>
         <size>0x2</size>
         <input_file_ref idref="fl-f"/>
      </object_component>
      <object_component id="oc-88">
         <name>.int44</name>
         <load_address>0xfffa</load_address>
         <run_address>0xfffa</run_address>
         <size>0x2</size>
         <input_file_ref idref="fl-49"/>
      </object_component>
      <object_component id="oc-89">
         <name>.int45</name>
         <load_address>0xfffc</load_address>
         <run_address>0xfffc</run_address>
         <size>0x2</size>
         <input_file_ref idref="fl-4a"/>
      </object_component>
      <object_component id="oc-41f">
         <name>.reset</name>
         <load_address>0xfffe</load_address>
         <run_address>0xfffe</run_address>
         <size>0x2</size>
         <input_file_ref idref="fl-56"/>
      </object_component>
      <object_component id="oc-87a">
         <name>.debug_info</name>
         <load_address>0x0</load_address>
         <run_address>0x0</run_address>
         <size>0x392</size>
         <input_file_ref idref="fl-2"/>
      </object_component>
      <object_component id="oc-761">
         <name>.debug_info</name>
         <load_address>0x392</load_address>
         <run_address>0x392</run_address>
         <size>0x1ca</size>
         <input_file_ref idref="fl-2"/>
      </object_component>
      <object_component id="oc-5c1">
         <name>.debug_info</name>
         <load_address>0x55c</load_address>
         <run_address>0x55c</run_address>
         <size>0x142</size>
         <input_file_ref idref="fl-2"/>
      </object_component>
      <object_component id="oc-593">
         <name>.debug_info</name>
         <load_address>0x69e</load_address>
         <run_address>0x69e</run_address>
         <size>0x13e</size>
         <input_file_ref idref="fl-2"/>
      </object_component>
      <object_component id="oc-75c">
         <name>.debug_info</name>
         <load_address>0x7dc</load_address>
         <run_address>0x7dc</run_address>
         <size>0x192</size>
         <input_file_ref idref="fl-2"/>
      </object_component>
      <object_component id="oc-754">
         <name>.debug_info</name>
         <load_address>0x96e</load_address>
         <run_address>0x96e</run_address>
         <size>0x72</size>
         <input_file_ref idref="fl-2"/>
      </object_component>
      <object_component id="oc-426">
         <name>.debug_info</name>
         <load_address>0x9e0</load_address>
         <run_address>0x9e0</run_address>
         <size>0x84</size>
         <input_file_ref idref="fl-2"/>
      </object_component>
      <object_component id="oc-503">
         <name>.debug_info</name>
         <load_address>0xa64</load_address>
         <run_address>0xa64</run_address>
         <size>0x27b</size>
         <input_file_ref idref="fl-3"/>
      </object_component>
      <object_component id="oc-506">
         <name>.debug_info</name>
         <load_address>0xcdf</load_address>
         <run_address>0xcdf</run_address>
         <size>0x124</size>
         <input_file_ref idref="fl-3"/>
      </object_component>
      <object_component id="oc-6a3">
         <name>.debug_info</name>
         <load_address>0xe03</load_address>
         <run_address>0xe03</run_address>
         <size>0x13e</size>
         <input_file_ref idref="fl-3"/>
      </object_component>
      <object_component id="oc-5c5">
         <name>.debug_info</name>
         <load_address>0xf41</load_address>
         <run_address>0xf41</run_address>
         <size>0x18e</size>
         <input_file_ref idref="fl-3"/>
      </object_component>
      <object_component id="oc-69c">
         <name>.debug_info</name>
         <load_address>0x10cf</load_address>
         <run_address>0x10cf</run_address>
         <size>0x144</size>
         <input_file_ref idref="fl-3"/>
      </object_component>
      <object_component id="oc-633">
         <name>.debug_info</name>
         <load_address>0x1213</load_address>
         <run_address>0x1213</run_address>
         <size>0x2e3</size>
         <input_file_ref idref="fl-4"/>
      </object_component>
      <object_component id="oc-8fd">
         <name>.debug_info</name>
         <load_address>0x14f6</load_address>
         <run_address>0x14f6</run_address>
         <size>0x2c</size>
         <input_file_ref idref="fl-4"/>
      </object_component>
      <object_component id="oc-53e">
         <name>.debug_info</name>
         <load_address>0x1522</load_address>
         <run_address>0x1522</run_address>
         <size>0x35</size>
         <input_file_ref idref="fl-4"/>
      </object_component>
      <object_component id="oc-79e">
         <name>.debug_info</name>
         <load_address>0x1557</load_address>
         <run_address>0x1557</run_address>
         <size>0x18c</size>
         <input_file_ref idref="fl-5"/>
      </object_component>
      <object_component id="oc-790">
         <name>.debug_info</name>
         <load_address>0x16e3</load_address>
         <run_address>0x16e3</run_address>
         <size>0x184</size>
         <input_file_ref idref="fl-5"/>
      </object_component>
      <object_component id="oc-6d1">
         <name>.debug_info</name>
         <load_address>0x1867</load_address>
         <run_address>0x1867</run_address>
         <size>0x15a</size>
         <input_file_ref idref="fl-5"/>
      </object_component>
      <object_component id="oc-5a7">
         <name>.debug_info</name>
         <load_address>0x19c1</load_address>
         <run_address>0x19c1</run_address>
         <size>0x184</size>
         <input_file_ref idref="fl-5"/>
      </object_component>
      <object_component id="oc-56c">
         <name>.debug_info</name>
         <load_address>0x1b45</load_address>
         <run_address>0x1b45</run_address>
         <size>0x87</size>
         <input_file_ref idref="fl-5"/>
      </object_component>
      <object_component id="oc-557">
         <name>.debug_info</name>
         <load_address>0x1bcc</load_address>
         <run_address>0x1bcc</run_address>
         <size>0x285</size>
         <input_file_ref idref="fl-6"/>
      </object_component>
      <object_component id="oc-4f0">
         <name>.debug_info</name>
         <load_address>0x1e51</load_address>
         <run_address>0x1e51</run_address>
         <size>0x1af</size>
         <input_file_ref idref="fl-6"/>
      </object_component>
      <object_component id="oc-5e9">
         <name>.debug_info</name>
         <load_address>0x2000</load_address>
         <run_address>0x2000</run_address>
         <size>0x14e</size>
         <input_file_ref idref="fl-6"/>
      </object_component>
      <object_component id="oc-725">
         <name>.debug_info</name>
         <load_address>0x214e</load_address>
         <run_address>0x214e</run_address>
         <size>0x14f</size>
         <input_file_ref idref="fl-6"/>
      </object_component>
      <object_component id="oc-730">
         <name>.debug_info</name>
         <load_address>0x229d</load_address>
         <run_address>0x229d</run_address>
         <size>0x14f</size>
         <input_file_ref idref="fl-6"/>
      </object_component>
      <object_component id="oc-76e">
         <name>.debug_info</name>
         <load_address>0x23ec</load_address>
         <run_address>0x23ec</run_address>
         <size>0x150</size>
         <input_file_ref idref="fl-6"/>
      </object_component>
      <object_component id="oc-74e">
         <name>.debug_info</name>
         <load_address>0x253c</load_address>
         <run_address>0x253c</run_address>
         <size>0x144</size>
         <input_file_ref idref="fl-6"/>
      </object_component>
      <object_component id="oc-77c">
         <name>.debug_info</name>
         <load_address>0x2680</load_address>
         <run_address>0x2680</run_address>
         <size>0x15c</size>
         <input_file_ref idref="fl-6"/>
      </object_component>
      <object_component id="oc-782">
         <name>.debug_info</name>
         <load_address>0x27dc</load_address>
         <run_address>0x27dc</run_address>
         <size>0x15a</size>
         <input_file_ref idref="fl-6"/>
      </object_component>
      <object_component id="oc-73c">
         <name>.debug_info</name>
         <load_address>0x2936</load_address>
         <run_address>0x2936</run_address>
         <size>0x144</size>
         <input_file_ref idref="fl-6"/>
      </object_component>
      <object_component id="oc-776">
         <name>.debug_info</name>
         <load_address>0x2a7a</load_address>
         <run_address>0x2a7a</run_address>
         <size>0x154</size>
         <input_file_ref idref="fl-6"/>
      </object_component>
      <object_component id="oc-5b9">
         <name>.debug_info</name>
         <load_address>0x2bce</load_address>
         <run_address>0x2bce</run_address>
         <size>0x13e</size>
         <input_file_ref idref="fl-6"/>
      </object_component>
      <object_component id="oc-672">
         <name>.debug_info</name>
         <load_address>0x2d0c</load_address>
         <run_address>0x2d0c</run_address>
         <size>0x704</size>
         <input_file_ref idref="fl-7"/>
      </object_component>
      <object_component id="oc-675">
         <name>.debug_info</name>
         <load_address>0x3410</load_address>
         <run_address>0x3410</run_address>
         <size>0x48c</size>
         <input_file_ref idref="fl-7"/>
      </object_component>
      <object_component id="oc-6e1">
         <name>.debug_info</name>
         <load_address>0x389c</load_address>
         <run_address>0x389c</run_address>
         <size>0x11d</size>
         <input_file_ref idref="fl-7"/>
      </object_component>
      <object_component id="oc-802">
         <name>.debug_info</name>
         <load_address>0x39b9</load_address>
         <run_address>0x39b9</run_address>
         <size>0x125</size>
         <input_file_ref idref="fl-7"/>
      </object_component>
      <object_component id="oc-7ff">
         <name>.debug_info</name>
         <load_address>0x3ade</load_address>
         <run_address>0x3ade</run_address>
         <size>0x127</size>
         <input_file_ref idref="fl-7"/>
      </object_component>
      <object_component id="oc-7fc">
         <name>.debug_info</name>
         <load_address>0x3c05</load_address>
         <run_address>0x3c05</run_address>
         <size>0x12f</size>
         <input_file_ref idref="fl-7"/>
      </object_component>
      <object_component id="oc-7f3">
         <name>.debug_info</name>
         <load_address>0x3d34</load_address>
         <run_address>0x3d34</run_address>
         <size>0x12b</size>
         <input_file_ref idref="fl-7"/>
      </object_component>
      <object_component id="oc-854">
         <name>.debug_info</name>
         <load_address>0x3e5f</load_address>
         <run_address>0x3e5f</run_address>
         <size>0x115</size>
         <input_file_ref idref="fl-7"/>
      </object_component>
      <object_component id="oc-85d">
         <name>.debug_info</name>
         <load_address>0x3f74</load_address>
         <run_address>0x3f74</run_address>
         <size>0x115</size>
         <input_file_ref idref="fl-7"/>
      </object_component>
      <object_component id="oc-860">
         <name>.debug_info</name>
         <load_address>0x4089</load_address>
         <run_address>0x4089</run_address>
         <size>0x115</size>
         <input_file_ref idref="fl-7"/>
      </object_component>
      <object_component id="oc-708">
         <name>.debug_info</name>
         <load_address>0x419e</load_address>
         <run_address>0x419e</run_address>
         <size>0x18b</size>
         <input_file_ref idref="fl-7"/>
      </object_component>
      <object_component id="oc-7f6">
         <name>.debug_info</name>
         <load_address>0x4329</load_address>
         <run_address>0x4329</run_address>
         <size>0x18b</size>
         <input_file_ref idref="fl-7"/>
      </object_component>
      <object_component id="oc-813">
         <name>.debug_info</name>
         <load_address>0x44b4</load_address>
         <run_address>0x44b4</run_address>
         <size>0x154</size>
         <input_file_ref idref="fl-7"/>
      </object_component>
      <object_component id="oc-80e">
         <name>.debug_info</name>
         <load_address>0x4608</load_address>
         <run_address>0x4608</run_address>
         <size>0x154</size>
         <input_file_ref idref="fl-7"/>
      </object_component>
      <object_component id="oc-6b2">
         <name>.debug_info</name>
         <load_address>0x475c</load_address>
         <run_address>0x475c</run_address>
         <size>0x182</size>
         <input_file_ref idref="fl-7"/>
      </object_component>
      <object_component id="oc-5ad">
         <name>.debug_info</name>
         <load_address>0x48de</load_address>
         <run_address>0x48de</run_address>
         <size>0x1c4</size>
         <input_file_ref idref="fl-7"/>
      </object_component>
      <object_component id="oc-6ea">
         <name>.debug_info</name>
         <load_address>0x4aa2</load_address>
         <run_address>0x4aa2</run_address>
         <size>0x33e</size>
         <input_file_ref idref="fl-7"/>
      </object_component>
      <object_component id="oc-5b3">
         <name>.debug_info</name>
         <load_address>0x4de0</load_address>
         <run_address>0x4de0</run_address>
         <size>0x1c9</size>
         <input_file_ref idref="fl-7"/>
      </object_component>
      <object_component id="oc-6b8">
         <name>.debug_info</name>
         <load_address>0x4fa9</load_address>
         <run_address>0x4fa9</run_address>
         <size>0x15e</size>
         <input_file_ref idref="fl-7"/>
      </object_component>
      <object_component id="oc-55b">
         <name>.debug_info</name>
         <load_address>0x5107</load_address>
         <run_address>0x5107</run_address>
         <size>0x99</size>
         <input_file_ref idref="fl-7"/>
      </object_component>
      <object_component id="oc-55a">
         <name>.debug_info</name>
[...]
      </symbol>
      <symbol id="sm-7dc">
         <name>menu_index</name>
         <value>0x22ae</value>
         <object_component_ref idref="oc-6ae"/>
      </symbol>
      <symbol id="sm-7dd">
         <name>display_menu</name>
         <value>0x22b0</value>
         <object_component_ref idref="oc-6ae"/>
      </symbol>
      <symbol id="sm-812">
         <name>Init_Port6</name>
         <value>0xa57a</value>
         <object_component_ref idref="oc-663"/>
      </symbol>
      <symbol id="sm-813">
         <name>Init_Port4</name>
         <value>0xa3f8</value>
         <object_component_ref idref="oc-657"/>
      </symbol>
      <symbol id="sm-814">
         <name>Init_Port5</name>
         <value>0xaeec</value>
         <object_component_ref idref="oc-65d"/>
      </symbol>
      <symbol id="sm-815">
         <name>Init_Port2</name>
         <value>0xa196</value>
         <object_component_ref idref="oc-64b"/>
      </symbol>
      <symbol id="sm-816">
         <name>Init_Port3</name>
         <value>0x9d06</value>
         <object_component_ref idref="oc-651"/>
      </symbol>
      <symbol id="sm-817">
         <name>Init_Port1</name>
         <value>0xaafe</value>
         <object_component_ref idref="oc-645"/>
      </symbol>
      <symbol id="sm-818">
         <name>Init_Ports</name>
         <value>0xb0a8</value>
         <object_component_ref idref="oc-579"/>
      </symbol>
      <symbol id="sm-896">
         <name>Command_Buffer</name>
         <value>0x2080</value>
      </symbol>
      <symbol id="sm-897">
         <name>current_command</name>
         <value>0x215c</value>
      </symbol>
      <symbol id="sm-898">
         <name>cmd_queue_write</name>
         <value>0x2276</value>
         <object_component_ref idref="oc-4e7"/>
      </symbol>
      <symbol id="sm-899">
         <name>Display_CurrentCommand</name>
         <value>0xaf1e</value>
         <object_component_ref idref="oc-6ff"/>
      </symbol>
      <symbol id="sm-89a">
         <name>cmd_queue_read</name>
         <value>0x2277</value>
         <object_component_ref idref="oc-4e7"/>
      </symbol>
      <symbol id="sm-89b">
         <name>cmd_queue_count</name>
         <value>0x2278</value>
         <object_component_ref idref="oc-4e7"/>
      </symbol>
      <symbol id="sm-89c">
         <name>command_index</name>
         <value>0x2274</value>
         <object_component_ref idref="oc-4e7"/>
      </symbol>
      <symbol id="sm-89d">
         <name>Parse_Command</name>
         <value>0x9c1c</value>
         <object_component_ref idref="oc-6f9"/>
      </symbol>
      <symbol id="sm-89e">
         <name>command_active</name>
         <value>0x227c</value>
         <object_component_ref idref="oc-4e7"/>
      </symbol>
      <symbol id="sm-89f">
         <name>Get_Command</name>
         <value>0xa5f6</value>
         <object_component_ref idref="oc-6f3"/>
      </symbol>
      <symbol id="sm-8a0">
         <name>Process_Queue</name>
         <value>0x8fcc</value>
         <object_component_ref idref="oc-5ca"/>
      </symbol>
      <symbol id="sm-8a1">
         <name>command_enabled</name>
         <value>0x227f</value>
         <object_component_ref idref="oc-4e7"/>
      </symbol>
      <symbol id="sm-8a2">
         <name>command_complete</name>
         <value>0x227d</value>
         <object_component_ref idref="oc-4e7"/>
      </symbol>
      <symbol id="sm-8a3">
         <name>command_ready</name>
         <value>0x2275</value>
         <object_component_ref idref="oc-4e7"/>
      </symbol>
      <symbol id="sm-8a4">
         <name>Queue_AddCommand</name>
         <value>0x9dd8</value>
         <object_component_ref idref="oc-6e3"/>
      </symbol>
      <symbol id="sm-8a5">
         <name>command_timer</name>
         <value>0x227a</value>
         <object_component_ref idref="oc-4e7"/>
      </symbol>
      <symbol id="sm-8a6">
         <name>wifi_pad_value</name>
         <value>0x2280</value>
         <object_component_ref idref="oc-4e7"/>
      </symbol>
      <symbol id="sm-8a7">
         <name>command_waiting</name>
         <value>0x227e</value>
         <object_component_ref idref="oc-4e7"/>
      </symbol>
      <symbol id="sm-8b2">
         <name>SW1_pressed</name>
         <value>0x229a</value>
         <object_component_ref idref="oc-4c8"/>
      </symbol>
      <symbol id="sm-8b3">
         <name>SW2_pressed</name>
         <value>0x229c</value>
         <object_component_ref idref="oc-4c8"/>
      </symbol>
      <symbol id="sm-8b4">
         <name>display_ADC_values</name>
         <value>0x22a1</value>
         <object_component_ref idref="oc-4c8"/>
      </symbol>
      <symbol id="sm-8b5">
         <name>drive_enabled</name>
         <value>0x22a0</value>
         <object_component_ref idref="oc-4c8"/>
      </symbol>
      <symbol id="sm-8b6">
         <name>pending_send</name>
         <value>0x22a2</value>
         <object_component_ref idref="oc-4c8"/>
      </symbol>
      <symbol id="sm-8b7">
         <name>goto_Start</name>
         <value>0x229e</value>
         <object_component_ref idref="oc-4c8"/>
      </symbol>
      <symbol id="sm-8c0">
         <name>enable_interrupts</name>
         <value>0xb31a</value>
         <object_component_ref idref="oc-678"/>
      </symbol>
      <symbol id="sm-8de">
         <name>Init_Timers</name>
         <value>0xb294</value>
         <object_component_ref idref="oc-58b"/>
      </symbol>
      <symbol id="sm-8df">
         <name>Init_Timer_B2</name>
         <value>0xa9a8</value>
         <object_component_ref idref="oc-68b"/>
      </symbol>
      <symbol id="sm-8e0">
         <name>Init_Timer_B1</name>
         <value>0xa94a</value>
         <object_component_ref idref="oc-685"/>
      </symbol>
      <symbol id="sm-8e1">
         <name>Init_Timer_B0</name>
         <value>0xa8ec</value>
         <object_component_ref idref="oc-67f"/>
      </symbol>
      <symbol id="sm-8ea">
         <name>Init_Timer_B3</name>
         <value>0xaab2</value>
         <object_component_ref idref="oc-691"/>
      </symbol>
      <symbol id="sm-994">
         <name>in_potential_circle</name>
         <value>0x21ca</value>
         <object_component_ref idref="oc-4f7"/>
      </symbol>
      <symbol id="sm-995">
         <name>setup_timer</name>
         <value>0x21ce</value>
         <object_component_ref idref="oc-4f7"/>
      </symbol>
      <symbol id="sm-996">
         <name>Line_Follow_Exit_Circle</name>
         <value>0xb280</value>
         <object_component_ref idref="oc-718"/>
      </symbol>
      <symbol id="sm-997">
         <name>right_first</name>
         <value>0x21c5</value>
         <object_component_ref idref="oc-4f7"/>
      </symbol>
      <symbol id="sm-998">
         <name>Line_Follow_Start_LEFT_TURN</name>
         <value>0xa47e</value>
         <object_component_ref idref="oc-735"/>
      </symbol>
      <symbol id="sm-999">
         <name>Line_Follow_Start_Autonomous</name>
         <value>0xa36e</value>
         <object_component_ref idref="oc-71e"/>
      </symbol>
      <symbol id="sm-99a">
         <name>process_setup</name>
         <value>0x21d0</value>
         <object_component_ref idref="oc-4f7"/>
      </symbol>
      <symbol id="sm-99b">
         <name>left_error</name>
         <value>0x21c0</value>
         <object_component_ref idref="oc-4f7"/>
      </symbol>
      <symbol id="sm-99c">
         <name>right_error</name>
         <value>0x21c2</value>
         <object_component_ref idref="oc-4f7"/>
      </symbol>
      <symbol id="sm-99d">
         <name>circle_detect_timer</name>
         <value>0x21c8</value>
         <object_component_ref idref="oc-4f7"/>
      </symbol>
      <symbol id="sm-99e">
         <name>circle_found</name>
         <value>0x21c7</value>
         <object_component_ref idref="oc-4f7"/>
      </symbol>
      <symbol id="sm-99f">
         <name>circle_lap_count</name>
         <value>0x21ba</value>
         <object_component_ref idref="oc-4f7"/>
      </symbol>
      <symbol id="sm-9a0">
         <name>setup_state</name>
         <value>0x21b4</value>
         <object_component_ref idref="oc-4f7"/>
      </symbol>
      <symbol id="sm-9a1">
         <name>left_first</name>
         <value>0x21c4</value>
         <object_component_ref idref="oc-4f7"/>
      </symbol>
      <symbol id="sm-9a2">
         <name>Line_Follow_Setup_LEFT</name>
         <value>0xadd8</value>
         <object_component_ref idref="oc-712"/>
      </symbol>
      <symbol id="sm-9a3">
         <name>drive_timer</name>
         <value>0x21b6</value>
         <object_component_ref idref="oc-4f7"/>
      </symbol>
      <symbol id="sm-9a4">
         <name>Line_Follow_Setup_Process</name>
         <value>0xa0e0</value>
         <object_component_ref idref="oc-5dc"/>
      </symbol>
      <symbol id="sm-9a5">
         <name>Line_Follow_Setup_RIGHT</name>
         <value>0xae12</value>
         <object_component_ref idref="oc-70c"/>
      </symbol>
      <symbol id="sm-9a6">
         <name>drive_state</name>
         <value>0x21b2</value>
         <object_component_ref idref="oc-4f7"/>
      </symbol>
      <symbol id="sm-9a7">
         <name>Line_Follow_Start_RIGHT_TURN</name>
         <value>0xa4fc</value>
         <object_component_ref idref="oc-741"/>
      </symbol>
      <symbol id="sm-9a8">
         <name>Line_Follow_PD_V1</name>
         <value>0x98ee</value>
         <object_component_ref idref="oc-773"/>
      </symbol>
      <symbol id="sm-9a9">
         <name>update_state_timer</name>
         <value>0x21bf</value>
         <object_component_ref idref="oc-4f7"/>
      </symbol>
      <symbol id="sm-9aa">
         <name>pad_exit_direction</name>
         <value>0x21cc</value>
         <object_component_ref idref="oc-4f7"/>
      </symbol>
      <symbol id="sm-9ab">
         <name>next_drive_state</name>
         <value>0x21bc</value>
         <object_component_ref idref="oc-4f7"/>
      </symbol>
      <symbol id="sm-9ac">
         <name>Line_Follow_Process</name>
         <value>0x8588</value>
         <object_component_ref idref="oc-5d6"/>
      </symbol>
      <symbol id="sm-9ad">
         <name>process_line_follow</name>
         <value>0x21be</value>
         <object_component_ref idref="oc-4f7"/>
      </symbol>
      <symbol id="sm-9ae">
         <name>first_turn</name>
         <value>0x21c6</value>
         <object_component_ref idref="oc-4f7"/>
      </symbol>
      <symbol id="sm-9af">
         <name>drive_pause_complete</name>
         <value>0x21b8</value>
         <object_component_ref idref="oc-4f7"/>
      </symbol>
      <symbol id="sm-9b0">
         <name>setup_direction</name>
         <value>0x21d1</value>
         <object_component_ref idref="oc-4f7"/>
      </symbol>
      <symbol id="sm-a46">
         <name>current_character</name>
         <value>0x21ab</value>
      </symbol>
      <symbol id="sm-a47">
         <name>display_changed</name>
         <value>0x21ac</value>
      </symbol>
      <symbol id="sm-a48">
         <name>display_line</name>
         <value>0x20d0</value>
      </symbol>
      <symbol id="sm-a49">
         <name>display</name>
         <value>0x218c</value>
      </symbol>
      <symbol id="sm-a4a">
         <name>ClrDisplay_Buffer_2</name>
         <value>0xb146</value>
         <object_component_ref idref="oc-8e4"/>
      </symbol>
      <symbol id="sm-a4b">
         <name>ClrDisplay_Buffer_3</name>
         <value>0xb15e</value>
         <object_component_ref idref="oc-8ea"/>
      </symbol>
      <symbol id="sm-a4c">
         <name>ClrDisplay_Buffer_0</name>
         <value>0xb116</value>
         <object_component_ref idref="oc-8d8"/>
      </symbol>
      <symbol id="sm-a4d">
         <name>ClrDisplay_Buffer_1</name>
         <value>0xb12e</value>
         <object_component_ref idref="oc-8de"/>
      </symbol>
      <symbol id="sm-a4e">
         <name>spi_chipselect_idle</name>
         <value>0xb26a</value>
         <object_component_ref idref="oc-827"/>
      </symbol>
      <symbol id="sm-a4f">
         <name>WriteIns</name>
         <value>0xaff6</value>
         <object_component_ref idref="oc-833"/>
      </symbol>
      <symbol id="sm-a50">
         <name>spi_reset_active</name>
         <value>0xb32e</value>
         <object_component_ref idref="oc-82d"/>
      </symbol>
      <symbol id="sm-a51">
         <name>WriteData</name>
         <value>0xafce</value>
         <object_component_ref idref="oc-8f2"/>
      </symbol>
      <symbol id="sm-a52">
         <name>lcd_4line</name>
         <value>0xb2f8</value>
         <object_component_ref idref="oc-889"/>
      </symbol>
      <symbol id="sm-a53">
         <name>DisplayOnOff</name>
         <value>0xb2ea</value>
         <object_component_ref idref="oc-83f"/>
      </symbol>
      <symbol id="sm-a54">
         <name>spi_chipselect_active</name>
         <value>0xb2b8</value>
         <object_component_ref idref="oc-8cb"/>
      </symbol>
      <symbol id="sm-a55">
         <name>lcd_out</name>
         <value>0xb0e0</value>
         <object_component_ref idref="oc-846"/>
      </symbol>
      <symbol id="sm-a56">
         <name>Display_Update</name>
         <value>0xac1e</value>
         <object_component_ref idref="oc-6ca"/>
      </symbol>
      <symbol id="sm-a57">
         <name>Init_LCD</name>
         <value>0x9e9e</value>
         <object_component_ref idref="oc-6c3"/>
      </symbol>
      <symbol id="sm-a58">
         <name>SPI_B1_write</name>
         <value>0xb0c4</value>
         <object_component_ref idref="oc-8d1"/>
      </symbol>
      <symbol id="sm-a59">
         <name>Init_SPI_B1</name>
         <value>0xac62</value>
         <object_component_ref idref="oc-81b"/>
      </symbol>
      <symbol id="sm-a5a">
         <name>spi_reset_idle</name>
         <value>0xb334</value>
         <object_component_ref idref="oc-821"/>
      </symbol>
      <symbol id="sm-a5b">
         <name>ClrDisplay</name>
         <value>0xb1a4</value>
         <object_component_ref idref="oc-839"/>
      </symbol>
      <symbol id="sm-a7c">
         <name>__TI_decompress_lzss</name>
         <value>0x9b2e</value>
         <object_component_ref idref="oc-66"/>
      </symbol>
      <symbol id="sm-a8d">
         <name>__TI_decompress_none</name>
         <value>0xad9c</value>
         <object_component_ref idref="oc-6c"/>
      </symbol>
      <symbol id="sm-a90">
         <name>__TI_int23</name>
         <value>0xffd0</value>
         <object_component_ref idref="oc-73"/>
      </symbol>
      <symbol id="sm-a98">
         <name>__TI_ISR_TRAP</name>
         <value>0xb850</value>
         <object_component_ref idref="oc-43d"/>
      </symbol>
      <symbol id="sm-a9b">
         <name>__TI_int25</name>
         <value>0xffd4</value>
         <object_component_ref idref="oc-75"/>
      </symbol>
      <symbol id="sm-a9e">
         <name>__TI_int26</name>
         <value>0xffd6</value>
         <object_component_ref idref="oc-76"/>
      </symbol>
      <symbol id="sm-aa1">
         <name>__TI_int27</name>
         <value>0xffd8</value>
         <object_component_ref idref="oc-77"/>
      </symbol>
      <symbol id="sm-aa4">
         <name>__TI_int28</name>
         <value>0xffda</value>
         <object_component_ref idref="oc-78"/>
      </symbol>
      <symbol id="sm-aa7">
         <name>__TI_int30</name>
         <value>0xffde</value>
         <object_component_ref idref="oc-7a"/>
      </symbol>
      <symbol id="sm-aaa">
         <name>__TI_int31</name>
         <value>0xffe0</value>
         <object_component_ref idref="oc-7b"/>
      </symbol>
      <symbol id="sm-aad">
         <name>__TI_int34</name>
         <value>0xffe6</value>
         <object_component_ref idref="oc-7e"/>
      </symbol>
      <symbol id="sm-ab0">
         <name>__TI_int35</name>
         <value>0xffe8</value>
         <object_component_ref idref="oc-7f"/>
      </symbol>
      <symbol id="sm-ab3">
         <name>__TI_int36</name>
         <value>0xffea</value>
         <object_component_ref idref="oc-80"/>
      </symbol>
      <symbol id="sm-ab6">
         <name>__TI_int37</name>
         <value>0xffec</value>
         <object_component_ref idref="oc-81"/>
      </symbol>
      <symbol id="sm-ab9">
         <name>__TI_int44</name>
         <value>0xfffa</value>
         <object_component_ref idref="oc-88"/>
      </symbol>
      <symbol id="sm-abc">
         <name>__TI_int45</name>
         <value>0xfffc</value>
         <object_component_ref idref="oc-89"/>
      </symbol>
      <symbol id="sm-acc">
         <name>__TI_zero_init_nomemset</name>
         <value>0xad22</value>
         <object_component_ref idref="oc-47e"/>
      </symbol>
      <symbol id="sm-ad7">
         <name>__memcpy_far</name>
         <value>0xace2</value>
         <object_component_ref idref="oc-42b"/>
      </symbol>
      <symbol id="sm-ae3">
         <name>__mspabi_remi</name>
         <value>0xaf78</value>
         <object_component_ref idref="oc-862"/>
      </symbol>
      <symbol id="sm-ae4">
         <name>__mspabi_divi</name>
         <value>0xaf78</value>
         <object_component_ref idref="oc-862"/>
      </symbol>
      <symbol id="sm-aee">
         <name>__mspabi_remu</name>
         <value>0xb254</value>
         <object_component_ref idref="oc-72a"/>
      </symbol>
      <symbol id="sm-aef">
         <name>__mspabi_divu</name>
         <value>0xb254</value>
         <object_component_ref idref="oc-72a"/>
      </symbol>
      <symbol id="sm-afd">
         <name>__mspabi_remul</name>
         <value>0xaa06</value>
         <object_component_ref idref="oc-766"/>
      </symbol>
      <symbol id="sm-afe">
         <name>__mspabi_divul</name>
         <value>0xaa06</value>
         <object_component_ref idref="oc-766"/>
      </symbol>
      <symbol id="sm-b07">
         <name>__mspabi_mpyi_f5hw</name>
         <value>0xb176</value>
         <object_component_ref idref="oc-6da"/>
      </symbol>
      <symbol id="sm-b1b">
         <name>_c_int00_noargs_mpu</name>
         <value>0xb820</value>
         <object_component_ref idref="oc-4a8"/>
      </symbol>
      <symbol id="sm-b1c">
         <name>_stack</name>
         <value>0x2f60</value>
         <object_component_ref idref="oc-41c"/>
      </symbol>
      <symbol id="sm-b1d">
         <name>_reset_vector</name>
         <value>0xfffe</value>
         <object_component_ref idref="oc-41f"/>
      </symbol>
      <symbol id="sm-b2b">
         <name>__mpu_init</name>
         <value>0xad60</value>
         <object_component_ref idref="oc-52d"/>
      </symbol>
      <symbol id="sm-b4e">
         <name>__TI_auto_init_nobinit_nopinit_hold_wdt</name>
         <value>0xa74e</value>
         <object_component_ref idref="oc-613"/>
      </symbol>
      <symbol id="sm-b57">
         <name>_system_post_cinit</name>
         <value>0xb33e</value>
         <object_component_ref idref="oc-7b6"/>
      </symbol>
      <symbol id="sm-b60">
         <name>_system_pre_init</name>
         <value>0xb33a</value>
         <object_component_ref idref="oc-515"/>
      </symbol>
      <symbol id="sm-b6a">
         <name>abs</name>
         <value>0xb310</value>
         <object_component_ref idref="oc-880"/>
      </symbol>
      <symbol id="sm-b75">
         <name>C$$EXIT</name>
         <value>0xb328</value>
         <object_component_ref idref="oc-5ef"/>
      </symbol>
      <symbol id="sm-b76">
         <name>abort</name>
         <value>0xb328</value>
         <object_component_ref idref="oc-5ef"/>
      </symbol>
      <symbol id="sm-b86">
         <name>memcpy</name>
         <value>0xb2a6</value>
         <object_component_ref idref="oc-856"/>
      </symbol>
      <symbol id="sm-b93">
         <name>strcpy</name>
         <value>0xb2da</value>
         <object_component_ref idref="oc-599"/>
      </symbol>
   </symbol_table>
   <title>Link successful</title>
</link_info>
